Archive member included to satisfy reference by file (symbol)

/Applications/MCUXpressoIDE_11.0.1_2563/ide/plugins/com.nxp.mcuxpresso.tools.macosx_11.0.1.201907311258/tools/bin/../lib/gcc/arm-none-eabi/8.2.1/../../../../arm-none-eabi/lib/thumb/v6-m/nofp/libcr_semihost_nf.a(_cr__main.o)
                              ./startup/startup_mkl25z4.o (__main)
/Applications/MCUXpressoIDE_11.0.1_2563/ide/plugins/com.nxp.mcuxpresso.tools.macosx_11.0.1.201907311258/tools/bin/../lib/gcc/arm-none-eabi/8.2.1/../../../../arm-none-eabi/lib/thumb/v6-m/nofp/libcr_c.a(memcpy.o)
                              ./drivers/fsl_flash.o (memcpy)
/Applications/MCUXpressoIDE_11.0.1_2563/ide/plugins/com.nxp.mcuxpresso.tools.macosx_11.0.1.201907311258/tools/bin/../lib/gcc/arm-none-eabi/8.2.1/../../../../arm-none-eabi/lib/thumb/v6-m/nofp/libcr_c.a(memset.o)
                              ./drivers/fsl_dma.o (memset)
/Applications/MCUXpressoIDE_11.0.1_2563/ide/plugins/com.nxp.mcuxpresso.tools.macosx_11.0.1.201907311258/tools/bin/../lib/gcc/arm-none-eabi/8.2.1/../../../../arm-none-eabi/lib/thumb/v6-m/nofp/libcr_c.a(alloc.o)
                              ./source/circular_buffer.o (malloc)
/Applications/MCUXpressoIDE_11.0.1_2563/ide/plugins/com.nxp.mcuxpresso.tools.macosx_11.0.1.201907311258/tools/bin/../lib/gcc/arm-none-eabi/8.2.1/../../../../arm-none-eabi/lib/thumb/v6-m/nofp/libcr_c.a(fpprintf.o)
                              ./source/logger.o (sprintf)
/Applications/MCUXpressoIDE_11.0.1_2563/ide/plugins/com.nxp.mcuxpresso.tools.macosx_11.0.1.201907311258/tools/bin/../lib/gcc/arm-none-eabi/8.2.1/../../../../arm-none-eabi/lib/thumb/v6-m/nofp/libcr_c.a(initio.o)
                              /Applications/MCUXpressoIDE_11.0.1_2563/ide/plugins/com.nxp.mcuxpresso.tools.macosx_11.0.1.201907311258/tools/bin/../lib/gcc/arm-none-eabi/8.2.1/../../../../arm-none-eabi/lib/thumb/v6-m/nofp/libcr_semihost_nf.a(_cr__main.o) (_initio)
/Applications/MCUXpressoIDE_11.0.1_2563/ide/plugins/com.nxp.mcuxpresso.tools.macosx_11.0.1.201907311258/tools/bin/../lib/gcc/arm-none-eabi/8.2.1/../../../../arm-none-eabi/lib/thumb/v6-m/nofp/libcr_c.a(modf.o)
                              ./utilities/fsl_debug_console.o (modf)
/Applications/MCUXpressoIDE_11.0.1_2563/ide/plugins/com.nxp.mcuxpresso.tools.macosx_11.0.1.201907311258/tools/bin/../lib/gcc/arm-none-eabi/8.2.1/../../../../arm-none-eabi/lib/thumb/v6-m/nofp/libcr_c.a(pow.o)
                              ./utilities/fsl_debug_console.o (pow)
/Applications/MCUXpressoIDE_11.0.1_2563/ide/plugins/com.nxp.mcuxpresso.tools.macosx_11.0.1.201907311258/tools/bin/../lib/gcc/arm-none-eabi/8.2.1/../../../../arm-none-eabi/lib/thumb/v6-m/nofp/libcr_c.a(printf.o)
                              /Applications/MCUXpressoIDE_11.0.1_2563/ide/plugins/com.nxp.mcuxpresso.tools.macosx_11.0.1.201907311258/tools/bin/../lib/gcc/arm-none-eabi/8.2.1/../../../../arm-none-eabi/lib/thumb/v6-m/nofp/libcr_c.a(fpprintf.o) (__vfprintf)
/Applications/MCUXpressoIDE_11.0.1_2563/ide/plugins/com.nxp.mcuxpresso.tools.macosx_11.0.1.201907311258/tools/bin/../lib/gcc/arm-none-eabi/8.2.1/../../../../arm-none-eabi/lib/thumb/v6-m/nofp/libcr_c.a(setvbuf.o)
                              /Applications/MCUXpressoIDE_11.0.1_2563/ide/plugins/com.nxp.mcuxpresso.tools.macosx_11.0.1.201907311258/tools/bin/../lib/gcc/arm-none-eabi/8.2.1/../../../../arm-none-eabi/lib/thumb/v6-m/nofp/libcr_c.a(initio.o) (setvbuf)
/Applications/MCUXpressoIDE_11.0.1_2563/ide/plugins/com.nxp.mcuxpresso.tools.macosx_11.0.1.201907311258/tools/bin/../lib/gcc/arm-none-eabi/8.2.1/../../../../arm-none-eabi/lib/thumb/v6-m/nofp/libcr_c.a(stdlib.o)
                              ./source/setup_teardown.o (exit)
/Applications/MCUXpressoIDE_11.0.1_2563/ide/plugins/com.nxp.mcuxpresso.tools.macosx_11.0.1.201907311258/tools/bin/../lib/gcc/arm-none-eabi/8.2.1/../../../../arm-none-eabi/lib/thumb/v6-m/nofp/libcr_c.a(strlen.o)
                              ./utilities/fsl_debug_console.o (strlen)
/Applications/MCUXpressoIDE_11.0.1_2563/ide/plugins/com.nxp.mcuxpresso.tools.macosx_11.0.1.201907311258/tools/bin/../lib/gcc/arm-none-eabi/8.2.1/../../../../arm-none-eabi/lib/thumb/v6-m/nofp/libcr_c.a(__init_alloc.o)
                              /Applications/MCUXpressoIDE_11.0.1_2563/ide/plugins/com.nxp.mcuxpresso.tools.macosx_11.0.1.201907311258/tools/bin/../lib/gcc/arm-none-eabi/8.2.1/../../../../arm-none-eabi/lib/thumb/v6-m/nofp/libcr_c.a(alloc.o) (__heaps)
/Applications/MCUXpressoIDE_11.0.1_2563/ide/plugins/com.nxp.mcuxpresso.tools.macosx_11.0.1.201907311258/tools/bin/../lib/gcc/arm-none-eabi/8.2.1/../../../../arm-none-eabi/lib/thumb/v6-m/nofp/libcr_c.a(_cr_sbrk.o)
                              /Applications/MCUXpressoIDE_11.0.1_2563/ide/plugins/com.nxp.mcuxpresso.tools.macosx_11.0.1.201907311258/tools/bin/../lib/gcc/arm-none-eabi/8.2.1/../../../../arm-none-eabi/lib/thumb/v6-m/nofp/libcr_c.a(alloc.o) (_sbrk)
[...]
Memory Configuration

Name             Origin             Length             Attributes
PROGRAM_FLASH    0x0000000000000000 0x0000000000020000 xr
SRAM             0x000000001ffff000 0x0000000000004000 xrw
*default*        0x0000000000000000 0xffffffffffffffff

Linker script and memory map

LOAD ./utilities/fsl_debug_console.o
LOAD ./startup/startup_mkl25z4.o
LOAD ./source/circular_buffer.o
LOAD ./source/delay.o
LOAD ./source/handle_led.o
LOAD ./source/logger.o
LOAD ./source/main.o
LOAD ./source/mtb.o
LOAD ./source/post.o
LOAD ./source/semihost_hardfault.o
LOAD ./source/setup_teardown.o
LOAD ./source/time.o
LOAD ./source/uart.o
LOAD ./drivers/fsl_clock.o
LOAD ./drivers/fsl_common.o
LOAD ./drivers/fsl_dma.o
LOAD ./drivers/fsl_dmamux.o
LOAD ./drivers/fsl_flash.o
LOAD ./drivers/fsl_gpio.o
LOAD ./drivers/fsl_i2c.o
LOAD ./drivers/fsl_i2c_dma.o
LOAD ./drivers/fsl_lpsci.o
LOAD ./drivers/fsl_lpsci_dma.o
LOAD ./drivers/fsl_smc.o
LOAD ./drivers/fsl_uart.o
LOAD ./drivers/fsl_uart_dma.o
LOAD ./board/board.o
LOAD ./board/clock_config.o
LOAD ./board/peripherals.o
LOAD ./board/pin_mux.o
LOAD ./CMSIS_driver/fsl_i2c_cmsis.o
LOAD ./CMSIS/system_MKL25Z4.o
START GROUP
LOAD /Applications/MCUXpressoIDE_11.0.1_2563/ide/plugins/com.nxp.mcuxpresso.tools.macosx_11.0.1.201907311258/tools/bin/../lib/gcc/arm-none-eabi/8.2.1/../../../../arm-none-eabi/lib/thumb/v6-m/nofp/libcr_semihost_nf.a
LOAD /Applications/MCUXpressoIDE_11.0.1_2563/ide/plugins/com.nxp.mcuxpresso.tools.macosx_11.0.1.201907311258/tools/bin/../lib/gcc/arm-none-eabi/8.2.1/../../../../arm-none-eabi/lib/thumb/v6-m/nofp/libcr_c.a
LOAD /Applications/MCUXpressoIDE_11.0.1_2563/ide/plugins/com.nxp.mcuxpresso.tools.macosx_11.0.1.201907311258/tools/bin/../lib/gcc/arm-none-eabi/8.2.1/thumb/v6-m/nofp/libcr_eabihelpers.a
LOAD /Applications/MCUXpressoIDE_11.0.1_2563/ide/plugins/com.nxp.mcuxpresso.tools.macosx_11.0.1.201907311258/tools/bin/../lib/gcc/arm-none-eabi/8.2.1/thumb/v6-m/nofp/libgcc.a
END GROUP
                0x0000000000000000                __base_PROGRAM_FLASH = 0x0
                0x0000000000000000                __base_Flash = 0x0
                0x0000000000020000                __top_PROGRAM_FLASH = 0x20000
                0x0000000000020000                __top_Flash = 0x20000
                0x000000001ffff000                __base_SRAM = 0x1ffff000
                0x000000001ffff000                __base_RAM = 0x1ffff000
                0x0000000020003000                __top_SRAM = 0x20003000
                0x0000000020003000                __top_RAM = 0x20003000

.text           0x0000000000000000     0x6494
 FILL mask 0xff
                0x0000000000000000                __vectors_start__ = ABSOLUTE (.)
 *(SORT_BY_ALIGNMENT(.isr_vector))
 .isr_vector    0x0000000000000000       0xc0 ./startup/startup_mkl25z4.o
                0x0000000000000000                __Vectors
                0x0000000000000000                g_pfnVectors
                0x00000000000000c0                . = ALIGN (0x4)
                0x00000000000000c0                __section_table_start = .
                0x00000000000000c0                __data_section_table = .
                0x00000000000000c0        0x4 LONG 0x6494 LOADADDR (.data)
                0x00000000000000c4        0x4 LONG 0x1ffff080 ADDR (.data)
                0x00000000000000c8        0x4 LONG 0x34 SIZEOF (.data)
                0x00000000000000cc                __data_section_table_end = .
                0x00000000000000cc                __bss_section_table = .
                0x00000000000000cc        0x4 LONG 0x1ffff0b8 ADDR (.bss)
                0x00000000000000d0        0x4 LONG 0x1db4 SIZEOF (.bss)
                0x00000000000000d4                __bss_section_table_end = .
                0x00000000000000d4                __section_table_end = .
 *(SORT_BY_ALIGNMENT(.after_vectors*))
 .after_vectors.reset
                0x00000000000000d4       0x4c ./startup/startup_mkl25z4.o
                0x00000000000000d4                ResetISR
 .after_vectors.init_data
                0x0000000000000120       0x12 ./startup/startup_mkl25z4.o
                0x0000000000000120                data_init
 .after_vectors.init_bss
                0x0000000000000132       0x10 ./startup/startup_mkl25z4.o
                0x0000000000000132                bss_init
 .after_vectors
                0x0000000000000142      0x10c ./startup/startup_mkl25z4.o
                0x0000000000000142                NMI_Handler
                0x0000000000000146                SVC_Handler
                0x0000000000000148                PendSV_Handler
                0x000000000000014c                LPTMR0_DriverIRQHandler
                0x000000000000014c                PIT_DriverIRQHandler
                0x000000000000014c                Reserved39_DriverIRQHandler
                0x000000000000014c                SPI1_DriverIRQHandler
                0x000000000000014c                TPM2_DriverIRQHandler
                0x000000000000014c                TSI0_DriverIRQHandler
                0x000000000000014c                RTC_Seconds_DriverIRQHandler
                0x000000000000014c                LLWU_DriverIRQHandler
                0x000000000000014c                MCG_DriverIRQHandler
                0x000000000000014c                FTFA_DriverIRQHandler
                0x000000000000014c                IntDefaultHandler
                0x000000000000014c                USB0_DriverIRQHandler
                0x000000000000014c                DAC0_DriverIRQHandler
                0x000000000000014c                LVD_LVW_DriverIRQHandler
                0x000000000000014c                TPM0_DriverIRQHandler
                0x000000000000014c                Reserved20_DriverIRQHandler
                0x000000000000014c                Reserved45_DriverIRQHandler
                0x000000000000014c                PORTA_DriverIRQHandler
                0x000000000000014c                TPM1_DriverIRQHandler
                0x000000000000014c                RTC_DriverIRQHandler
                0x000000000000014c                SPI0_DriverIRQHandler
                0x000000000000014c                ADC0_DriverIRQHandler
                0x000000000000014c                CMP0_DriverIRQHandler
                0x000000000000014c                PORTD_DriverIRQHandler
                0x000000000000014e                DMA0_IRQHandler
                0x0000000000000156                DMA1_IRQHandler
                0x000000000000015e                DMA2_IRQHandler
                0x0000000000000166                DMA3_IRQHandler
                0x000000000000016e                Reserved20_IRQHandler
                0x0000000000000176                FTFA_IRQHandler
                0x000000000000017e                LVD_LVW_IRQHandler
                0x0000000000000186                LLWU_IRQHandler
                0x000000000000018e                I2C0_IRQHandler
                0x0000000000000196                I2C1_IRQHandler
                0x000000000000019e                SPI0_IRQHandler
                0x00000000000001a6                SPI1_IRQHandler
                0x00000000000001b6                UART1_IRQHandler
                0x00000000000001be                UART2_IRQHandler
                0x00000000000001c6                ADC0_IRQHandler
                0x00000000000001ce                CMP0_IRQHandler
                0x00000000000001d6                TPM0_IRQHandler
                0x00000000000001de                TPM1_IRQHandler
                0x00000000000001e6                TPM2_IRQHandler
                0x00000000000001ee                RTC_IRQHandler
                0x00000000000001f6                RTC_Seconds_IRQHandler
                0x00000000000001fe                PIT_IRQHandler
                0x0000000000000206                Reserved39_IRQHandler
                0x000000000000020e                USB0_IRQHandler
                0x0000000000000216                DAC0_IRQHandler
                0x000000000000021e                TSI0_IRQHandler
                0x0000000000000226                MCG_IRQHandler
                0x000000000000022e                LPTMR0_IRQHandler
                0x0000000000000236                Reserved45_IRQHandler
                0x000000000000023e                PORTA_IRQHandler
                0x0000000000000246                PORTD_IRQHandler
                0x0000000000000400                . = 0x400
 *fill*         0x000000000000024e      0x1b2 ff
                0x0000000000000400                PROVIDE (__FLASH_CONFIG_START__ = .)
 *(SORT_BY_ALIGNMENT(.FlashConfig))
 .FlashConfig   0x0000000000000400       0x10 ./startup/startup_mkl25z4.o
                0x0000000000000400                Flash_Config
                0x0000000000000410                PROVIDE (__FLASH_CONFIG_END__ = .)
                0x0000000000000001                ASSERT (! ((__FLASH_CONFIG_START__ == __FLASH_CONFIG_END__)), Linker Flash Config Support Enabled, but no .FlashConfig section provided within application)
 *(SORT_BY_ALIGNMENT(.text*))
 .text.DbgConsole_Printf
                0x0000000000000410       0x44 ./utilities/fsl_debug_console.o
                0x0000000000000410                DbgConsole_Printf
 .text.DbgConsole_Putchar
                0x0000000000000454       0x34 ./utilities/fsl_debug_console.o
                0x0000000000000454                DbgConsole_Putchar
 .text.DbgConsole_ConvertFloatRadixNumToString
                0x0000000000000488      0x2a4 ./utilities/fsl_debug_console.o
 .text.bufferIsOwned
                0x000000000000072c       0x40 ./source/circular_buffer.o
                0x000000000000072c                bufferIsOwned
 .text.circular_buf_init
                0x000000000000076c       0xe8 ./source/circular_buffer.o
                0x000000000000076c                circular_buf_init
 .text.circular_buf_free
                0x0000000000000854       0x68 ./source/circular_buffer.o
                0x0000000000000854                circular_buf_free
 .text.circular_buf_empty
                0x00000000000008bc       0x50 ./source/circular_buffer.o
                0x00000000000008bc                circular_buf_empty
 .text.circular_buf_full
                0x000000000000090c       0x2c ./source/circular_buffer.o
                0x000000000000090c                circular_buf_full
 .text.circular_buf_size
                0x0000000000000938       0x6c ./source/circular_buffer.o
                0x0000000000000938                circular_buf_size
 .text.leds_init
                0x00000000000009a4       0xa0 ./source/handle_led.o
                0x00000000000009a4                leds_init
 .text.set_led  0x0000000000000a44       0xc0 ./source/handle_led.o
                0x0000000000000a44                set_led
 .text.PRINT_TIME_STAMP
                0x0000000000000b04      0x134 ./source/logger.o
 .text.PRINT_LOG_PREFIX
                0x0000000000000c38       0x8c ./source/logger.o
 .text.log_enable
                0x0000000000000cc4       0x2c ./source/logger.o
                0x0000000000000cc4                log_enable
 .text.log_string
                0x0000000000000cf0       0xa0 ./source/logger.o
                0x0000000000000cf0                log_string
 .text.main     0x0000000000000d90       0x34 ./source/main.o
                0x0000000000000d90                main
 .text.power_on_self_test
                0x0000000000000dc4       0x90 ./source/post.o
                0x0000000000000dc4                power_on_self_test
 .text.HardFault_Handler
                0x0000000000000e54       0x30 ./source/semihost_hardfault.o
                0x0000000000000e54                HardFault_Handler
 .text.initialize
                0x0000000000000e84       0x74 ./source/setup_teardown.o
                0x0000000000000e84                initialize
 .text.NVIC_EnableIRQ
                0x0000000000000ef8       0x2c ./source/time.o
 .text.NVIC_ClearPendingIRQ
                0x0000000000000f24       0x30 ./source/time.o
 .text.NVIC_SetPriority
                0x0000000000000f54       0xdc ./source/time.o
 .text.time_init
                0x0000000000001030       0x44 ./source/time.o
                0x0000000000001030                time_init
 .text.SysTick_Handler
                0x0000000000001074       0x24 ./source/time.o
                0x0000000000001074                SysTick_Handler
 .text.time_passed
                0x0000000000001098       0x68 ./source/time.o
                0x0000000000001098                time_passed
 .text.time_now
                0x0000000000001100       0x18 ./source/time.o
                0x0000000000001100                time_now
 .text.NVIC_EnableIRQ
                0x0000000000001118       0x2c ./source/uart.o
 .text.NVIC_DisableIRQ
                0x0000000000001144       0x30 ./source/uart.o
 .text.NVIC_ClearPendingIRQ
                0x0000000000001174       0x30 ./source/uart.o
 .text.NVIC_SetPriority
                0x00000000000011a4       0xdc ./source/uart.o
 .text.uart_init
                0x0000000000001280      0x1e0 ./source/uart.o
                0x0000000000001280                uart_init
 .text.uart_putchar
                0x0000000000001460       0x38 ./source/uart.o
                0x0000000000001460                uart_putchar
 .text.uart_echo
                0x0000000000001498       0x54 ./source/uart.o
                0x0000000000001498                uart_echo
 .text.UART0_IRQHandler
                0x00000000000014ec      0x104 ./source/uart.o
                0x00000000000014ec                UART0_IRQHandler
 .text.CLOCK_SetEr32kClock
                0x00000000000015f0       0x34 ./drivers/fsl_clock.o
 .text.CLOCK_SetPllFllSelClock
                0x0000000000001624       0x38 ./drivers/fsl_clock.o
 .text.CLOCK_GetOscRangeFromFreq
                0x000000000000165c       0x4c ./drivers/fsl_clock.o
 .text.CLOCK_SetSimConfig
                0x00000000000016a8       0x38 ./drivers/fsl_clock.o
                0x00000000000016a8                CLOCK_SetSimConfig
 .text.CLOCK_SetInternalRefClkConfig
                0x00000000000016e0      0x124 ./drivers/fsl_clock.o
                0x00000000000016e0                CLOCK_SetInternalRefClkConfig
 .text.CLOCK_EnablePll0
                0x0000000000001804       0x90 ./drivers/fsl_clock.o
                0x0000000000001804                CLOCK_EnablePll0
 .text.CLOCK_InitOsc0
                0x0000000000001894       0x94 ./drivers/fsl_clock.o
                0x0000000000001894                CLOCK_InitOsc0
 .text.CLOCK_SetPbeMode
                0x0000000000001928       0xb0 ./drivers/fsl_clock.o
                0x0000000000001928                CLOCK_SetPbeMode
 .text.CLOCK_BootToPeeMode
                0x00000000000019d8       0x70 ./drivers/fsl_clock.o
                0x00000000000019d8                CLOCK_BootToPeeMode
 .text.__assertion_failed
                0x0000000000001a48       0x1c ./drivers/fsl_common.o
                0x0000000000001a48                __assertion_failed
 .text.DMA_ClearChannelStatusFlags
                0x0000000000001a64       0x54 ./drivers/fsl_dma.o
 .text.DMA_HandleIRQ
                0x0000000000001ab8       0x4c ./drivers/fsl_dma.o
                0x0000000000001ab8                DMA_HandleIRQ
 .text.DMA0_DriverIRQHandler
                0x0000000000001b04       0x18 ./drivers/fsl_dma.o
                0x0000000000001b04                DMA0_DriverIRQHandler
 .text.DMA1_DriverIRQHandler
                0x0000000000001b1c       0x18 ./drivers/fsl_dma.o
                0x0000000000001b1c                DMA1_DriverIRQHandler
 .text.DMA2_DriverIRQHandler
                0x0000000000001b34       0x18 ./drivers/fsl_dma.o
                0x0000000000001b34                DMA2_DriverIRQHandler
 .text.DMA3_DriverIRQHandler
                0x0000000000001b4c       0x18 ./drivers/fsl_dma.o
                0x0000000000001b4c                DMA3_DriverIRQHandler
 .text.I2C_TransferCommonIRQHandler
                0x0000000000001b64       0x54 ./drivers/fsl_i2c.o
 .text.I2C0_DriverIRQHandler
                0x0000000000001bb8       0x20 ./drivers/fsl_i2c.o
                0x0000000000001bb8                I2C0_DriverIRQHandler
 .text.I2C1_DriverIRQHandler
                0x0000000000001bd8       0x20 ./drivers/fsl_i2c.o
                0x0000000000001bd8                I2C1_DriverIRQHandler
 .text.UART0_DriverIRQHandler
                0x0000000000001bf8       0x24 ./drivers/fsl_lpsci.o
                0x0000000000001bf8                UART0_DriverIRQHandler
 .text.UART1_DriverIRQHandler
                0x0000000000001c1c       0x24 ./drivers/fsl_uart.o
                0x0000000000001c1c                UART1_DriverIRQHandler
 .text.UART2_DriverIRQHandler
                0x0000000000001c40       0x24 ./drivers/fsl_uart.o
                0x0000000000001c40                UART2_DriverIRQHandler
 .text.CLOCK_SetSimSafeDivs
                0x0000000000001c64       0x20 ./board/clock_config.o
 .text.CLOCK_SetXtal0Freq
                0x0000000000001c84       0x1c ./board/clock_config.o
 .text.CLOCK_CONFIG_SetFllExtRefDiv
                0x0000000000001ca0       0x3c ./board/clock_config.o
 .text.BOARD_BootClockRUN
                0x0000000000001cdc       0x64 ./board/clock_config.o
                0x0000000000001cdc                BOARD_BootClockRUN
 .text.SystemInit
                0x0000000000001d40       0x18 ./CMSIS/system_MKL25Z4.o
                0x0000000000001d40                SystemInit
 .text.malloc   0x0000000000001d58       0xcc /Applications/MCUXpressoIDE_11.0.1_2563/ide/plugins/com.nxp.mcuxpresso.tools.macosx_11.0.1.201907311258/tools/bin/../lib/gcc/arm-none-eabi/8.2.1/../../../../arm-none-eabi/lib/thumb/v6-m/nofp/libcr_c.a(alloc.o)
                0x0000000000001d58                malloc
 .text._Csys_alloc
                0x0000000000001e24       0x20 /Applications/MCUXpressoIDE_11.0.1_2563/ide/plugins/com.nxp.mcuxpresso.tools.macosx_11.0.1.201907311258/tools/bin/../lib/gcc/arm-none-eabi/8.2.1/../../../../arm-none-eabi/lib/thumb/v6-m/nofp/libcr_c.a(alloc.o)
                0x0000000000001e24                _Csys_alloc
 .text.sprintf  0x0000000000001e44       0x6c /Applications/MCUXpressoIDE_11.0.1_2563/ide/plugins/com.nxp.mcuxpresso.tools.macosx_11.0.1.201907311258/tools/bin/../lib/gcc/arm-none-eabi/8.2.1/../../../../arm-none-eabi/lib/thumb/v6-m/nofp/libcr_c.a(fpprintf.o)
                0x0000000000001e44                sprintf
 .text.fp_display
                0x0000000000001eb0      0x964 /Applications/MCUXpressoIDE_11.0.1_2563/ide/plugins/com.nxp.mcuxpresso.tools.macosx_11.0.1.201907311258/tools/bin/../lib/gcc/arm-none-eabi/8.2.1/../../../../arm-none-eabi/lib/thumb/v6-m/nofp/libcr_c.a(fpprintf.o)
 .text.vsprintf
                0x0000000000002814       0x60 /Applications/MCUXpressoIDE_11.0.1_2563/ide/plugins/com.nxp.mcuxpresso.tools.macosx_11.0.1.201907311258/tools/bin/../lib/gcc/arm-none-eabi/8.2.1/../../../../arm-none-eabi/lib/thumb/v6-m/nofp/libcr_c.a(fpprintf.o)
                0x0000000000002814                vsprintf
 .text._initio  0x0000000000002874       0x7c /Applications/MCUXpressoIDE_11.0.1_2563/ide/plugins/com.nxp.mcuxpresso.tools.macosx_11.0.1.201907311258/tools/bin/../lib/gcc/arm-none-eabi/8.2.1/../../../../arm-none-eabi/lib/thumb/v6-m/nofp/libcr_c.a(initio.o)
                0x0000000000002874                _initio
 .text._terminateio
                0x00000000000028f0       0x50 /Applications/MCUXpressoIDE_11.0.1_2563/ide/plugins/com.nxp.mcuxpresso.tools.macosx_11.0.1.201907311258/tools/bin/../lib/gcc/arm-none-eabi/8.2.1/../../../../arm-none-eabi/lib/thumb/v6-m/nofp/libcr_c.a(initio.o)
                0x00000000000028f0                _terminateio
 .text.modf     0x0000000000002940       0x94 /Applications/MCUXpressoIDE_11.0.1_2563/ide/plugins/com.nxp.mcuxpresso.tools.macosx_11.0.1.201907311258/tools/bin/../lib/gcc/arm-none-eabi/8.2.1/../../../../arm-none-eabi/lib/thumb/v6-m/nofp/libcr_c.a(modf.o)
                0x0000000000002940                modf
 .text.pow      0x00000000000029d4      0x548 /Applications/MCUXpressoIDE_11.0.1_2563/ide/plugins/com.nxp.mcuxpresso.tools.macosx_11.0.1.201907311258/tools/bin/../lib/gcc/arm-none-eabi/8.2.1/../../../../arm-none-eabi/lib/thumb/v6-m/nofp/libcr_c.a(pow.o)
                0x00000000000029d4                pow
 .text.__vfprintf
                0x0000000000002f1c      0xcd8 /Applications/MCUXpressoIDE_11.0.1_2563/ide/plugins/com.nxp.mcuxpresso.tools.macosx_11.0.1.201907311258/tools/bin/../lib/gcc/arm-none-eabi/8.2.1/../../../../arm-none-eabi/lib/thumb/v6-m/nofp/libcr_c.a(printf.o)
                0x0000000000002f1c                __vfprintf
 .text.setvbuf  0x0000000000003bf4       0x4c /Applications/MCUXpressoIDE_11.0.1_2563/ide/plugins/com.nxp.mcuxpresso.tools.macosx_11.0.1.201907311258/tools/bin/../lib/gcc/arm-none-eabi/8.2.1/../../../../arm-none-eabi/lib/thumb/v6-m/nofp/libcr_c.a(setvbuf.o)
                0x0000000000003bf4                setvbuf
 .text.exit     0x0000000000003c40       0x2c /Applications/MCUXpressoIDE_11.0.1_2563/ide/plugins/com.nxp.mcuxpresso.tools.macosx_11.0.1.201907311258/tools/bin/../lib/gcc/arm-none-eabi/8.2.1/../../../../arm-none-eabi/lib/thumb/v6-m/nofp/libcr_c.a(stdlib.o)
                0x0000000000003c40                exit
 .text.strlen   0x0000000000003c6c       0x58 /Applications/MCUXpressoIDE_11.0.1_2563/ide/plugins/com.nxp.mcuxpresso.tools.macosx_11.0.1.201907311258/tools/bin/../lib/gcc/arm-none-eabi/8.2.1/../../../../arm-none-eabi/lib/thumb/v6-m/nofp/libcr_c.a(strlen.o)
                0x0000000000003c6c                strlen
 .text._sbrk    0x0000000000003cc4       0x40 /Applications/MCUXpressoIDE_11.0.1_2563/ide/plugins/com.nxp.mcuxpresso.tools.macosx_11.0.1.201907311258/tools/bin/../lib/gcc/arm-none-eabi/8.2.1/../../../../arm-none-eabi/lib/thumb/v6-m/nofp/libcr_c.a(_cr_sbrk.o)
                0x0000000000003cc4                _sbrk
 .text._deferredlazyseek
                0x0000000000003d04       0x40 /Applications/MCUXpressoIDE_11.0.1_2563/ide/plugins/com.nxp.mcuxpresso.tools.macosx_11.0.1.201907311258/tools/bin/../lib/gcc/arm-none-eabi/8.2.1/../../../../arm-none-eabi/lib/thumb/v6-m/nofp/libcr_c.a(_deferredlazyseek.o)
                0x0000000000003d04                _deferredlazyseek
 .text.__flsbuf
                0x0000000000003d44      0x14c /Applications/MCUXpressoIDE_11.0.1_2563/ide/plugins/com.nxp.mcuxpresso.tools.macosx_11.0.1.201907311258/tools/bin/../lib/gcc/arm-none-eabi/8.2.1/../../../../arm-none-eabi/lib/thumb/v6-m/nofp/libcr_c.a(_deferredlazyseek.o)
                0x0000000000003d44                __flsbuf
 .text._fdopen  0x0000000000003e90       0x74 /Applications/MCUXpressoIDE_11.0.1_2563/ide/plugins/com.nxp.mcuxpresso.tools.macosx_11.0.1.201907311258/tools/bin/../lib/gcc/arm-none-eabi/8.2.1/../../../../arm-none-eabi/lib/thumb/v6-m/nofp/libcr_c.a(_fdopen.o)
                0x0000000000003e90                _fdopen
 .text._fflush  0x0000000000003f04       0x5c /Applications/MCUXpressoIDE_11.0.1_2563/ide/plugins/com.nxp.mcuxpresso.tools.macosx_11.0.1.201907311258/tools/bin/../lib/gcc/arm-none-eabi/8.2.1/../../../../arm-none-eabi/lib/thumb/v6-m/nofp/libcr_c.a(_fflush.o)
                0x0000000000003f04                _fflush
 .text._frexpl  0x0000000000003f60       0x80 /Applications/MCUXpressoIDE_11.0.1_2563/ide/plugins/com.nxp.mcuxpresso.tools.macosx_11.0.1.201907311258/tools/bin/../lib/gcc/arm-none-eabi/8.2.1/../../../../arm-none-eabi/lib/thumb/v6-m/nofp/libcr_c.a(_frexpl.o)
                0x0000000000003f60                _frexpl
 .text._ldexpl  0x0000000000003fe0       0x58 /Applications/MCUXpressoIDE_11.0.1_2563/ide/plugins/com.nxp.mcuxpresso.tools.macosx_11.0.1.201907311258/tools/bin/../lib/gcc/arm-none-eabi/8.2.1/../../../../arm-none-eabi/lib/thumb/v6-m/nofp/libcr_c.a(_ldexpl.o)
                0x0000000000003fe0                _ldexpl
 .text._Cwritebuf
                0x0000000000004038       0x68 /Applications/MCUXpressoIDE_11.0.1_2563/ide/plugins/com.nxp.mcuxpresso.tools.macosx_11.0.1.201907311258/tools/bin/../lib/gcc/arm-none-eabi/8.2.1/../../../../arm-none-eabi/lib/thumb/v6-m/nofp/libcr_c.a(_writebuf.o)
                0x0000000000004038                _Cwritebuf
 .text.fclose   0x00000000000040a0       0x5c /Applications/MCUXpressoIDE_11.0.1_2563/ide/plugins/com.nxp.mcuxpresso.tools.macosx_11.0.1.201907311258/tools/bin/../lib/gcc/arm-none-eabi/8.2.1/../../../../arm-none-eabi/lib/thumb/v6-m/nofp/libcr_c.a(fclose.o)
                0x00000000000040a0                fclose
 .text.fflush   0x00000000000040fc       0x44 /Applications/MCUXpressoIDE_11.0.1_2563/ide/plugins/com.nxp.mcuxpresso.tools.macosx_11.0.1.201907311258/tools/bin/../lib/gcc/arm-none-eabi/8.2.1/../../../../arm-none-eabi/lib/thumb/v6-m/nofp/libcr_c.a(fflush.o)
                0x00000000000040fc                fflush
 .text.frexp    0x0000000000004140       0x80 /Applications/MCUXpressoIDE_11.0.1_2563/ide/plugins/com.nxp.mcuxpresso.tools.macosx_11.0.1.201907311258/tools/bin/../lib/gcc/arm-none-eabi/8.2.1/../../../../arm-none-eabi/lib/thumb/v6-m/nofp/libcr_c.a(frexp.o)
                0x0000000000004140                frexp
 .text.fseek    0x00000000000041c0       0xf0 /Applications/MCUXpressoIDE_11.0.1_2563/ide/plugins/com.nxp.mcuxpresso.tools.macosx_11.0.1.201907311258/tools/bin/../lib/gcc/arm-none-eabi/8.2.1/../../../../arm-none-eabi/lib/thumb/v6-m/nofp/libcr_c.a(fseek.o)
                0x00000000000041c0                fseek
 .text.ftell    0x00000000000042b0       0x48 /Applications/MCUXpressoIDE_11.0.1_2563/ide/plugins/com.nxp.mcuxpresso.tools.macosx_11.0.1.201907311258/tools/bin/../lib/gcc/arm-none-eabi/8.2.1/../../../../arm-none-eabi/lib/thumb/v6-m/nofp/libcr_c.a(ftell.o)
                0x00000000000042b0                ftell
 .text.ldexp    0x00000000000042f8       0x58 /Applications/MCUXpressoIDE_11.0.1_2563/ide/plugins/com.nxp.mcuxpresso.tools.macosx_11.0.1.201907311258/tools/bin/../lib/gcc/arm-none-eabi/8.2.1/../../../../arm-none-eabi/lib/thumb/v6-m/nofp/libcr_c.a(ldexp.o)
                0x00000000000042f8                ldexp
 .text.__check_heap_overflow
                0x0000000000004350       0x14 /Applications/MCUXpressoIDE_11.0.1_2563/ide/plugins/com.nxp.mcuxpresso.tools.macosx_11.0.1.201907311258/tools/bin/../lib/gcc/arm-none-eabi/8.2.1/../../../../arm-none-eabi/lib/thumb/v6-m/nofp/libcr_c.a(_cr_check_heap.o)
                0x0000000000004350                __check_heap_overflow
 .text._do_fflush
                0x0000000000004364       0x44 /Applications/MCUXpressoIDE_11.0.1_2563/ide/plugins/com.nxp.mcuxpresso.tools.macosx_11.0.1.201907311258/tools/bin/../lib/gcc/arm-none-eabi/8.2.1/../../../../arm-none-eabi/lib/thumb/v6-m/nofp/libcr_c.a(_do_fflush.o)
                0x0000000000004364                _do_fflush
 .text.__aeabi_dmul
                0x00000000000043a8      0x188 /Applications/MCUXpressoIDE_11.0.1_2563/ide/plugins/com.nxp.mcuxpresso.tools.macosx_11.0.1.201907311258/tools/bin/../lib/gcc/arm-none-eabi/8.2.1/thumb/v6-m/nofp/libcr_eabihelpers.a(double.o)
                0x00000000000043a8                __aeabi_dmul
 .text.__aeabi_ddiv
                0x0000000000004530      0x148 /Applications/MCUXpressoIDE_11.0.1_2563/ide/plugins/com.nxp.mcuxpresso.tools.macosx_11.0.1.201907311258/tools/bin/../lib/gcc/arm-none-eabi/8.2.1/thumb/v6-m/nofp/libcr_eabihelpers.a(double.o)
                0x0000000000004530                __aeabi_ddiv
 .text.__aeabi_dsub
                0x0000000000004678      0x1c4 /Applications/MCUXpressoIDE_11.0.1_2563/ide/plugins/com.nxp.mcuxpresso.tools.macosx_11.0.1.201907311258/tools/bin/../lib/gcc/arm-none-eabi/8.2.1/thumb/v6-m/nofp/libcr_eabihelpers.a(double.o)
                0x0000000000004678                __aeabi_dsub
 .text.__aeabi_dadd
                0x000000000000483c      0x12c /Applications/MCUXpressoIDE_11.0.1_2563/ide/plugins/com.nxp.mcuxpresso.tools.macosx_11.0.1.201907311258/tools/bin/../lib/gcc/arm-none-eabi/8.2.1/thumb/v6-m/nofp/libcr_eabihelpers.a(double.o)
                0x000000000000483c                __aeabi_dadd
 .text.__aeabi_d2iz
                0x0000000000004968       0x4c /Applications/MCUXpressoIDE_11.0.1_2563/ide/plugins/com.nxp.mcuxpresso.tools.macosx_11.0.1.201907311258/tools/bin/../lib/gcc/arm-none-eabi/8.2.1/thumb/v6-m/nofp/libcr_eabihelpers.a(double.o)
                0x0000000000004968                __aeabi_d2iz
 .text.__aeabi_d2uiz
                0x00000000000049b4       0x34 /Applications/MCUXpressoIDE_11.0.1_2563/ide/plugins/com.nxp.mcuxpresso.tools.macosx_11.0.1.201907311258/tools/bin/../lib/gcc/arm-none-eabi/8.2.1/thumb/v6-m/nofp/libcr_eabihelpers.a(double.o)
                0x00000000000049b4                __aeabi_d2uiz
 .text.__aeabi_d2lz
                0x00000000000049e8       0x80 /Applications/MCUXpressoIDE_11.0.1_2563/ide/plugins/com.nxp.mcuxpresso.tools.macosx_11.0.1.201907311258/tools/bin/../lib/gcc/arm-none-eabi/8.2.1/thumb/v6-m/nofp/libcr_eabihelpers.a(double.o)
                0x00000000000049e8                __aeabi_d2lz
 .text.__bhs_ul2d
                0x0000000000004a68       0xb4 /Applications/MCUXpressoIDE_11.0.1_2563/ide/plugins/com.nxp.mcuxpresso.tools.macosx_11.0.1.201907311258/tools/bin/../lib/gcc/arm-none-eabi/8.2.1/thumb/v6-m/nofp/libcr_eabihelpers.a(double.o)
                0x0000000000004a68                __bhs_ul2d
 .text.__aeabi_dcmpeq
                0x0000000000004b1c       0x30 /Applications/MCUXpressoIDE_11.0.1_2563/ide/plugins/com.nxp.mcuxpresso.tools.macosx_11.0.1.201907311258/tools/bin/../lib/gcc/arm-none-eabi/8.2.1/thumb/v6-m/nofp/libcr_eabihelpers.a(double.o)
                0x0000000000004b1c                __aeabi_dcmpeq
 .text.__aeabi_dcmplt
                0x0000000000004b4c       0x60 /Applications/MCUXpressoIDE_11.0.1_2563/ide/plugins/com.nxp.mcuxpresso.tools.macosx_11.0.1.201907311258/tools/bin/../lib/gcc/arm-none-eabi/8.2.1/thumb/v6-m/nofp/libcr_eabihelpers.a(double.o)
                0x0000000000004b4c                __aeabi_dcmplt
 .text.__aeabi_dcmpgt
                0x0000000000004bac       0x58 /Applications/MCUXpressoIDE_11.0.1_2563/ide/plugins/com.nxp.mcuxpresso.tools.macosx_11.0.1.201907311258/tools/bin/../lib/gcc/arm-none-eabi/8.2.1/thumb/v6-m/nofp/libcr_eabihelpers.a(double.o)
                0x0000000000004bac                __aeabi_dcmpgt
 .text.__aeabi_dcmple
                0x0000000000004c04       0x58 /Applications/MCUXpressoIDE_11.0.1_2563/ide/plugins/com.nxp.mcuxpresso.tools.macosx_11.0.1.201907311258/tools/bin/../lib/gcc/arm-none-eabi/8.2.1/thumb/v6-m/nofp/libcr_eabihelpers.a(double.o)
                0x0000000000004c04                __aeabi_dcmple
 .text.__aeabi_dcmpge
                0x0000000000004c5c       0x60 /Applications/MCUXpressoIDE_11.0.1_2563/ide/plugins/com.nxp.mcuxpresso.tools.macosx_11.0.1.201907311258/tools/bin/../lib/gcc/arm-none-eabi/8.2.1/thumb/v6-m/nofp/libcr_eabihelpers.a(double.o)
                0x0000000000004c5c                __aeabi_dcmpge
 .text.__aeabi_fdiv
                0x0000000000004cbc       0xdc /Applications/MCUXpressoIDE_11.0.1_2563/ide/plugins/com.nxp.mcuxpresso.tools.macosx_11.0.1.201907311258/tools/bin/../lib/gcc/arm-none-eabi/8.2.1/thumb/v6-m/nofp/libcr_eabihelpers.a(float.o)
                0x0000000000004cbc                __aeabi_fdiv
 .text.__sys_appexit
                0x0000000000004d98        0xc /Applications/MCUXpressoIDE_11.0.1_2563/ide/plugins/com.nxp.mcuxpresso.tools.macosx_11.0.1.201907311258/tools/bin/../lib/gcc/arm-none-eabi/8.2.1/../../../../arm-none-eabi/lib/thumb/v6-m/nofp/libcr_semihost_nf.a(__sys_appexit.o)
                0x0000000000004d98                __exit
                0x0000000000004d98                __sys_appexit
 .text.DbgConsole_PrintfPaddingCharacter
                0x0000000000004da4       0x46 ./utilities/fsl_debug_console.o
 .text.DbgConsole_ConvertRadixNumToString
                0x0000000000004dea      0x114 ./utilities/fsl_debug_console.o
 .text.DbgConsole_PrintfFormattedData
                0x0000000000004efe      0x374 ./utilities/fsl_debug_console.o
 .text.circular_buf_resize
                0x0000000000005272       0x80 ./source/circular_buffer.o
                0x0000000000005272                circular_buf_resize
 .text.circular_buf_push
                0x00000000000052f2       0xa8 ./source/circular_buffer.o
                0x00000000000052f2                circular_buf_push
 .text.circular_buf_push_resize
                0x000000000000539a       0xd4 ./source/circular_buffer.o
                0x000000000000539a                circular_buf_push_resize
 .text.circular_buf_pop
                0x000000000000546e       0x74 ./source/circular_buffer.o
                0x000000000000546e                circular_buf_pop
 .text.delay    0x00000000000054e2       0x42 ./source/delay.o
                0x00000000000054e2                delay
 .text.uart_put_string
                0x0000000000005524       0x28 ./source/uart.o
                0x0000000000005524                uart_put_string
 .text.OSC_SetExtRefClkConfig
                0x000000000000554c       0x3e ./drivers/fsl_clock.o
 .text.OSC_SetCapLoad
                0x000000000000558a       0x42 ./drivers/fsl_clock.o
 .text.CLOCK_SetExternalRefClkConfig
                0x00000000000055cc       0x16 ./drivers/fsl_clock.o
                0x00000000000055cc                CLOCK_SetExternalRefClkConfig
 .text.BOARD_InitBootClocks
                0x00000000000055e2        0xe ./board/clock_config.o
                0x00000000000055e2                BOARD_InitBootClocks
 .text.__main   0x00000000000055f0        0xc /Applications/MCUXpressoIDE_11.0.1_2563/ide/plugins/com.nxp.mcuxpresso.tools.macosx_11.0.1.201907311258/tools/bin/../lib/gcc/arm-none-eabi/8.2.1/../../../../arm-none-eabi/lib/thumb/v6-m/nofp/libcr_semihost_nf.a(_cr__main.o)
                0x00000000000055f0                __main
                0x00000000000055f0                __CR_SEMIHOST
 .text.memset   0x00000000000055fc        0x8 /Applications/MCUXpressoIDE_11.0.1_2563/ide/plugins/com.nxp.mcuxpresso.tools.macosx_11.0.1.201907311258/tools/bin/../lib/gcc/arm-none-eabi/8.2.1/../../../../arm-none-eabi/lib/thumb/v6-m/nofp/libcr_c.a(memset.o)
                0x00000000000055fc                memset
 .text.free     0x0000000000005604       0x2c /Applications/MCUXpressoIDE_11.0.1_2563/ide/plugins/com.nxp.mcuxpresso.tools.macosx_11.0.1.201907311258/tools/bin/../lib/gcc/arm-none-eabi/8.2.1/../../../../arm-none-eabi/lib/thumb/v6-m/nofp/libcr_c.a(alloc.o)
                0x0000000000005604                free
 .text.fp_round
                0x0000000000005630       0x4a /Applications/MCUXpressoIDE_11.0.1_2563/ide/plugins/com.nxp.mcuxpresso.tools.macosx_11.0.1.201907311258/tools/bin/../lib/gcc/arm-none-eabi/8.2.1/../../../../arm-none-eabi/lib/thumb/v6-m/nofp/libcr_c.a(fpprintf.o)
 .text.pr_dec.constprop.1
                0x000000000000567a       0x30 /Applications/MCUXpressoIDE_11.0.1_2563/ide/plugins/com.nxp.mcuxpresso.tools.macosx_11.0.1.201907311258/tools/bin/../lib/gcc/arm-none-eabi/8.2.1/../../../../arm-none-eabi/lib/thumb/v6-m/nofp/libcr_c.a(fpprintf.o)
 .text.remove   0x00000000000056aa       0x12 /Applications/MCUXpressoIDE_11.0.1_2563/ide/plugins/com.nxp.mcuxpresso.tools.macosx_11.0.1.201907311258/tools/bin/../lib/gcc/arm-none-eabi/8.2.1/../../../../arm-none-eabi/lib/thumb/v6-m/nofp/libcr_c.a(remove.o)
                0x00000000000056aa                remove
 .text.__aeabi_division_idivmod
                0x00000000000056bc       0x78 /Applications/MCUXpressoIDE_11.0.1_2563/ide/plugins/com.nxp.mcuxpresso.tools.macosx_11.0.1.201907311258/tools/bin/../lib/gcc/arm-none-eabi/8.2.1/thumb/v6-m/nofp/libcr_eabihelpers.a(division_32.o)
                0x00000000000056bc                __aeabi_idiv
                0x00000000000056bc                __aeabi_idivmod
                0x00000000000056c2                __aeabi_uidiv
                0x00000000000056c2                __aeabi_uidivmod
 .text.__aeabi_division_uldivmod
                0x0000000000005734       0x5a /Applications/MCUXpressoIDE_11.0.1_2563/ide/plugins/com.nxp.mcuxpresso.tools.macosx_11.0.1.201907311258/tools/bin/../lib/gcc/arm-none-eabi/8.2.1/thumb/v6-m/nofp/libcr_eabihelpers.a(division_64.o)
                0x0000000000005734                __aeabi_uldivmod
 .text.__aeabi_division_idiv0
                0x000000000000578e        0x2 /Applications/MCUXpressoIDE_11.0.1_2563/ide/plugins/com.nxp.mcuxpresso.tools.macosx_11.0.1.201907311258/tools/bin/../lib/gcc/arm-none-eabi/8.2.1/thumb/v6-m/nofp/libcr_eabihelpers.a(division_idiv0.o)
                0x000000000000578e                __aeabi_idiv0
 .text.__bhs_ui2d
                0x0000000000005790       0x5e /Applications/MCUXpressoIDE_11.0.1_2563/ide/plugins/com.nxp.mcuxpresso.tools.macosx_11.0.1.201907311258/tools/bin/../lib/gcc/arm-none-eabi/8.2.1/thumb/v6-m/nofp/libcr_eabihelpers.a(double.o)
                0x0000000000005790                __bhs_ui2d
 .text.__aeabi_i2d
                0x00000000000057ee       0x18 /Applications/MCUXpressoIDE_11.0.1_2563/ide/plugins/com.nxp.mcuxpresso.tools.macosx_11.0.1.201907311258/tools/bin/../lib/gcc/arm-none-eabi/8.2.1/thumb/v6-m/nofp/libcr_eabihelpers.a(double.o)
                0x00000000000057ee                __aeabi_i2d
 .text.__aeabi_ui2d
                0x0000000000005806        0xc /Applications/MCUXpressoIDE_11.0.1_2563/ide/plugins/com.nxp.mcuxpresso.tools.macosx_11.0.1.201907311258/tools/bin/../lib/gcc/arm-none-eabi/8.2.1/thumb/v6-m/nofp/libcr_eabihelpers.a(double.o)
                0x0000000000005806                __aeabi_ui2d
 .text.__aeabi_l2d
                0x0000000000005812       0x22 /Applications/MCUXpressoIDE_11.0.1_2563/ide/plugins/com.nxp.mcuxpresso.tools.macosx_11.0.1.201907311258/tools/bin/../lib/gcc/arm-none-eabi/8.2.1/thumb/v6-m/nofp/libcr_eabihelpers.a(double.o)
                0x0000000000005812                __aeabi_l2d
 .text.__aeabi_f2ulz
                0x0000000000005834       0x3e /Applications/MCUXpressoIDE_11.0.1_2563/ide/plugins/com.nxp.mcuxpresso.tools.macosx_11.0.1.201907311258/tools/bin/../lib/gcc/arm-none-eabi/8.2.1/thumb/v6-m/nofp/libcr_eabihelpers.a(float.o)
                0x0000000000005834                __aeabi_f2ulz
 .text.__bhs_ul2f
                0x0000000000005872       0x80 /Applications/MCUXpressoIDE_11.0.1_2563/ide/plugins/com.nxp.mcuxpresso.tools.macosx_11.0.1.201907311258/tools/bin/../lib/gcc/arm-none-eabi/8.2.1/thumb/v6-m/nofp/libcr_eabihelpers.a(float.o)
                0x0000000000005872                __bhs_ul2f
 .text.__aeabi_ul2f
                0x00000000000058f2        0xc /Applications/MCUXpressoIDE_11.0.1_2563/ide/plugins/com.nxp.mcuxpresso.tools.macosx_11.0.1.201907311258/tools/bin/../lib/gcc/arm-none-eabi/8.2.1/thumb/v6-m/nofp/libcr_eabihelpers.a(float.o)
                0x00000000000058f2                __aeabi_ul2f
 .text.__aeabi_llong_lmul
                0x00000000000058fe       0x2e /Applications/MCUXpressoIDE_11.0.1_2563/ide/plugins/com.nxp.mcuxpresso.tools.macosx_11.0.1.201907311258/tools/bin/../lib/gcc/arm-none-eabi/8.2.1/thumb/v6-m/nofp/libcr_eabihelpers.a(llong.o)
                0x00000000000058fe                __aeabi_lmul
 .text.__aeabi_memset_lowlevel
                0x000000000000592c       0x2a /Applications/MCUXpressoIDE_11.0.1_2563/ide/plugins/com.nxp.mcuxpresso.tools.macosx_11.0.1.201907311258/tools/bin/../lib/gcc/arm-none-eabi/8.2.1/thumb/v6-m/nofp/libcr_eabihelpers.a(memcpy.o)
                0x000000000000592c                __aeabi_lowlevel_memset
 .text.__sys_close
                0x0000000000005956        0xc /Applications/MCUXpressoIDE_11.0.1_2563/ide/plugins/com.nxp.mcuxpresso.tools.macosx_11.0.1.201907311258/tools/bin/../lib/gcc/arm-none-eabi/8.2.1/../../../../arm-none-eabi/lib/thumb/v6-m/nofp/libcr_semihost_nf.a(__sys_close.o)
                0x0000000000005956                __sys_close
 .text.__sys_flen
                0x0000000000005962        0xc /Applications/MCUXpressoIDE_11.0.1_2563/ide/plugins/com.nxp.mcuxpresso.tools.macosx_11.0.1.201907311258/tools/bin/../lib/gcc/arm-none-eabi/8.2.1/../../../../arm-none-eabi/lib/thumb/v6-m/nofp/libcr_semihost_nf.a(__sys_flen.o)
                0x0000000000005962                __sys_flen
 .text.__sys_istty
                0x000000000000596e        0xc /Applications/MCUXpressoIDE_11.0.1_2563/ide/plugins/com.nxp.mcuxpresso.tools.macosx_11.0.1.201907311258/tools/bin/../lib/gcc/arm-none-eabi/8.2.1/../../../../arm-none-eabi/lib/thumb/v6-m/nofp/libcr_semihost_nf.a(__sys_istty.o)
                0x000000000000596e                __sys_istty
 .text.__sys_remove
                0x000000000000597a        0xc /Applications/MCUXpressoIDE_11.0.1_2563/ide/plugins/com.nxp.mcuxpresso.tools.macosx_11.0.1.201907311258/tools/bin/../lib/gcc/arm-none-eabi/8.2.1/../../../../arm-none-eabi/lib/thumb/v6-m/nofp/libcr_semihost_nf.a(__sys_remove.o)
                0x000000000000597a                __sys_remove
 .text.__sys_seek
                0x0000000000005986        0xc /Applications/MCUXpressoIDE_11.0.1_2563/ide/plugins/com.nxp.mcuxpresso.tools.macosx_11.0.1.201907311258/tools/bin/../lib/gcc/arm-none-eabi/8.2.1/../../../../arm-none-eabi/lib/thumb/v6-m/nofp/libcr_semihost_nf.a(__sys_seek.o)
                0x0000000000005986                __sys_seek
 .text.__sys_tmpnam
                0x0000000000005992        0xc /Applications/MCUXpressoIDE_11.0.1_2563/ide/plugins/com.nxp.mcuxpresso.tools.macosx_11.0.1.201907311258/tools/bin/../lib/gcc/arm-none-eabi/8.2.1/../../../../arm-none-eabi/lib/thumb/v6-m/nofp/libcr_semihost_nf.a(__sys_tmpnam.o)
                0x0000000000005992                __sys_tmpnam
 .text.__sys_write
                0x000000000000599e        0xc /Applications/MCUXpressoIDE_11.0.1_2563/ide/plugins/com.nxp.mcuxpresso.tools.macosx_11.0.1.201907311258/tools/bin/../lib/gcc/arm-none-eabi/8.2.1/../../../../arm-none-eabi/lib/thumb/v6-m/nofp/libcr_semihost_nf.a(__sys_write.o)
                0x000000000000599e                __sys_write
 *(SORT_BY_ALIGNMENT(.rodata) SORT_BY_ALIGNMENT(.rodata.*) SORT_BY_ALIGNMENT(.constdata) SORT_BY_ALIGNMENT(.constdata.*))
 *fill*         0x00000000000059aa        0x6 ff
 .rodata.gTimeMax.4587
                0x00000000000059b0        0x8 ./source/time.o
 .rodata.a1.3979
                0x00000000000059b8       0x88 /Applications/MCUXpressoIDE_11.0.1_2563/ide/plugins/com.nxp.mcuxpresso.tools.macosx_11.0.1.201907311258/tools/bin/../lib/gcc/arm-none-eabi/8.2.1/../../../../arm-none-eabi/lib/thumb/v6-m/nofp/libcr_c.a(pow.o)
 .rodata.a2.3980
                0x0000000000005a40       0x40 /Applications/MCUXpressoIDE_11.0.1_2563/ide/plugins/com.nxp.mcuxpresso.tools.macosx_11.0.1.201907311258/tools/bin/../lib/gcc/arm-none-eabi/8.2.1/../../../../arm-none-eabi/lib/thumb/v6-m/nofp/libcr_c.a(pow.o)
 .rodata        0x0000000000005a80      0x1dd ./source/circular_buffer.o
 *fill*         0x0000000000005c5d        0x3 ff
 .rodata        0x0000000000005c60       0xff ./source/logger.o
 *fill*         0x0000000000005d5f        0x1 ff
 .rodata        0x0000000000005d60       0x6a ./source/post.o
 *fill*         0x0000000000005dca        0x2 ff
 .rodata.__func__.4647
                0x0000000000005dcc       0x13 ./source/post.o
 *fill*         0x0000000000005ddf        0x1 ff
 .rodata        0x0000000000005de0       0x30 ./source/setup_teardown.o
 .rodata.__func__.5329
                0x0000000000005e10        0xb ./source/setup_teardown.o
 *fill*         0x0000000000005e1b        0x1 ff
 .rodata        0x0000000000005e1c      0x11d ./drivers/fsl_clock.o
 *fill*         0x0000000000005f39        0x3 ff
 .rodata        0x0000000000005f3c        0x4 ./drivers/fsl_common.o
 .rodata        0x0000000000005f40      0x4ae ./drivers/fsl_dma.o
 *fill*         0x00000000000063ee        0x2 ff
 .rodata.mcgConfig_BOARD_BootClockRUN
                0x00000000000063f0        0xa ./board/clock_config.o
                0x00000000000063f0                mcgConfig_BOARD_BootClockRUN
 *fill*         0x00000000000063fa        0x2 ff
 .rodata.simConfig_BOARD_BootClockRUN
                0x00000000000063fc        0x8 ./board/clock_config.o
                0x00000000000063fc                simConfig_BOARD_BootClockRUN
 .rodata.oscConfig_BOARD_BootClockRUN
                0x0000000000006404        0x8 ./board/clock_config.o
                0x0000000000006404                oscConfig_BOARD_BootClockRUN
 .rodata.__num_Ciob_streams
                0x000000000000640c        0x4 /Applications/MCUXpressoIDE_11.0.1_2563/ide/plugins/com.nxp.mcuxpresso.tools.macosx_11.0.1.201907311258/tools/bin/../lib/gcc/arm-none-eabi/8.2.1/../../../../arm-none-eabi/lib/thumb/v6-m/nofp/libcr_semihost_nf.a(__ciob.o)
                0x000000000000640c                __num_Ciob_streams
 .rodata._Csys_alloc.str1.1
                0x0000000000006410       0x18 /Applications/MCUXpressoIDE_11.0.1_2563/ide/plugins/com.nxp.mcuxpresso.tools.macosx_11.0.1.201907311258/tools/bin/../lib/gcc/arm-none-eabi/8.2.1/../../../../arm-none-eabi/lib/thumb/v6-m/nofp/libcr_c.a(alloc.o)
 .rodata.fp_display.str1.1
                0x0000000000006428       0x34 /Applications/MCUXpressoIDE_11.0.1_2563/ide/plugins/com.nxp.mcuxpresso.tools.macosx_11.0.1.201907311258/tools/bin/../lib/gcc/arm-none-eabi/8.2.1/../../../../arm-none-eabi/lib/thumb/v6-m/nofp/libcr_c.a(fpprintf.o)
                                         0x35 (size before relaxing)
 .rodata._initio.str1.1
                0x000000000000645c        0x4 /Applications/MCUXpressoIDE_11.0.1_2563/ide/plugins/com.nxp.mcuxpresso.tools.macosx_11.0.1.201907311258/tools/bin/../lib/gcc/arm-none-eabi/8.2.1/../../../../arm-none-eabi/lib/thumb/v6-m/nofp/libcr_c.a(initio.o)
 .rodata.__vfprintf.str1.1
                0x0000000000006460       0x31 /Applications/MCUXpressoIDE_11.0.1_2563/ide/plugins/com.nxp.mcuxpresso.tools.macosx_11.0.1.201907311258/tools/bin/../lib/gcc/arm-none-eabi/8.2.1/../../../../arm-none-eabi/lib/thumb/v6-m/nofp/libcr_c.a(printf.o)
                                         0x38 (size before relaxing)
                0x0000000000006494                . = ALIGN (0x4)
 *fill*         0x0000000000006491        0x3 ff

.glue_7         0x0000000000006494        0x0
 .glue_7        0x0000000000006494        0x0 linker stubs

.glue_7t        0x0000000000006494        0x0
 .glue_7t       0x0000000000006494        0x0 linker stubs

.vfp11_veneer   0x0000000000006494        0x0
 .vfp11_veneer  0x0000000000006494        0x0 linker stubs

.v4_bx          0x0000000000006494        0x0
 .v4_bx         0x0000000000006494        0x0 linker stubs

.iplt           0x0000000000006494        0x0
 .iplt          0x0000000000006494        0x0 ./utilities/fsl_debug_console.o

.rel.dyn        0x0000000000006494        0x0
 .rel.iplt      0x0000000000006494        0x0 ./utilities/fsl_debug_console.o

.ARM.extab
 *(SORT_BY_ALIGNMENT(.ARM.extab*) SORT_BY_ALIGNMENT(.gnu.linkonce.armextab.*))
                0x0000000000006494                __exidx_start = .

.ARM.exidx
 *(SORT_BY_ALIGNMENT(.ARM.exidx*) SORT_BY_ALIGNMENT(.gnu.linkonce.armexidx.*))
                0x0000000000006494                __exidx_end = .
                0x0000000000006494                _etext = .

.m_usb_data
 *(SORT_BY_ALIGNMENT(m_usb_bdt))

.mtb_buffer_default
                0x000000001ffff000       0x80
 *(SORT_BY_ALIGNMENT(.mtb*))
 .mtb.$RAM1     0x000000001ffff000       0x80 ./source/mtb.o
                0x000000001ffff000                __mtb_buffer__

.uninit_RESERVED
                0x000000001ffff080        0x0
                0x000000001ffff080                . = ALIGN (0x4)
 *(SORT_BY_ALIGNMENT(.bss.$RESERVED*))
                0x000000001ffff080                . = ALIGN (0x4)
                0x000000001ffff080                _end_uninit_RESERVED = .

.data           0x000000001ffff080       0x34 load address 0x0000000000006494
 FILL mask 0xff
                0x000000001ffff080                _data = .
 *(SORT_BY_ALIGNMENT(vtable))
 *(SORT_BY_ALIGNMENT(.ramfunc*))
 *(SORT_BY_ALIGNMENT(CodeQuickAccess))
 *(SORT_BY_ALIGNMENT(DataQuickAccess))
 *(SORT_BY_ALIGNMENT(RamFunction))
 *(SORT_BY_ALIGNMENT(.data*))
 .data.sLogSeverityStrings
                0x000000001ffff080        0xc ./source/logger.o
 .data.sLogModuleStrings
                0x000000001ffff08c       0x20 ./source/logger.o
 .data.SystemCoreClock
                0x000000001ffff0ac        0x4 ./CMSIS/system_MKL25Z4.o
                0x000000001ffff0ac                SystemCoreClock
 .data.sLogSeverity
                0x000000001ffff0b0        0x1 ./source/logger.o
                0x000000001ffff0b4                . = ALIGN (0x4)
 *fill*         0x000000001ffff0b1        0x3 ff
                0x000000001ffff0b4                _edata = .

.igot.plt       0x000000001ffff0b4        0x0 load address 0x00000000000064c8
 .igot.plt      0x000000001ffff0b4        0x0 ./utilities/fsl_debug_console.o

.bss            0x000000001ffff0b8     0x1db4 load address 0x00000000000064c8
                0x000000001ffff0b8                . = ALIGN (0x4)
                0x000000001ffff0b8                _bss = .
 *(SORT_BY_ALIGNMENT(.bss*))
 .bss.gSystemTime
                0x000000001ffff0b8        0x8 ./source/time.o
 .bss.s_debugConsole
                0x000000001ffff0c0       0x10 ./utilities/fsl_debug_console.o
 .bss.memListHead
                0x000000001ffff0d0        0xc ./source/circular_buffer.o
 .bss.format_buf.4815
                0x000000001ffff0dc      0x800 ./source/logger.o
 .bss.format_buf.4830
                0x000000001ffff8dc      0x800 ./source/logger.o
 .bss.format_buf.4866
                0x00000000200000dc      0x800 ./source/logger.o
 .bss.sCharCounts
                0x00000000200008dc      0x400 ./source/main.o
 .bss.sTxBuffer
                0x0000000020000cdc        0x4 ./source/uart.o
 .bss.sRxBuffer
                0x0000000020000ce0        0x4 ./source/uart.o
 .bss.g_xtal0Freq
                0x0000000020000ce4        0x4 ./drivers/fsl_clock.o
                0x0000000020000ce4                g_xtal0Freq
 .bss.s_DMAHandle
                0x0000000020000ce8       0x10 ./drivers/fsl_dma.o
 .bss.s_i2cHandle
                0x0000000020000cf8        0x8 ./drivers/fsl_i2c.o
 .bss.s_i2cMasterIsr
                0x0000000020000d00        0x4 ./drivers/fsl_i2c.o
 .bss.s_i2cSlaveIsr
                0x0000000020000d04        0x4 ./drivers/fsl_i2c.o
 .bss.s_lpsciHandle
                0x0000000020000d08        0x4 ./drivers/fsl_lpsci.o
 .bss.s_lpsciIsr
                0x0000000020000d0c        0x4 ./drivers/fsl_lpsci.o
 .bss.s_uartHandle
                0x0000000020000d10        0xc ./drivers/fsl_uart.o
 .bss.s_uartIsr
                0x0000000020000d1c        0x4 ./drivers/fsl_uart.o
 .bss._exitvector
                0x0000000020000d20       0x84 /Applications/MCUXpressoIDE_11.0.1_2563/ide/plugins/com.nxp.mcuxpresso.tools.macosx_11.0.1.201907311258/tools/bin/../lib/gcc/arm-none-eabi/8.2.1/../../../../arm-none-eabi/lib/thumb/v6-m/nofp/libcr_c.a(stdlib.o)
                0x0000000020000d20                _exitvector
 .bss._number_of_exit_functions
                0x0000000020000da4        0x4 /Applications/MCUXpressoIDE_11.0.1_2563/ide/plugins/com.nxp.mcuxpresso.tools.macosx_11.0.1.201907311258/tools/bin/../lib/gcc/arm-none-eabi/8.2.1/../../../../arm-none-eabi/lib/thumb/v6-m/nofp/libcr_c.a(stdlib.o)
                0x0000000020000da4                _number_of_exit_functions
 .bss.__end_of_heap
                0x0000000020000da8        0x4 /Applications/MCUXpressoIDE_11.0.1_2563/ide/plugins/com.nxp.mcuxpresso.tools.macosx_11.0.1.201907311258/tools/bin/../lib/gcc/arm-none-eabi/8.2.1/../../../../arm-none-eabi/lib/thumb/v6-m/nofp/libcr_c.a(__init_alloc.o)
                0x0000000020000da8                __end_of_heap
 .bss.__heaps   0x0000000020000dac        0x4 /Applications/MCUXpressoIDE_11.0.1_2563/ide/plugins/com.nxp.mcuxpresso.tools.macosx_11.0.1.201907311258/tools/bin/../lib/gcc/arm-none-eabi/8.2.1/../../../../arm-none-eabi/lib/thumb/v6-m/nofp/libcr_c.a(__init_alloc.o)
                0x0000000020000dac                __heaps
 .bss.errno     0x0000000020000db0        0x4 /Applications/MCUXpressoIDE_11.0.1_2563/ide/plugins/com.nxp.mcuxpresso.tools.macosx_11.0.1.201907311258/tools/bin/../lib/gcc/arm-none-eabi/8.2.1/../../../../arm-none-eabi/lib/thumb/v6-m/nofp/libcr_c.a(errno.o)
                0x0000000020000db0                errno
 .bss.__Ciob    0x0000000020000db4       0xb4 /Applications/MCUXpressoIDE_11.0.1_2563/ide/plugins/com.nxp.mcuxpresso.tools.macosx_11.0.1.201907311258/tools/bin/../lib/gcc/arm-none-eabi/8.2.1/../../../../arm-none-eabi/lib/thumb/v6-m/nofp/libcr_semihost_nf.a(__ciob.o)
                0x0000000020000db4                __Ciob
 .bss.gLedReady
                0x0000000020000e68        0x1 ./source/handle_led.o
 .bss.sLoggingEnabled
                0x0000000020000e69        0x1 ./source/logger.o
 *(SORT_BY_ALIGNMENT(COMMON))
                0x0000000020000e6c                . = ALIGN (0x4)
 *fill*         0x0000000020000e6a        0x2 
                0x0000000020000e6c                _ebss = .
                [!provide]                        PROVIDE (end = .)

.noinit         0x0000000020000e6c        0x0 load address 0x00000000000064c8
                0x0000000020000e6c                . = ALIGN (0x4)
                0x0000000020000e6c                _noinit = .
 *(SORT_BY_ALIGNMENT(.noinit*))
                0x0000000020000e6c                . = ALIGN (0x4)
                0x0000000020000e6c                _end_noinit = .
                0x0000000000000400                _HeapSize = 0x400

.heap           0x0000000020000e6c      0x400 load address 0x00000000000064c8
                0x0000000020000e6c                _pvHeapStart = .
                0x000000002000126c                . = (. + _HeapSize)
 *fill*         0x0000000020000e6c      0x400 
                0x000000002000126c                . = ALIGN (0x4)
                0x000000002000126c                _pvHeapLimit = .
                0x0000000000000400                _StackSize = 0x400

.heap2stackfill
                0x000000002000126c      0x400 load address 0x00000000000064c8
                0x000000002000166c                . = (. + _StackSize)
 *fill*         0x000000002000126c      0x400 

.stack          0x0000000020002c00        0x0
                0x0000000020002c00                _vStackBase = .
                0x0000000020002c00                . = ALIGN (0x4)
                0x0000000020003000                _vStackTop = (. + _StackSize)
                0x0000000000000000                _image_start = LOADADDR (.text)
                0x00000000000064c8                _image_end = (LOADADDR (.data) + SIZEOF (.data))
                0x00000000000064c8                _image_size = (_image_end - _image_start)
OUTPUT(debug.axf elf32-littlearm)

.debug_info     0x0000000000000000     0xc4bd
 .debug_info    0x0000000000000000      0xfbe ./utilities/fsl_debug_console.o
 .debug_info    0x0000000000000fbe      0x4df ./startup/startup_mkl25z4.o
 .debug_info    0x000000000000149d      0x4ba ./source/circular_buffer.o
 .debug_info    0x0000000000001957       0xe5 ./source/delay.o
 .debug_info    0x0000000000001a3c      0x287 ./source/handle_led.o
 .debug_info    0x0000000000001cc3      0x64c ./source/logger.o
 .debug_info    0x000000000000230f      0x722 ./source/main.o
 .debug_info    0x0000000000002a31       0x53 ./source/mtb.o
 .debug_info    0x0000000000002a84      0x1e3 ./source/post.o
 .debug_info    0x0000000000002c67       0x3c ./source/semihost_hardfault.o
 .debug_info    0x0000000000002ca3      0x87f ./source/setup_teardown.o
 .debug_info    0x0000000000003522      0x4f5 ./source/time.o
 .debug_info    0x0000000000003a17      0xa0f ./source/uart.o
 .debug_info    0x0000000000004426     0x1a97 ./drivers/fsl_clock.o
 .debug_info    0x0000000000005ebd      0x44e ./drivers/fsl_common.o
 .debug_info    0x000000000000630b      0xf4e ./drivers/fsl_dma.o
 .debug_info    0x0000000000007259     0x1a9a ./drivers/fsl_i2c.o
 .debug_info    0x0000000000008cf3     0x1469 ./drivers/fsl_lpsci.o
 .debug_info    0x000000000000a15c     0x140a ./drivers/fsl_uart.o
 .debug_info    0x000000000000b566      0xb1e ./board/clock_config.o
 .debug_info    0x000000000000c084      0x439 ./CMSIS/system_MKL25Z4.o

.debug_abbrev   0x0000000000000000     0x2868
 .debug_abbrev  0x0000000000000000      0x2d7 ./utilities/fsl_debug_console.o
 .debug_abbrev  0x00000000000002d7      0x18d ./startup/startup_mkl25z4.o
 .debug_abbrev  0x0000000000000464      0x163 ./source/circular_buffer.o
 .debug_abbrev  0x00000000000005c7       0xbc ./source/delay.o
 .debug_abbrev  0x0000000000000683      0x154 ./source/handle_led.o
 .debug_abbrev  0x00000000000007d7      0x1e4 ./source/logger.o
 .debug_abbrev  0x00000000000009bb      0x17f ./source/main.o
 .debug_abbrev  0x0000000000000b3a       0x46 ./source/mtb.o
 .debug_abbrev  0x0000000000000b80       0xf1 ./source/post.o
 .debug_abbrev  0x0000000000000c71       0x31 ./source/semihost_hardfault.o
 .debug_abbrev  0x0000000000000ca2      0x16d ./source/setup_teardown.o
 .debug_abbrev  0x0000000000000e0f      0x20d ./source/time.o
 .debug_abbrev  0x000000000000101c      0x272 ./source/uart.o
 .debug_abbrev  0x000000000000128e      0x36f ./drivers/fsl_clock.o
 .debug_abbrev  0x00000000000015fd      0x27e ./drivers/fsl_common.o
 .debug_abbrev  0x000000000000187b      0x2ec ./drivers/fsl_dma.o
 .debug_abbrev  0x0000000000001b67      0x36e ./drivers/fsl_i2c.o
 .debug_abbrev  0x0000000000001ed5      0x309 ./drivers/fsl_lpsci.o
 .debug_abbrev  0x00000000000021de      0x323 ./drivers/fsl_uart.o
 .debug_abbrev  0x0000000000002501      0x211 ./board/clock_config.o
 .debug_abbrev  0x0000000000002712      0x156 ./CMSIS/system_MKL25Z4.o

.debug_aranges  0x0000000000000000      0xb90
 .debug_aranges
                0x0000000000000000       0x98 ./utilities/fsl_debug_console.o
 .debug_aranges
                0x0000000000000098      0x160 ./startup/startup_mkl25z4.o
 .debug_aranges
                0x00000000000001f8       0x70 ./source/circular_buffer.o
 .debug_aranges
                0x0000000000000268       0x20 ./source/delay.o
 .debug_aranges
                0x0000000000000288       0x28 ./source/handle_led.o
 .debug_aranges
                0x00000000000002b0       0x58 ./source/logger.o
 .debug_aranges
                0x0000000000000308       0x20 ./source/main.o
 .debug_aranges
                0x0000000000000328       0x18 ./source/mtb.o
 .debug_aranges
                0x0000000000000340       0x20 ./source/post.o
 .debug_aranges
                0x0000000000000360       0x20 ./source/semihost_hardfault.o
 .debug_aranges
                0x0000000000000380       0x28 ./source/setup_teardown.o
 .debug_aranges
                0x00000000000003a8       0x50 ./source/time.o
 .debug_aranges
                0x00000000000003f8       0x78 ./source/uart.o
 .debug_aranges
                0x0000000000000470      0x1d8 ./drivers/fsl_clock.o
 .debug_aranges
                0x0000000000000648       0x38 ./drivers/fsl_common.o
 .debug_aranges
                0x0000000000000680       0xd0 ./drivers/fsl_dma.o
 .debug_aranges
                0x0000000000000750      0x178 ./drivers/fsl_i2c.o
 .debug_aranges
                0x00000000000008c8      0x118 ./drivers/fsl_lpsci.o
 .debug_aranges
                0x00000000000009e0      0x130 ./drivers/fsl_uart.o
 .debug_aranges
                0x0000000000000b10       0x58 ./board/clock_config.o
 .debug_aranges
                0x0000000000000b68       0x28 ./CMSIS/system_MKL25Z4.o

.debug_ranges   0x0000000000000000      0xa38
 .debug_ranges  0x0000000000000000       0x88 ./utilities/fsl_debug_console.o
 .debug_ranges  0x0000000000000088      0x150 ./startup/startup_mkl25z4.o
 .debug_ranges  0x00000000000001d8       0x60 ./source/circular_buffer.o
 .debug_ranges  0x0000000000000238       0x10 ./source/delay.o
 .debug_ranges  0x0000000000000248       0x18 ./source/handle_led.o
 .debug_ranges  0x0000000000000260       0x48 ./source/logger.o
 .debug_ranges  0x00000000000002a8       0x10 ./source/main.o
 .debug_ranges  0x00000000000002b8       0x10 ./source/post.o
 .debug_ranges  0x00000000000002c8       0x10 ./source/semihost_hardfault.o
 .debug_ranges  0x00000000000002d8       0x18 ./source/setup_teardown.o
 .debug_ranges  0x00000000000002f0       0x40 ./source/time.o
 .debug_ranges  0x0000000000000330       0x68 ./source/uart.o
 .debug_ranges  0x0000000000000398      0x1c8 ./drivers/fsl_clock.o
 .debug_ranges  0x0000000000000560       0x28 ./drivers/fsl_common.o
 .debug_ranges  0x0000000000000588       0xc0 ./drivers/fsl_dma.o
 .debug_ranges  0x0000000000000648      0x168 ./drivers/fsl_i2c.o
 .debug_ranges  0x00000000000007b0      0x108 ./drivers/fsl_lpsci.o
 .debug_ranges  0x00000000000008b8      0x120 ./drivers/fsl_uart.o
 .debug_ranges  0x00000000000009d8       0x48 ./board/clock_config.o
 .debug_ranges  0x0000000000000a20       0x18 ./CMSIS/system_MKL25Z4.o

.debug_macro    0x0000000000000000     0x941e
 .debug_macro   0x0000000000000000      0x127 ./utilities/fsl_debug_console.o
 .debug_macro   0x0000000000000127      0xaa8 ./utilities/fsl_debug_console.o
 .debug_macro   0x0000000000000bcf       0x10 ./utilities/fsl_debug_console.o
 .debug_macro   0x0000000000000bdf       0x16 ./utilities/fsl_debug_console.o
 .debug_macro   0x0000000000000bf5       0x10 ./utilities/fsl_debug_console.o
 .debug_macro   0x0000000000000c05      0x12e ./utilities/fsl_debug_console.o
 .debug_macro   0x0000000000000d33       0x28 ./utilities/fsl_debug_console.o
 .debug_macro   0x0000000000000d5b       0xc4 ./utilities/fsl_debug_console.o
 .debug_macro   0x0000000000000e1f       0x16 ./utilities/fsl_debug_console.o
 .debug_macro   0x0000000000000e35       0x22 ./utilities/fsl_debug_console.o
 .debug_macro   0x0000000000000e57      0x5b3 ./utilities/fsl_debug_console.o
 .debug_macro   0x000000000000140a       0x10 ./utilities/fsl_debug_console.o
 .debug_macro   0x000000000000141a       0x3f ./utilities/fsl_debug_console.o
 .debug_macro   0x0000000000001459       0x3a ./utilities/fsl_debug_console.o
 .debug_macro   0x0000000000001493       0x26 ./utilities/fsl_debug_console.o
 .debug_macro   0x00000000000014b9      0x329 ./utilities/fsl_debug_console.o
 .debug_macro   0x00000000000017e2       0x30 ./utilities/fsl_debug_console.o
 .debug_macro   0x0000000000001812     0x51e2 ./utilities/fsl_debug_console.o
 .debug_macro   0x00000000000069f4     0x1352 ./utilities/fsl_debug_console.o
 .debug_macro   0x0000000000007d46       0x3a ./utilities/fsl_debug_console.o
 .debug_macro   0x0000000000007d80       0xf4 ./utilities/fsl_debug_console.o
 .debug_macro   0x0000000000007e74       0x35 ./utilities/fsl_debug_console.o
 .debug_macro   0x0000000000007ea9       0x2e ./utilities/fsl_debug_console.o
 .debug_macro   0x0000000000007ed7       0x10 ./utilities/fsl_debug_console.o
 .debug_macro   0x0000000000007ee7       0x10 ./utilities/fsl_debug_console.o
 .debug_macro   0x0000000000007ef7       0x29 ./startup/startup_mkl25z4.o
 .debug_macro   0x0000000000007f20       0x84 ./source/circular_buffer.o
 .debug_macro   0x0000000000007fa4       0x16 ./source/circular_buffer.o
 .debug_macro   0x0000000000007fba       0x1c ./source/circular_buffer.o
 .debug_macro   0x0000000000007fd6       0x50 ./source/delay.o
 .debug_macro   0x0000000000008026       0xd9 ./source/handle_led.o
 .debug_macro   0x00000000000080ff       0x1c ./source/handle_led.o
 .debug_macro   0x000000000000811b       0xe8 ./source/logger.o
 .debug_macro   0x0000000000008203       0x9a ./source/logger.o
 .debug_macro   0x000000000000829d       0x1c ./source/logger.o
 .debug_macro   0x00000000000082b9       0x16 ./source/logger.o
 .debug_macro   0x00000000000082cf      0x1b7 ./source/main.o
 .debug_macro   0x0000000000008486       0xa0 ./source/main.o
 .debug_macro   0x0000000000008526       0x16 ./source/main.o
 .debug_macro   0x000000000000853c       0x10 ./source/main.o
 .debug_macro   0x000000000000854c      0x112 ./source/main.o
 .debug_macro   0x000000000000865e       0x64 ./source/main.o
 .debug_macro   0x00000000000086c2       0x34 ./source/main.o
 .debug_macro   0x00000000000086f6       0x10 ./source/main.o
 .debug_macro   0x0000000000008706       0x1c ./source/main.o
 .debug_macro   0x0000000000008722       0x2f ./source/mtb.o
 .debug_macro   0x0000000000008751       0x82 ./source/mtb.o
 .debug_macro   0x00000000000087d3       0x10 ./source/mtb.o
 .debug_macro   0x00000000000087e3       0xde ./source/post.o
 .debug_macro   0x00000000000088c1       0x11 ./source/semihost_hardfault.o
 .debug_macro   0x00000000000088d2      0x190 ./source/setup_teardown.o
 .debug_macro   0x0000000000008a62       0x1c ./source/setup_teardown.o
 .debug_macro   0x0000000000008a7e       0x88 ./source/time.o
 .debug_macro   0x0000000000008b06       0x34 ./source/time.o
 .debug_macro   0x0000000000008b3a       0xe3 ./source/uart.o
 .debug_macro   0x0000000000008c1d      0x196 ./drivers/fsl_clock.o
 .debug_macro   0x0000000000008db3       0xef ./drivers/fsl_common.o
 .debug_macro   0x0000000000008ea2       0xec ./drivers/fsl_dma.o
 .debug_macro   0x0000000000008f8e       0xeb ./drivers/fsl_i2c.o
 .debug_macro   0x0000000000009079       0x10 ./drivers/fsl_i2c.o
 .debug_macro   0x0000000000009089       0xec ./drivers/fsl_lpsci.o
 .debug_macro   0x0000000000009175       0xf2 ./drivers/fsl_uart.o
 .debug_macro   0x0000000000009267      0x123 ./board/clock_config.o
 .debug_macro   0x000000000000938a       0x94 ./CMSIS/system_MKL25Z4.o

.debug_line     0x0000000000000000     0x8163
 .debug_line    0x0000000000000000      0xd6a ./utilities/fsl_debug_console.o
 .debug_line    0x0000000000000d6a      0x1e7 ./startup/startup_mkl25z4.o
 .debug_line    0x0000000000000f51      0x541 ./source/circular_buffer.o
 .debug_line    0x0000000000001492      0x1ba ./source/delay.o
 .debug_line    0x000000000000164c      0x2ec ./source/handle_led.o
 .debug_line    0x0000000000001938      0x435 ./source/logger.o
 .debug_line    0x0000000000001d6d      0x3a9 ./source/main.o
 .debug_line    0x0000000000002116       0xd9 ./source/mtb.o
 .debug_line    0x00000000000021ef      0x27b ./source/post.o
 .debug_line    0x000000000000246a       0x5a ./source/semihost_hardfault.o
 .debug_line    0x00000000000024c4      0x36f ./source/setup_teardown.o
 .debug_line    0x0000000000002833      0x31a ./source/time.o
 .debug_line    0x0000000000002b4d      0x517 ./source/uart.o
 .debug_line    0x0000000000003064     0x12c1 ./drivers/fsl_clock.o
 .debug_line    0x0000000000004325      0x360 ./drivers/fsl_common.o
 .debug_line    0x0000000000004685      0x713 ./drivers/fsl_dma.o
 .debug_line    0x0000000000004d98     0x1286 ./drivers/fsl_i2c.o
 .debug_line    0x000000000000601e      0xd42 ./drivers/fsl_lpsci.o
 .debug_line    0x0000000000006d60      0xd31 ./drivers/fsl_uart.o
 .debug_line    0x0000000000007a91      0x383 ./board/clock_config.o
 .debug_line    0x0000000000007e14      0x34f ./CMSIS/system_MKL25Z4.o

.debug_str      0x0000000000000000    0x37c08
 .debug_str     0x0000000000000000    0x314ff ./utilities/fsl_debug_console.o
                                      0x317b7 (size before relaxing)
 .debug_str     0x00000000000314ff      0x3e1 ./startup/startup_mkl25z4.o
                                       0x31a7 (size before relaxing)
 .debug_str     0x00000000000318e0      0x279 ./source/circular_buffer.o
                                       0x486f (size before relaxing)
 .debug_str     0x0000000000031b59       0x4d ./source/delay.o
                                       0x44b4 (size before relaxing)
 .debug_str     0x0000000000031ba6      0x2d4 ./source/handle_led.o
                                      0x290c4 (size before relaxing)
 .debug_str     0x0000000000031e7a      0x54a ./source/logger.o
                                      0x295b4 (size before relaxing)
 .debug_str     0x00000000000323c4      0xfca ./source/main.o
                                      0x31f9f (size before relaxing)
 .debug_str     0x000000000003338e      0x532 ./source/mtb.o
                                       0x32b3 (size before relaxing)
 .debug_str     0x00000000000338c0       0x2d ./source/post.o
                                      0x29189 (size before relaxing)
 .debug_str     0x00000000000338ed       0x1f ./source/semihost_hardfault.o
                                       0x2da0 (size before relaxing)
 .debug_str     0x000000000003390c      0x111 ./source/setup_teardown.o
                                      0x31e01 (size before relaxing)
 .debug_str     0x0000000000033a1d      0x2b3 ./source/time.o
                                      0x2900d (size before relaxing)
 .debug_str     0x0000000000033cd0      0x120 ./source/uart.o
                                      0x29407 (size before relaxing)
 .debug_str     0x0000000000033df0     0x14d2 ./drivers/fsl_clock.o
                                      0x322ae (size before relaxing)
 .debug_str     0x00000000000352c2      0x113 ./drivers/fsl_common.o
                                      0x30895 (size before relaxing)
 .debug_str     0x00000000000353d5      0x787 ./drivers/fsl_dma.o
                                      0x3157c (size before relaxing)
 .debug_str     0x0000000000035b5c      0xc0f ./drivers/fsl_i2c.o
                                      0x31a88 (size before relaxing)
 .debug_str     0x000000000003676b      0x91c ./drivers/fsl_lpsci.o
                                      0x318b6 (size before relaxing)
 .debug_str     0x0000000000037087      0x832 ./drivers/fsl_uart.o
                                      0x318d9 (size before relaxing)
 .debug_str     0x00000000000378b9      0x300 ./board/clock_config.o
                                      0x31220 (size before relaxing)
 .debug_str     0x0000000000037bb9       0x4f ./CMSIS/system_MKL25Z4.o
                                      0x2fc18 (size before relaxing)

.comment        0x0000000000000000       0x75
 .comment       0x0000000000000000       0x75 ./utilities/fsl_debug_console.o
                                         0x76 (size before relaxing)
 .comment       0x0000000000000075       0x76 ./startup/startup_mkl25z4.o
 .comment       0x0000000000000075       0x76 ./source/circular_buffer.o
 .comment       0x0000000000000075       0x76 ./source/delay.o
 .comment       0x0000000000000075       0x76 ./source/handle_led.o
 .comment       0x0000000000000075       0x76 ./source/logger.o
 .comment       0x0000000000000075       0x76 ./source/main.o
 .comment       0x0000000000000075       0x76 ./source/mtb.o
 .comment       0x0000000000000075       0x76 ./source/post.o
 .comment       0x0000000000000075       0x76 ./source/semihost_hardfault.o
 .comment       0x0000000000000075       0x76 ./source/setup_teardown.o
 .comment       0x0000000000000075       0x76 ./source/time.o
 .comment       0x0000000000000075       0x76 ./source/uart.o
 .comment       0x0000000000000075       0x76 ./drivers/fsl_clock.o
 .comment       0x0000000000000075       0x76 ./drivers/fsl_common.o
 .comment       0x0000000000000075       0x76 ./drivers/fsl_dma.o
 .comment       0x0000000000000075       0x76 ./drivers/fsl_i2c.o
 .comment       0x0000000000000075       0x76 ./drivers/fsl_lpsci.o
 .comment       0x0000000000000075       0x76 ./drivers/fsl_uart.o
 .comment       0x0000000000000075       0x76 ./board/clock_config.o
 .comment       0x0000000000000075       0x76 ./CMSIS/system_MKL25Z4.o
 .comment       0x0000000000000075       0x76 /Applications/MCUXpressoIDE_11.0.1_2563/ide/plugins/com.nxp.mcuxpresso.tools.macosx_11.0.1.201907311258/tools/bin/../lib/gcc/arm-none-eabi/8.2.1/../../../../arm-none-eabi/lib/thumb/v6-m/nofp/libcr_semihost_nf.a(_cr__main.o)
 .comment       0x0000000000000075       0x76 /Applications/MCUXpressoIDE_11.0.1_2563/ide/plugins/com.nxp.mcuxpresso.tools.macosx_11.0.1.201907311258/tools/bin/../lib/gcc/arm-none-eabi/8.2.1/../../../../arm-none-eabi/lib/thumb/v6-m/nofp/libcr_c.a(memset.o)
 .comment       0x0000000000000075       0x76 /Applications/MCUXpressoIDE_11.0.1_2563/ide/plugins/com.nxp.mcuxpresso.tools.macosx_11.0.1.201907311258/tools/bin/../lib/gcc/arm-none-eabi/8.2.1/../../../../arm-none-eabi/lib/thumb/v6-m/nofp/libcr_c.a(alloc.o)
 .comment       0x0000000000000075       0x76 /Applications/MCUXpressoIDE_11.0.1_2563/ide/plugins/com.nxp.mcuxpresso.tools.macosx_11.0.1.201907311258/tools/bin/../lib/gcc/arm-none-eabi/8.2.1/../../../../arm-none-eabi/lib/thumb/v6-m/nofp/libcr_c.a(fpprintf.o)
 .comment       0x0000000000000075       0x76 /Applications/MCUXpressoIDE_11.0.1_2563/ide/plugins/com.nxp.mcuxpresso.tools.macosx_11.0.1.201907311258/tools/bin/../lib/gcc/arm-none-eabi/8.2.1/../../../../arm-none-eabi/lib/thumb/v6-m/nofp/libcr_c.a(initio.o)
 .comment       0x0000000000000075       0x76 /Applications/MCUXpressoIDE_11.0.1_2563/ide/plugins/com.nxp.mcuxpresso.tools.macosx_11.0.1.201907311258/tools/bin/../lib/gcc/arm-none-eabi/8.2.1/../../../../arm-none-eabi/lib/thumb/v6-m/nofp/libcr_c.a(modf.o)
 .comment       0x0000000000000075       0x76 /Applications/MCUXpressoIDE_11.0.1_2563/ide/plugins/com.nxp.mcuxpresso.tools.macosx_11.0.1.201907311258/tools/bin/../lib/gcc/arm-none-eabi/8.2.1/../../../../arm-none-eabi/lib/thumb/v6-m/nofp/libcr_c.a(pow.o)
 .comment       0x0000000000000075       0x76 /Applications/MCUXpressoIDE_11.0.1_2563/ide/plugins/com.nxp.mcuxpresso.tools.macosx_11.0.1.201907311258/tools/bin/../lib/gcc/arm-none-eabi/8.2.1/../../../../arm-none-eabi/lib/thumb/v6-m/nofp/libcr_c.a(printf.o)
 .comment       0x0000000000000075       0x76 /Applications/MCUXpressoIDE_11.0.1_2563/ide/plugins/com.nxp.mcuxpresso.tools.macosx_11.0.1.201907311258/tools/bin/../lib/gcc/arm-none-eabi/8.2.1/../../../../arm-none-eabi/lib/thumb/v6-m/nofp/libcr_c.a(setvbuf.o)
 .comment       0x0000000000000075       0x76 /Applications/MCUXpressoIDE_11.0.1_2563/ide/plugins/com.nxp.mcuxpresso.tools.macosx_11.0.1.201907311258/tools/bin/../lib/gcc/arm-none-eabi/8.2.1/../../../../arm-none-eabi/lib/thumb/v6-m/nofp/libcr_c.a(stdlib.o)
 .comment       0x0000000000000075       0x76 /Applications/MCUXpressoIDE_11.0.1_2563/ide/plugins/com.nxp.mcuxpresso.tools.macosx_11.0.1.201907311258/tools/bin/../lib/gcc/arm-none-eabi/8.2.1/../../../../arm-none-eabi/lib/thumb/v6-m/nofp/libcr_c.a(strlen.o)
 .comment       0x0000000000000075       0x76 /Applications/MCUXpressoIDE_11.0.1_2563/ide/plugins/com.nxp.mcuxpresso.tools.macosx_11.0.1.201907311258/tools/bin/../lib/gcc/arm-none-eabi/8.2.1/../../../../arm-none-eabi/lib/thumb/v6-m/nofp/libcr_c.a(__init_alloc.o)
 .comment       0x0000000000000075       0x76 /Applications/MCUXpressoIDE_11.0.1_2563/ide/plugins/com.nxp.mcuxpresso.tools.macosx_11.0.1.201907311258/tools/bin/../lib/gcc/arm-none-eabi/8.2.1/../../../../arm-none-eabi/lib/thumb/v6-m/nofp/libcr_c.a(_cr_sbrk.o)
 .comment       0x0000000000000075       0x76 /Applications/MCUXpressoIDE_11.0.1_2563/ide/plugins/com.nxp.mcuxpresso.tools.macosx_11.0.1.201907311258/tools/bin/../lib/gcc/arm-none-eabi/8.2.1/../../../../arm-none-eabi/lib/thumb/v6-m/nofp/libcr_c.a(_deferredlazyseek.o)
 .comment       0x0000000000000075       0x76 /Applications/MCUXpressoIDE_11.0.1_2563/ide/plugins/com.nxp.mcuxpresso.tools.macosx_11.0.1.201907311258/tools/bin/../lib/gcc/arm-none-eabi/8.2.1/../../../../arm-none-eabi/lib/thumb/v6-m/nofp/libcr_c.a(_fdopen.o)
 .comment       0x0000000000000075       0x76 /Applications/MCUXpressoIDE_11.0.1_2563/ide/plugins/com.nxp.mcuxpresso.tools.macosx_11.0.1.201907311258/tools/bin/../lib/gcc/arm-none-eabi/8.2.1/../../../../arm-none-eabi/lib/thumb/v6-m/nofp/libcr_c.a(_fflush.o)
 .comment       0x0000000000000075       0x76 /Applications/MCUXpressoIDE_11.0.1_2563/ide/plugins/com.nxp.mcuxpresso.tools.macosx_11.0.1.201907311258/tools/bin/../lib/gcc/arm-none-eabi/8.2.1/../../../../arm-none-eabi/lib/thumb/v6-m/nofp/libcr_c.a(_frexpl.o)
 .comment       0x0000000000000075       0x76 /Applications/MCUXpressoIDE_11.0.1_2563/ide/plugins/com.nxp.mcuxpresso.tools.macosx_11.0.1.201907311258/tools/bin/../lib/gcc/arm-none-eabi/8.2.1/../../../../arm-none-eabi/lib/thumb/v6-m/nofp/libcr_c.a(_ldexpl.o)
 .comment       0x0000000000000075       0x76 /Applications/MCUXpressoIDE_11.0.1_2563/ide/plugins/com.nxp.mcuxpresso.tools.macosx_11.0.1.201907311258/tools/bin/../lib/gcc/arm-none-eabi/8.2.1/../../../../arm-none-eabi/lib/thumb/v6-m/nofp/libcr_c.a(_writebuf.o)
 .comment       0x0000000000000075       0x76 /Applications/MCUXpressoIDE_11.0.1_2563/ide/plugins/com.nxp.mcuxpresso.tools.macosx_11.0.1.201907311258/tools/bin/../lib/gcc/arm-none-eabi/8.2.1/../../../../arm-none-eabi/lib/thumb/v6-m/nofp/libcr_c.a(errno.o)
 .comment       0x0000000000000075       0x76 /Applications/MCUXpressoIDE_11.0.1_2563/ide/plugins/com.nxp.mcuxpresso.tools.macosx_11.0.1.201907311258/tools/bin/../lib/gcc/arm-none-eabi/8.2.1/../../../../arm-none-eabi/lib/thumb/v6-m/nofp/libcr_c.a(fclose.o)
 .comment       0x0000000000000075       0x76 /Applications/MCUXpressoIDE_11.0.1_2563/ide/plugins/com.nxp.mcuxpresso.tools.macosx_11.0.1.201907311258/tools/bin/../lib/gcc/arm-none-eabi/8.2.1/../../../../arm-none-eabi/lib/thumb/v6-m/nofp/libcr_c.a(fflush.o)
 .comment       0x0000000000000075       0x76 /Applications/MCUXpressoIDE_11.0.1_2563/ide/plugins/com.nxp.mcuxpresso.tools.macosx_11.0.1.201907311258/tools/bin/../lib/gcc/arm-none-eabi/8.2.1/../../../../arm-none-eabi/lib/thumb/v6-m/nofp/libcr_c.a(frexp.o)
 .comment       0x0000000000000075       0x76 /Applications/MCUXpressoIDE_11.0.1_2563/ide/plugins/com.nxp.mcuxpresso.tools.macosx_11.0.1.201907311258/tools/bin/../lib/gcc/arm-none-eabi/8.2.1/../../../../arm-none-eabi/lib/thumb/v6-m/nofp/libcr_c.a(fseek.o)
 .comment       0x0000000000000075       0x76 /Applications/MCUXpressoIDE_11.0.1_2563/ide/plugins/com.nxp.mcuxpresso.tools.macosx_11.0.1.201907311258/tools/bin/../lib/gcc/arm-none-eabi/8.2.1/../../../../arm-none-eabi/lib/thumb/v6-m/nofp/libcr_c.a(ftell.o)
 .comment       0x0000000000000075       0x76 /Applications/MCUXpressoIDE_11.0.1_2563/ide/plugins/com.nxp.mcuxpresso.tools.macosx_11.0.1.201907311258/tools/bin/../lib/gcc/arm-none-eabi/8.2.1/../../../../arm-none-eabi/lib/thumb/v6-m/nofp/libcr_c.a(ldexp.o)
 .comment       0x0000000000000075       0x76 /Applications/MCUXpressoIDE_11.0.1_2563/ide/plugins/com.nxp.mcuxpresso.tools.macosx_11.0.1.201907311258/tools/bin/../lib/gcc/arm-none-eabi/8.2.1/../../../../arm-none-eabi/lib/thumb/v6-m/nofp/libcr_c.a(remove.o)
 .comment       0x0000000000000075       0x76 /Applications/MCUXpressoIDE_11.0.1_2563/ide/plugins/com.nxp.mcuxpresso.tools.macosx_11.0.1.201907311258/tools/bin/../lib/gcc/arm-none-eabi/8.2.1/../../../../arm-none-eabi/lib/thumb/v6-m/nofp/libcr_c.a(_cr_check_heap.o)
 .comment       0x0000000000000075       0x76 /Applications/MCUXpressoIDE_11.0.1_2563/ide/plugins/com.nxp.mcuxpresso.tools.macosx_11.0.1.201907311258/tools/bin/../lib/gcc/arm-none-eabi/8.2.1/../../../../arm-none-eabi/lib/thumb/v6-m/nofp/libcr_c.a(_do_fflush.o)
 .comment       0x0000000000000075       0x76 /Applications/MCUXpressoIDE_11.0.1_2563/ide/plugins/com.nxp.mcuxpresso.tools.macosx_11.0.1.201907311258/tools/bin/../lib/gcc/arm-none-eabi/8.2.1/thumb/v6-m/nofp/libcr_eabihelpers.a(double.o)
 .comment       0x0000000000000075       0x76 /Applications/MCUXpressoIDE_11.0.1_2563/ide/plugins/com.nxp.mcuxpresso.tools.macosx_11.0.1.201907311258/tools/bin/../lib/gcc/arm-none-eabi/8.2.1/thumb/v6-m/nofp/libcr_eabihelpers.a(float.o)
 .comment       0x0000000000000075       0x76 /Applications/MCUXpressoIDE_11.0.1_2563/ide/plugins/com.nxp.mcuxpresso.tools.macosx_11.0.1.201907311258/tools/bin/../lib/gcc/arm-none-eabi/8.2.1/../../../../arm-none-eabi/lib/thumb/v6-m/nofp/libcr_semihost_nf.a(__ciob.o)

.ARM.attributes
                0x0000000000000000       0x2a
 .ARM.attributes
                0x0000000000000000       0x2c ./utilities/fsl_debug_console.o
 .ARM.attributes
                0x000000000000002c       0x2c ./startup/startup_mkl25z4.o
 .ARM.attributes
                0x0000000000000058       0x2c ./source/circular_buffer.o
 .ARM.attributes
                0x0000000000000084       0x2c ./source/delay.o
 .ARM.attributes
                0x00000000000000b0       0x2c ./source/handle_led.o
 .ARM.attributes
                0x00000000000000dc       0x2c ./source/logger.o
 .ARM.attributes
                0x0000000000000108       0x2c ./source/main.o
 .ARM.attributes
                0x0000000000000134       0x32 ./source/mtb.o
 .ARM.attributes
                0x0000000000000166       0x2c ./source/post.o
 .ARM.attributes
                0x0000000000000192       0x2c ./source/semihost_hardfault.o
 .ARM.attributes
                0x00000000000001be       0x2c ./source/setup_teardown.o
 .ARM.attributes
                0x00000000000001ea       0x2c ./source/time.o
 .ARM.attributes
                0x0000000000000216       0x2c ./source/uart.o
 .ARM.attributes
                0x0000000000000242       0x2c ./drivers/fsl_clock.o
 .ARM.attributes
                0x000000000000026e       0x2c ./drivers/fsl_common.o
 .ARM.attributes
                0x000000000000029a       0x2c ./drivers/fsl_dma.o
 .ARM.attributes
                0x00000000000002c6       0x2c ./drivers/fsl_i2c.o
 .ARM.attributes
                0x00000000000002f2       0x2c ./drivers/fsl_lpsci.o
 .ARM.attributes
                0x000000000000031e       0x2c ./drivers/fsl_uart.o
 .ARM.attributes
                0x000000000000034a       0x2c ./board/clock_config.o
 .ARM.attributes
                0x0000000000000376       0x2c ./CMSIS/system_MKL25Z4.o
 .ARM.attributes
                0x00000000000003a2       0x2c /Applications/MCUXpressoIDE_11.0.1_2563/ide/plugins/com.nxp.mcuxpresso.tools.macosx_11.0.1.201907311258/tools/bin/../lib/gcc/arm-none-eabi/8.2.1/../../../../arm-none-eabi/lib/thumb/v6-m/nofp/libcr_semihost_nf.a(_cr__main.o)
 .ARM.attributes
                0x00000000000003ce       0x2c /Applications/MCUXpressoIDE_11.0.1_2563/ide/plugins/com.nxp.mcuxpresso.tools.macosx_11.0.1.201907311258/tools/bin/../lib/gcc/arm-none-eabi/8.2.1/../../../../arm-none-eabi/lib/thumb/v6-m/nofp/libcr_c.a(memset.o)
 .ARM.attributes
                0x00000000000003fa       0x2c /Applications/MCUXpressoIDE_11.0.1_2563/ide/plugins/com.nxp.mcuxpresso.tools.macosx_11.0.1.201907311258/tools/bin/../lib/gcc/arm-none-eabi/8.2.1/../../../../arm-none-eabi/lib/thumb/v6-m/nofp/libcr_c.a(alloc.o)
 .ARM.attributes
                0x0000000000000426       0x2c /Applications/MCUXpressoIDE_11.0.1_2563/ide/plugins/com.nxp.mcuxpresso.tools.macosx_11.0.1.201907311258/tools/bin/../lib/gcc/arm-none-eabi/8.2.1/../../../../arm-none-eabi/lib/thumb/v6-m/nofp/libcr_c.a(fpprintf.o)
 .ARM.attributes
                0x0000000000000452       0x2c /Applications/MCUXpressoIDE_11.0.1_2563/ide/plugins/com.nxp.mcuxpresso.tools.macosx_11.0.1.201907311258/tools/bin/../lib/gcc/arm-none-eabi/8.2.1/../../../../arm-none-eabi/lib/thumb/v6-m/nofp/libcr_c.a(initio.o)
 .ARM.attributes
                0x000000000000047e       0x2c /Applications/MCUXpressoIDE_11.0.1_2563/ide/plugins/com.nxp.mcuxpresso.tools.macosx_11.0.1.201907311258/tools/bin/../lib/gcc/arm-none-eabi/8.2.1/../../../../arm-none-eabi/lib/thumb/v6-m/nofp/libcr_c.a(modf.o)
 .ARM.attributes
                0x00000000000004aa       0x2c /Applications/MCUXpressoIDE_11.0.1_2563/ide/plugins/com.nxp.mcuxpresso.tools.macosx_11.0.1.201907311258/tools/bin/../lib/gcc/arm-none-eabi/8.2.1/../../../../arm-none-eabi/lib/thumb/v6-m/nofp/libcr_c.a(pow.o)
 .ARM.attributes
                0x00000000000004d6       0x2c /Applications/MCUXpressoIDE_11.0.1_2563/ide/plugins/com.nxp.mcuxpresso.tools.macosx_11.0.1.201907311258/tools/bin/../lib/gcc/arm-none-eabi/8.2.1/../../../../arm-none-eabi/lib/thumb/v6-m/nofp/libcr_c.a(printf.o)
 .ARM.attributes
                0x0000000000000502       0x2c /Applications/MCUXpressoIDE_11.0.1_2563/ide/plugins/com.nxp.mcuxpresso.tools.macosx_11.0.1.201907311258/tools/bin/../lib/gcc/arm-none-eabi/8.2.1/../../../../arm-none-eabi/lib/thumb/v6-m/nofp/libcr_c.a(setvbuf.o)
 .ARM.attributes
                0x000000000000052e       0x2c /Applications/MCUXpressoIDE_11.0.1_2563/ide/plugins/com.nxp.mcuxpresso.tools.macosx_11.0.1.201907311258/tools/bin/../lib/gcc/arm-none-eabi/8.2.1/../../../../arm-none-eabi/lib/thumb/v6-m/nofp/libcr_c.a(stdlib.o)
 .ARM.attributes
                0x000000000000055a       0x2c /Applications/MCUXpressoIDE_11.0.1_2563/ide/plugins/com.nxp.mcuxpresso.tools.macosx_11.0.1.201907311258/tools/bin/../lib/gcc/arm-none-eabi/8.2.1/../../../../arm-none-eabi/lib/thumb/v6-m/nofp/libcr_c.a(strlen.o)
 .ARM.attributes
                0x0000000000000586       0x2c /Applications/MCUXpressoIDE_11.0.1_2563/ide/plugins/com.nxp.mcuxpresso.tools.macosx_11.0.1.201907311258/tools/bin/../lib/gcc/arm-none-eabi/8.2.1/../../../../arm-none-eabi/lib/thumb/v6-m/nofp/libcr_c.a(__init_alloc.o)
 .ARM.attributes
                0x00000000000005b2       0x2c /Applications/MCUXpressoIDE_11.0.1_2563/ide/plugins/com.nxp.mcuxpresso.tools.macosx_11.0.1.201907311258/tools/bin/../lib/gcc/arm-none-eabi/8.2.1/../../../../arm-none-eabi/lib/thumb/v6-m/nofp/libcr_c.a(_cr_sbrk.o)
 .ARM.attributes
                0x00000000000005de       0x2c /Applications/MCUXpressoIDE_11.0.1_2563/ide/plugins/com.nxp.mcuxpresso.tools.macosx_11.0.1.201907311258/tools/bin/../lib/gcc/arm-none-eabi/8.2.1/../../../../arm-none-eabi/lib/thumb/v6-m/nofp/libcr_c.a(_deferredlazyseek.o)
 .ARM.attributes
                0x000000000000060a       0x2c /Applications/MCUXpressoIDE_11.0.1_2563/ide/plugins/com.nxp.mcuxpresso.tools.macosx_11.0.1.201907311258/tools/bin/../lib/gcc/arm-none-eabi/8.2.1/../../../../arm-none-eabi/lib/thumb/v6-m/nofp/libcr_c.a(_fdopen.o)
 .ARM.attributes
                0x0000000000000636       0x2c /Applications/MCUXpressoIDE_11.0.1_2563/ide/plugins/com.nxp.mcuxpresso.tools.macosx_11.0.1.201907311258/tools/bin/../lib/gcc/arm-none-eabi/8.2.1/../../../../arm-none-eabi/lib/thumb/v6-m/nofp/libcr_c.a(_fflush.o)
 .ARM.attributes
                0x0000000000000662       0x2c /Applications/MCUXpressoIDE_11.0.1_2563/ide/plugins/com.nxp.mcuxpresso.tools.macosx_11.0.1.201907311258/tools/bin/../lib/gcc/arm-none-eabi/8.2.1/../../../../arm-none-eabi/lib/thumb/v6-m/nofp/libcr_c.a(_frexpl.o)
 .ARM.attributes
                0x000000000000068e       0x2c /Applications/MCUXpressoIDE_11.0.1_2563/ide/plugins/com.nxp.mcuxpresso.tools.macosx_11.0.1.201907311258/tools/bin/../lib/gcc/arm-none-eabi/8.2.1/../../../../arm-none-eabi/lib/thumb/v6-m/nofp/libcr_c.a(_ldexpl.o)
 .ARM.attributes
                0x00000000000006ba       0x2c /Applications/MCUXpressoIDE_11.0.1_2563/ide/plugins/com.nxp.mcuxpresso.tools.macosx_11.0.1.201907311258/tools/bin/../lib/gcc/arm-none-eabi/8.2.1/../../../../arm-none-eabi/lib/thumb/v6-m/nofp/libcr_c.a(_writebuf.o)
 .ARM.attributes
                0x00000000000006e6       0x31 /Applications/MCUXpressoIDE_11.0.1_2563/ide/plugins/com.nxp.mcuxpresso.tools.macosx_11.0.1.201907311258/tools/bin/../lib/gcc/arm-none-eabi/8.2.1/../../../../arm-none-eabi/lib/thumb/v6-m/nofp/libcr_c.a(errno.o)
 .ARM.attributes
                0x0000000000000717       0x2c /Applications/MCUXpressoIDE_11.0.1_2563/ide/plugins/com.nxp.mcuxpresso.tools.macosx_11.0.1.201907311258/tools/bin/../lib/gcc/arm-none-eabi/8.2.1/../../../../arm-none-eabi/lib/thumb/v6-m/nofp/libcr_c.a(fclose.o)
 .ARM.attributes
                0x0000000000000743       0x2c /Applications/MCUXpressoIDE_11.0.1_2563/ide/plugins/com.nxp.mcuxpresso.tools.macosx_11.0.1.201907311258/tools/bin/../lib/gcc/arm-none-eabi/8.2.1/../../../../arm-none-eabi/lib/thumb/v6-m/nofp/libcr_c.a(fflush.o)
 .ARM.attributes
                0x000000000000076f       0x2c /Applications/MCUXpressoIDE_11.0.1_2563/ide/plugins/com.nxp.mcuxpresso.tools.macosx_11.0.1.201907311258/tools/bin/../lib/gcc/arm-none-eabi/8.2.1/../../../../arm-none-eabi/lib/thumb/v6-m/nofp/libcr_c.a(frexp.o)
 .ARM.attributes
                0x000000000000079b       0x2c /Applications/MCUXpressoIDE_11.0.1_2563/ide/plugins/com.nxp.mcuxpresso.tools.macosx_11.0.1.201907311258/tools/bin/../lib/gcc/arm-none-eabi/8.2.1/../../../../arm-none-eabi/lib/thumb/v6-m/nofp/libcr_c.a(fseek.o)
 .ARM.attributes
                0x00000000000007c7       0x2c /Applications/MCUXpressoIDE_11.0.1_2563/ide/plugins/com.nxp.mcuxpresso.tools.macosx_11.0.1.201907311258/tools/bin/../lib/gcc/arm-none-eabi/8.2.1/../../../../arm-none-eabi/lib/thumb/v6-m/nofp/libcr_c.a(ftell.o)
 .ARM.attributes
                0x00000000000007f3       0x2c /Applications/MCUXpressoIDE_11.0.1_2563/ide/plugins/com.nxp.mcuxpresso.tools.macosx_11.0.1.201907311258/tools/bin/../lib/gcc/arm-none-eabi/8.2.1/../../../../arm-none-eabi/lib/thumb/v6-m/nofp/libcr_c.a(ldexp.o)
 .ARM.attributes
                0x000000000000081f       0x2c /Applications/MCUXpressoIDE_11.0.1_2563/ide/plugins/com.nxp.mcuxpresso.tools.macosx_11.0.1.201907311258/tools/bin/../lib/gcc/arm-none-eabi/8.2.1/../../../../arm-none-eabi/lib/thumb/v6-m/nofp/libcr_c.a(remove.o)
 .ARM.attributes
                0x000000000000084b       0x2c /Applications/MCUXpressoIDE_11.0.1_2563/ide/plugins/com.nxp.mcuxpresso.tools.macosx_11.0.1.201907311258/tools/bin/../lib/gcc/arm-none-eabi/8.2.1/../../../../arm-none-eabi/lib/thumb/v6-m/nofp/libcr_c.a(_cr_check_heap.o)
 .ARM.attributes
                0x0000000000000877       0x2c /Applications/MCUXpressoIDE_11.0.1_2563/ide/plugins/com.nxp.mcuxpresso.tools.macosx_11.0.1.201907311258/tools/bin/../lib/gcc/arm-none-eabi/8.2.1/../../../../arm-none-eabi/lib/thumb/v6-m/nofp/libcr_c.a(_do_fflush.o)
 .ARM.attributes
                0x00000000000008a3       0x1c /Applications/MCUXpressoIDE_11.0.1_2563/ide/plugins/com.nxp.mcuxpresso.tools.macosx_11.0.1.201907311258/tools/bin/../lib/gcc/arm-none-eabi/8.2.1/thumb/v6-m/nofp/libcr_eabihelpers.a(division_32.o)
 .ARM.attributes
                0x00000000000008bf       0x1c /Applications/MCUXpressoIDE_11.0.1_2563/ide/plugins/com.nxp.mcuxpresso.tools.macosx_11.0.1.201907311258/tools/bin/../lib/gcc/arm-none-eabi/8.2.1/thumb/v6-m/nofp/libcr_eabihelpers.a(division_64.o)
 .ARM.attributes
                0x00000000000008db       0x1c /Applications/MCUXpressoIDE_11.0.1_2563/ide/plugins/com.nxp.mcuxpresso.tools.macosx_11.0.1.201907311258/tools/bin/../lib/gcc/arm-none-eabi/8.2.1/thumb/v6-m/nofp/libcr_eabihelpers.a(division_idiv0.o)
 .ARM.attributes
                0x00000000000008f7       0x2c /Applications/MCUXpressoIDE_11.0.1_2563/ide/plugins/com.nxp.mcuxpresso.tools.macosx_11.0.1.201907311258/tools/bin/../lib/gcc/arm-none-eabi/8.2.1/thumb/v6-m/nofp/libcr_eabihelpers.a(double.o)
 .ARM.attributes
                0x0000000000000923       0x2c /Applications/MCUXpressoIDE_11.0.1_2563/ide/plugins/com.nxp.mcuxpresso.tools.macosx_11.0.1.201907311258/tools/bin/../lib/gcc/arm-none-eabi/8.2.1/thumb/v6-m/nofp/libcr_eabihelpers.a(float.o)
 .ARM.attributes
                0x000000000000094f       0x1c /Applications/MCUXpressoIDE_11.0.1_2563/ide/plugins/com.nxp.mcuxpresso.tools.macosx_11.0.1.201907311258/tools/bin/../lib/gcc/arm-none-eabi/8.2.1/thumb/v6-m/nofp/libcr_eabihelpers.a(llong.o)
 .ARM.attributes
                0x000000000000096b       0x1c /Applications/MCUXpressoIDE_11.0.1_2563/ide/plugins/com.nxp.mcuxpresso.tools.macosx_11.0.1.201907311258/tools/bin/../lib/gcc/arm-none-eabi/8.2.1/thumb/v6-m/nofp/libcr_eabihelpers.a(memcpy.o)
 .ARM.attributes
                0x0000000000000987       0x31 /Applications/MCUXpressoIDE_11.0.1_2563/ide/plugins/com.nxp.mcuxpresso.tools.macosx_11.0.1.201907311258/tools/bin/../lib/gcc/arm-none-eabi/8.2.1/../../../../arm-none-eabi/lib/thumb/v6-m/nofp/libcr_semihost_nf.a(__ciob.o)
 .ARM.attributes
                0x00000000000009b8       0x1c /Applications/MCUXpressoIDE_11.0.1_2563/ide/plugins/com.nxp.mcuxpresso.tools.macosx_11.0.1.201907311258/tools/bin/../lib/gcc/arm-none-eabi/8.2.1/../../../../arm-none-eabi/lib/thumb/v6-m/nofp/libcr_semihost_nf.a(__sys_appexit.o)
 .ARM.attributes
                0x00000000000009d4       0x1c /Applications/MCUXpressoIDE_11.0.1_2563/ide/plugins/com.nxp.mcuxpresso.tools.macosx_11.0.1.201907311258/tools/bin/../lib/gcc/arm-none-eabi/8.2.1/../../../../arm-none-eabi/lib/thumb/v6-m/nofp/libcr_semihost_nf.a(__sys_close.o)
 .ARM.attributes
                0x00000000000009f0       0x1c /Applications/MCUXpressoIDE_11.0.1_2563/ide/plugins/com.nxp.mcuxpresso.tools.macosx_11.0.1.201907311258/tools/bin/../lib/gcc/arm-none-eabi/8.2.1/../../../../arm-none-eabi/lib/thumb/v6-m/nofp/libcr_semihost_nf.a(__sys_flen.o)
 .ARM.attributes
                0x0000000000000a0c       0x1c /Applications/MCUXpressoIDE_11.0.1_2563/ide/plugins/com.nxp.mcuxpresso.tools.macosx_11.0.1.201907311258/tools/bin/../lib/gcc/arm-none-eabi/8.2.1/../../../../arm-none-eabi/lib/thumb/v6-m/nofp/libcr_semihost_nf.a(__sys_istty.o)
 .ARM.attributes
                0x0000000000000a28       0x1c /Applications/MCUXpressoIDE_11.0.1_2563/ide/plugins/com.nxp.mcuxpresso.tools.macosx_11.0.1.201907311258/tools/bin/../lib/gcc/arm-none-eabi/8.2.1/../../../../arm-none-eabi/lib/thumb/v6-m/nofp/libcr_semihost_nf.a(__sys_remove.o)
 .ARM.attributes
                0x0000000000000a44       0x1c /Applications/MCUXpressoIDE_11.0.1_2563/ide/plugins/com.nxp.mcuxpresso.tools.macosx_11.0.1.201907311258/tools/bin/../lib/gcc/arm-none-eabi/8.2.1/../../../../arm-none-eabi/lib/thumb/v6-m/nofp/libcr_semihost_nf.a(__sys_seek.o)
 .ARM.attributes
                0x0000000000000a60       0x1c /Applications/MCUXpressoIDE_11.0.1_2563/ide/plugins/com.nxp.mcuxpresso.tools.macosx_11.0.1.201907311258/tools/bin/../lib/gcc/arm-none-eabi/8.2.1/../../../../arm-none-eabi/lib/thumb/v6-m/nofp/libcr_semihost_nf.a(__sys_tmpnam.o)
 .ARM.attributes
                0x0000000000000a7c       0x1c /Applications/MCUXpressoIDE_11.0.1_2563/ide/plugins/com.nxp.mcuxpresso.tools.macosx_11.0.1.201907311258/tools/bin/../lib/gcc/arm-none-eabi/8.2.1/../../../../arm-none-eabi/lib/thumb/v6-m/nofp/libcr_semihost_nf.a(__sys_write.o)

.debug_frame    0x0000000000000000     0x2598
 .debug_frame   0x0000000000000000      0x214 ./utilities/fsl_debug_console.o
 .debug_frame   0x0000000000000214      0x3b0 ./startup/startup_mkl25z4.o
 .debug_frame   0x00000000000005c4      0x170 ./source/circular_buffer.o
 .debug_frame   0x0000000000000734       0x30 ./source/delay.o
 .debug_frame   0x0000000000000764       0x4c ./source/handle_led.o
 .debug_frame   0x00000000000007b0      0x108 ./source/logger.o
 .debug_frame   0x00000000000008b8       0x30 ./source/main.o
 .debug_frame   0x00000000000008e8       0x2c ./source/post.o
 .debug_frame   0x0000000000000914       0x20 ./source/semihost_hardfault.o
 .debug_frame   0x0000000000000934       0x4c ./source/setup_teardown.o
 .debug_frame   0x0000000000000980       0xe4 ./source/time.o
 .debug_frame   0x0000000000000a64      0x18c ./source/uart.o