Archive member included to satisfy reference by file (symbol)

/Applications/MCUXpressoIDE_11.0.1_2563/ide/plugins/com.nxp.mcuxpresso.tools.macosx_11.0.1.201907311258/tools/bin/../lib/gcc/arm-none-eabi/8.2.1/../../../../arm-none-eabi/lib/thumb/v6-m/nofp/libcr_semihost_nf.a(_cr__main.o)
                              ./startup/startup_mkl25z4.o (__main)
/Applications/MCUXpressoIDE_11.0.1_2563/ide/plugins/com.nxp.mcuxpresso.tools.macosx_11.0.1.201907311258/tools/bin/../lib/gcc/arm-none-eabi/8.2.1/../../../../arm-none-eabi/lib/thumb/v6-m/nofp/libcr_c.a(memcpy.o)
                              ./drivers/fsl_flash.o (memcpy)
/Applications/MCUXpressoIDE_11.0.1_2563/ide/plugins/com.nxp.mcuxpresso.tools.macosx_11.0.1.201907311258/tools/bin/../lib/gcc/arm-none-eabi/8.2.1/../../../../arm-none-eabi/lib/thumb/v6-m/nofp/libcr_c.a(memset.o)
                              ./drivers/fsl_dma.o (memset)
/Applications/MCUXpressoIDE_11.0.1_2563/ide/plugins/com.nxp.mcuxpresso.tools.macosx_11.0.1.201907311258/tools/bin/../lib/gcc/arm-none-eabi/8.2.1/../../../../arm-none-eabi/lib/thumb/v6-m/nofp/libcr_c.a(initio.o)
                              /Applications/MCUXpressoIDE_11.0.1_2563/ide/plugins/com.nxp.mcuxpresso.tools.macosx_11.0.1.201907311258/tools/bin/../lib/gcc/arm-none-eabi/8.2.1/../../../../arm-none-eabi/lib/thumb/v6-m/nofp/libcr_semihost_nf.a(_cr__main.o) (_initio)
/Applications/MCUXpressoIDE_11.0.1_2563/ide/plugins/com.nxp.mcuxpresso.tools.macosx_11.0.1.201907311258/tools/bin/../lib/gcc/arm-none-eabi/8.2.1/../../../../arm-none-eabi/lib/thumb/v6-m/nofp/libcr_c.a(printf.o)
                              ./source/logger.o (_vsprintf)
/Applications/MCUXpressoIDE_11.0.1_2563/ide/plugins/com.nxp.mcuxpresso.tools.macosx_11.0.1.201907311258/tools/bin/../lib/gcc/arm-none-eabi/8.2.1/../../../../arm-none-eabi/lib/thumb/v6-m/nofp/libcr_c.a(setvbuf.o)
                              /Applications/MCUXpressoIDE_11.0.1_2563/ide/plugins/com.nxp.mcuxpresso.tools.macosx_11.0.1.201907311258/tools/bin/../lib/gcc/arm-none-eabi/8.2.1/../../../../arm-none-eabi/lib/thumb/v6-m/nofp/libcr_c.a(initio.o) (setvbuf)
/Applications/MCUXpressoIDE_11.0.1_2563/ide/plugins/com.nxp.mcuxpresso.tools.macosx_11.0.1.201907311258/tools/bin/../lib/gcc/arm-none-eabi/8.2.1/../../../../arm-none-eabi/lib/thumb/v6-m/nofp/libcr_c.a(strlen.o)
                              ./utilities/fsl_debug_console.o (strlen)
/Applications/MCUXpressoIDE_11.0.1_2563/ide/plugins/com.nxp.mcuxpresso.tools.macosx_11.0.1.201907311258/tools/bin/../lib/gcc/arm-none-eabi/8.2.1/../../../../arm-none-eabi/lib/thumb/v6-m/nofp/libcr_c.a(_deferredlazyseek.o)
                              /Applications/MCUXpressoIDE_11.0.1_2563/ide/plugins/com.nxp.mcuxpresso.tools.macosx_11.0.1.201907311258/tools/bin/../lib/gcc/arm-none-eabi/8.2.1/../../../../arm-none-eabi/lib/thumb/v6-m/nofp/libcr_c.a(printf.o) (__flsbuf)
/Applications/MCUXpressoIDE_11.0.1_2563/ide/plugins/com.nxp.mcuxpresso.tools.macosx_11.0.1.201907311258/tools/bin/../lib/gcc/arm-none-eabi/8.2.1/../../../../arm-none-eabi/lib/thumb/v6-m/nofp/libcr_c.a(_fdopen.o)
                              /Applications/MCUXpressoIDE_11.0.1_2563/ide/plugins/com.nxp.mcuxpresso.tools.macosx_11.0.1.201907311258/tools/bin/../lib/gcc/arm-none-eabi/8.2.1/../../../../arm-none-eabi/lib/thumb/v6-m/nofp/libcr_c.a(initio.o) (_fdopen)
/Applications/MCUXpressoIDE_11.0.1_2563/ide/plugins/com.nxp.mcuxpresso.tools.macosx_11.0.1.201907311258/tools/bin/../lib/gcc/arm-none-eabi/8.2.1/../../../../arm-none-eabi/lib/thumb/v6-m/nofp/libcr_c.a(_fflush.o)
                              /Applications/MCUXpressoIDE_11.0.1_2563/ide/plugins/com.nxp.mcuxpresso.tools.macosx_11.0.1.201907311258/tools/bin/../lib/gcc/arm-none-eabi/8.2.1/../../../../arm-none-eabi/lib/thumb/v6-m/nofp/libcr_c.a(_deferredlazyseek.o) (_fflush)
/Applications/MCUXpressoIDE_11.0.1_2563/ide/plugins/com.nxp.mcuxpresso.tools.macosx_11.0.1.201907311258/tools/bin/../lib/gcc/arm-none-eabi/8.2.1/../../../../arm-none-eabi/lib/thumb/v6-m/nofp/libcr_c.a(_writebuf.o)
                              /Applications/MCUXpressoIDE_11.0.1_2563/ide/plugins/com.nxp.mcuxpresso.tools.macosx_11.0.1.201907311258/tools/bin/../lib/gcc/arm-none-eabi/8.2.1/../../../../arm-none-eabi/lib/thumb/v6-m/nofp/libcr_c.a(_deferredlazyseek.o) (_Cwritebuf)
/Applications/MCUXpressoIDE_11.0.1_2563/ide/plugins/com.nxp.mcuxpresso.tools.macosx_11.0.1.201907311258/tools/bin/../lib/gcc/arm-none-eabi/8.2.1/../../../../arm-none-eabi/lib/thumb/v6-m/nofp/libcr_c.a(alloc.o)
                              /Applications/MCUXpressoIDE_11.0.1_2563/ide/plugins/com.nxp.mcuxpresso.tools.macosx_11.0.1.201907311258/tools/bin/../lib/gcc/arm-none-eabi/8.2.1/../../../../arm-none-eabi/lib/thumb/v6-m/nofp/libcr_c.a(printf.o) (malloc)
/Applications/MCUXpressoIDE_11.0.1_2563/ide/plugins/com.nxp.mcuxpresso.tools.macosx_11.0.1.201907311258/tools/bin/../lib/gcc/arm-none-eabi/8.2.1/../../../../arm-none-eabi/lib/thumb/v6-m/nofp/libcr_c.a(fclose.o)
[...]
Memory Configuration

Name             Origin             Length             Attributes
PROGRAM_FLASH    0x0000000000000000 0x0000000000020000 xr
SRAM             0x000000001ffff000 0x0000000000004000 xrw
*default*        0x0000000000000000 0xffffffffffffffff

Linker script and memory map

LOAD ./utilities/fsl_debug_console.o
LOAD ./startup/startup_mkl25z4.o
LOAD ./source/handle_led.o
LOAD ./source/logger.o
LOAD ./source/main.o
LOAD ./source/mtb.o
LOAD ./source/semihost_hardfault.o
LOAD ./source/setup_teardown.o
LOAD ./drivers/fsl_clock.o
LOAD ./drivers/fsl_common.o
LOAD ./drivers/fsl_dma.o
LOAD ./drivers/fsl_dmamux.o
LOAD ./drivers/fsl_flash.o
LOAD ./drivers/fsl_gpio.o
LOAD ./drivers/fsl_i2c.o
LOAD ./drivers/fsl_i2c_dma.o
LOAD ./drivers/fsl_lpsci.o
LOAD ./drivers/fsl_lpsci_dma.o
LOAD ./drivers/fsl_smc.o
LOAD ./drivers/fsl_uart.o
LOAD ./drivers/fsl_uart_dma.o
LOAD ./board/board.o
LOAD ./board/clock_config.o
LOAD ./board/peripherals.o
LOAD ./board/pin_mux.o
LOAD ./CMSIS_driver/fsl_i2c_cmsis.o
LOAD ./CMSIS/system_MKL25Z4.o
START GROUP
LOAD /Applications/MCUXpressoIDE_11.0.1_2563/ide/plugins/com.nxp.mcuxpresso.tools.macosx_11.0.1.201907311258/tools/bin/../lib/gcc/arm-none-eabi/8.2.1/../../../../arm-none-eabi/lib/thumb/v6-m/nofp/libcr_semihost_nf.a
LOAD /Applications/MCUXpressoIDE_11.0.1_2563/ide/plugins/com.nxp.mcuxpresso.tools.macosx_11.0.1.201907311258/tools/bin/../lib/gcc/arm-none-eabi/8.2.1/../../../../arm-none-eabi/lib/thumb/v6-m/nofp/libcr_c.a
LOAD /Applications/MCUXpressoIDE_11.0.1_2563/ide/plugins/com.nxp.mcuxpresso.tools.macosx_11.0.1.201907311258/tools/bin/../lib/gcc/arm-none-eabi/8.2.1/thumb/v6-m/nofp/libcr_eabihelpers.a
LOAD /Applications/MCUXpressoIDE_11.0.1_2563/ide/plugins/com.nxp.mcuxpresso.tools.macosx_11.0.1.201907311258/tools/bin/../lib/gcc/arm-none-eabi/8.2.1/thumb/v6-m/nofp/libgcc.a
END GROUP
                0x0000000000000000                __base_PROGRAM_FLASH = 0x0
                0x0000000000000000                __base_Flash = 0x0
                0x0000000000020000                __top_PROGRAM_FLASH = 0x20000
                0x0000000000020000                __top_Flash = 0x20000
                0x000000001ffff000                __base_SRAM = 0x1ffff000
                0x000000001ffff000                __base_RAM = 0x1ffff000
                0x0000000020003000                __top_SRAM = 0x20003000
                0x0000000020003000                __top_RAM = 0x20003000

.text           0x0000000000000000     0x16d8
 FILL mask 0xff
                0x0000000000000000                __vectors_start__ = ABSOLUTE (.)
 *(SORT_BY_ALIGNMENT(.isr_vector))
 .isr_vector    0x0000000000000000       0xc0 ./startup/startup_mkl25z4.o
                0x0000000000000000                __Vectors
                0x0000000000000000                g_pfnVectors
                0x00000000000000c0                . = ALIGN (0x4)
                0x00000000000000c0                __section_table_start = .
                0x00000000000000c0                __data_section_table = .
                0x00000000000000c0        0x4 LONG 0x16d8 LOADADDR (.data)
                0x00000000000000c4        0x4 LONG 0x1ffff080 ADDR (.data)
                0x00000000000000c8        0x4 LONG 0x8 SIZEOF (.data)
                0x00000000000000cc                __data_section_table_end = .
                0x00000000000000cc                __bss_section_table = .
                0x00000000000000cc        0x4 LONG 0x1ffff088 ADDR (.bss)
                0x00000000000000d0        0x4 LONG 0x108 SIZEOF (.bss)
                0x00000000000000d4                __bss_section_table_end = .
                0x00000000000000d4                __section_table_end = .
 *(SORT_BY_ALIGNMENT(.after_vectors*))
 .after_vectors.reset
                0x00000000000000d4       0x44 ./startup/startup_mkl25z4.o
                0x00000000000000d4                ResetISR
 .after_vectors
                0x0000000000000118      0x10c ./startup/startup_mkl25z4.o
                0x0000000000000118                NMI_Handler
                0x000000000000011c                SVC_Handler
                0x000000000000011e                PendSV_Handler
                0x0000000000000120                SysTick_Handler
                0x0000000000000122                LPTMR0_DriverIRQHandler
                0x0000000000000122                PORTD_DriverIRQHandler
                0x0000000000000122                CMP0_DriverIRQHandler
                0x0000000000000122                ADC0_DriverIRQHandler
                0x0000000000000122                TPM2_DriverIRQHandler
                0x0000000000000122                SPI0_DriverIRQHandler
                0x0000000000000122                TSI0_DriverIRQHandler
                0x0000000000000122                RTC_Seconds_DriverIRQHandler
                0x0000000000000122                LVD_LVW_DriverIRQHandler
                0x0000000000000122                Reserved39_DriverIRQHandler
                0x0000000000000122                PIT_DriverIRQHandler
                0x0000000000000122                SPI1_DriverIRQHandler
                0x0000000000000122                TPM0_DriverIRQHandler
                0x0000000000000122                RTC_DriverIRQHandler
                0x0000000000000122                LLWU_DriverIRQHandler
                0x0000000000000122                MCG_DriverIRQHandler
                0x0000000000000122                TPM1_DriverIRQHandler
                0x0000000000000122                PORTA_DriverIRQHandler
                0x0000000000000122                Reserved45_DriverIRQHandler
                0x0000000000000122                FTFA_DriverIRQHandler
                0x0000000000000122                IntDefaultHandler
                0x0000000000000122                USB0_DriverIRQHandler
                0x0000000000000122                DAC0_DriverIRQHandler
                0x0000000000000122                Reserved20_DriverIRQHandler
                0x0000000000000124                DMA0_IRQHandler
                0x000000000000012c                DMA1_IRQHandler
                0x0000000000000134                DMA2_IRQHandler
                0x000000000000013c                DMA3_IRQHandler
                0x0000000000000144                Reserved20_IRQHandler
                0x000000000000014c                FTFA_IRQHandler
                0x0000000000000154                LVD_LVW_IRQHandler
                0x000000000000015c                LLWU_IRQHandler
                0x0000000000000164                I2C0_IRQHandler
                0x000000000000016c                I2C1_IRQHandler
                0x0000000000000174                SPI0_IRQHandler
                0x000000000000017c                SPI1_IRQHandler
                0x0000000000000184                UART0_IRQHandler
                0x000000000000018c                UART1_IRQHandler
                0x0000000000000194                UART2_IRQHandler
                0x000000000000019c                ADC0_IRQHandler
                0x00000000000001a4                CMP0_IRQHandler
                0x00000000000001ac                TPM0_IRQHandler
                0x00000000000001b4                TPM1_IRQHandler
                0x00000000000001bc                TPM2_IRQHandler
                0x00000000000001c4                RTC_IRQHandler
                0x00000000000001cc                RTC_Seconds_IRQHandler
                0x00000000000001d4                PIT_IRQHandler
                0x00000000000001dc                Reserved39_IRQHandler
                0x00000000000001e4                USB0_IRQHandler
                0x00000000000001ec                DAC0_IRQHandler
                0x00000000000001f4                TSI0_IRQHandler
                0x00000000000001fc                MCG_IRQHandler
                0x0000000000000204                LPTMR0_IRQHandler
                0x000000000000020c                Reserved45_IRQHandler
                0x0000000000000214                PORTA_IRQHandler
                0x000000000000021c                PORTD_IRQHandler
 .after_vectors.init_data
                0x0000000000000224       0x16 ./startup/startup_mkl25z4.o
                0x0000000000000224                data_init
 .after_vectors.init_bss
                0x000000000000023a       0x14 ./startup/startup_mkl25z4.o
                0x000000000000023a                bss_init
                0x0000000000000400                . = 0x400
 *fill*         0x000000000000024e      0x1b2 ff
                0x0000000000000400                PROVIDE (__FLASH_CONFIG_START__ = .)
 *(SORT_BY_ALIGNMENT(.FlashConfig))
 .FlashConfig   0x0000000000000400       0x10 ./startup/startup_mkl25z4.o
                0x0000000000000400                Flash_Config
                0x0000000000000410                PROVIDE (__FLASH_CONFIG_END__ = .)
                0x0000000000000001                ASSERT (! ((__FLASH_CONFIG_START__ == __FLASH_CONFIG_END__)), Linker Flash Config Support Enabled, but no .FlashConfig section provided within application)
 *(SORT_BY_ALIGNMENT(.text*))
 .text.DbgConsole_Putchar
                0x0000000000000410       0x24 ./utilities/fsl_debug_console.o
                0x0000000000000410                DbgConsole_Putchar
 .text.DbgConsole_Init
                0x0000000000000434       0x9c ./utilities/fsl_debug_console.o
                0x0000000000000434                DbgConsole_Init
 .text.DbgConsole_Printf
                0x00000000000004d0      0x290 ./utilities/fsl_debug_console.o
                0x00000000000004d0                DbgConsole_Printf
 .text.set_led  0x0000000000000760       0x64 ./source/handle_led.o
                0x0000000000000760                set_led
 .text.startup.main
                0x00000000000007c4       0x34 ./source/main.o
                0x00000000000007c4                main
 .text.HardFault_Handler
                0x00000000000007f8       0x2c ./source/semihost_hardfault.o
                0x00000000000007f8                HardFault_Handler
 .text.CLOCK_GetFllExtRefClkFreq
                0x0000000000000824       0x3c ./drivers/fsl_clock.o
 .text.CLOCK_SetSimConfig
                0x0000000000000860       0x4c ./drivers/fsl_clock.o
                0x0000000000000860                CLOCK_SetSimConfig
 .text.CLOCK_GetFllFreq
                0x00000000000008ac       0x4c ./drivers/fsl_clock.o
                0x00000000000008ac                CLOCK_GetFllFreq
 .text.CLOCK_GetPll0Freq
                0x00000000000008f8       0x30 ./drivers/fsl_clock.o
                0x00000000000008f8                CLOCK_GetPll0Freq
 .text.CLOCK_GetPllFllSelClkFreq
                0x0000000000000928       0x24 ./drivers/fsl_clock.o
                0x0000000000000928                CLOCK_GetPllFllSelClkFreq
 .text.CLOCK_SetInternalRefClkConfig
                0x000000000000094c       0x74 ./drivers/fsl_clock.o
                0x000000000000094c                CLOCK_SetInternalRefClkConfig
 .text.CLOCK_EnablePll0
                0x00000000000009c0       0x30 ./drivers/fsl_clock.o
                0x00000000000009c0                CLOCK_EnablePll0
 .text.CLOCK_InitOsc0
                0x00000000000009f0       0x68 ./drivers/fsl_clock.o
                0x00000000000009f0                CLOCK_InitOsc0
 .text.CLOCK_SetPbeMode
                0x0000000000000a58       0x50 ./drivers/fsl_clock.o
                0x0000000000000a58                CLOCK_SetPbeMode
 .text.CLOCK_BootToPeeMode
                0x0000000000000aa8       0x2c ./drivers/fsl_clock.o
                0x0000000000000aa8                CLOCK_BootToPeeMode
 .text.DMA0_DriverIRQHandler
                0x0000000000000ad4       0x10 ./drivers/fsl_dma.o
                0x0000000000000ad4                DMA0_DriverIRQHandler
 .text.DMA1_DriverIRQHandler
                0x0000000000000ae4       0x10 ./drivers/fsl_dma.o
                0x0000000000000ae4                DMA1_DriverIRQHandler
 .text.DMA2_DriverIRQHandler
                0x0000000000000af4       0x10 ./drivers/fsl_dma.o
                0x0000000000000af4                DMA2_DriverIRQHandler
 .text.DMA3_DriverIRQHandler
                0x0000000000000b04       0x10 ./drivers/fsl_dma.o
                0x0000000000000b04                DMA3_DriverIRQHandler
 .text.I2C_TransferCommonIRQHandler
                0x0000000000000b14       0x28 ./drivers/fsl_i2c.o
 .text.I2C0_DriverIRQHandler
                0x0000000000000b3c       0x18 ./drivers/fsl_i2c.o
                0x0000000000000b3c                I2C0_DriverIRQHandler
 .text.I2C1_DriverIRQHandler
                0x0000000000000b54       0x18 ./drivers/fsl_i2c.o
                0x0000000000000b54                I2C1_DriverIRQHandler
 .text.LPSCI_Init
                0x0000000000000b6c      0x128 ./drivers/fsl_lpsci.o
                0x0000000000000b6c                LPSCI_Init
 .text.LPSCI_ClearStatusFlags
                0x0000000000000c94       0x54 ./drivers/fsl_lpsci.o
                0x0000000000000c94                LPSCI_ClearStatusFlags
 .text.LPSCI_ReadBlocking
                0x0000000000000ce8       0x78 ./drivers/fsl_lpsci.o
                0x0000000000000ce8                LPSCI_ReadBlocking
 .text.UART0_DriverIRQHandler
                0x0000000000000d60       0x1c ./drivers/fsl_lpsci.o
                0x0000000000000d60                UART0_DriverIRQHandler
 .text.UART_GetInstance
                0x0000000000000d7c       0x24 ./drivers/fsl_uart.o
                0x0000000000000d7c                UART_GetInstance
 .text.UART_Init
                0x0000000000000da0       0xdc ./drivers/fsl_uart.o
                0x0000000000000da0                UART_Init
 .text.UART_ReadBlocking
                0x0000000000000e7c       0x60 ./drivers/fsl_uart.o
                0x0000000000000e7c                UART_ReadBlocking
 .text.UART1_DriverIRQHandler
                0x0000000000000edc       0x1c ./drivers/fsl_uart.o
                0x0000000000000edc                UART1_DriverIRQHandler
 .text.UART2_DriverIRQHandler
                0x0000000000000ef8       0x1c ./drivers/fsl_uart.o
                0x0000000000000ef8                UART2_DriverIRQHandler
 .text.BOARD_InitDebugConsole
                0x0000000000000f14       0x38 ./board/board.o
                0x0000000000000f14                BOARD_InitDebugConsole
 .text.BOARD_BootClockRUN
                0x0000000000000f4c       0x70 ./board/clock_config.o
                0x0000000000000f4c                BOARD_BootClockRUN
 .text.BOARD_InitPins
                0x0000000000000fbc       0x44 ./board/pin_mux.o
                0x0000000000000fbc                BOARD_InitPins
 .text.SystemInit
                0x0000000000001000       0x10 ./CMSIS/system_MKL25Z4.o
                0x0000000000001000                SystemInit
 .text._initio  0x0000000000001010       0x7c /Applications/MCUXpressoIDE_11.0.1_2563/ide/plugins/com.nxp.mcuxpresso.tools.macosx_11.0.1.201907311258/tools/bin/../lib/gcc/arm-none-eabi/8.2.1/../../../../arm-none-eabi/lib/thumb/v6-m/nofp/libcr_c.a(initio.o)
                0x0000000000001010                _initio
 .text.setvbuf  0x000000000000108c       0x4c /Applications/MCUXpressoIDE_11.0.1_2563/ide/plugins/com.nxp.mcuxpresso.tools.macosx_11.0.1.201907311258/tools/bin/../lib/gcc/arm-none-eabi/8.2.1/../../../../arm-none-eabi/lib/thumb/v6-m/nofp/libcr_c.a(setvbuf.o)
                0x000000000000108c                setvbuf
 .text.strlen   0x00000000000010d8       0x58 /Applications/MCUXpressoIDE_11.0.1_2563/ide/plugins/com.nxp.mcuxpresso.tools.macosx_11.0.1.201907311258/tools/bin/../lib/gcc/arm-none-eabi/8.2.1/../../../../arm-none-eabi/lib/thumb/v6-m/nofp/libcr_c.a(strlen.o)
                0x00000000000010d8                strlen
 .text._deferredlazyseek
                0x0000000000001130       0x40 /Applications/MCUXpressoIDE_11.0.1_2563/ide/plugins/com.nxp.mcuxpresso.tools.macosx_11.0.1.201907311258/tools/bin/../lib/gcc/arm-none-eabi/8.2.1/../../../../arm-none-eabi/lib/thumb/v6-m/nofp/libcr_c.a(_deferredlazyseek.o)
                0x0000000000001130                _deferredlazyseek
 .text._fdopen  0x0000000000001170       0x74 /Applications/MCUXpressoIDE_11.0.1_2563/ide/plugins/com.nxp.mcuxpresso.tools.macosx_11.0.1.201907311258/tools/bin/../lib/gcc/arm-none-eabi/8.2.1/../../../../arm-none-eabi/lib/thumb/v6-m/nofp/libcr_c.a(_fdopen.o)
                0x0000000000001170                _fdopen
 .text._fflush  0x00000000000011e4       0x5c /Applications/MCUXpressoIDE_11.0.1_2563/ide/plugins/com.nxp.mcuxpresso.tools.macosx_11.0.1.201907311258/tools/bin/../lib/gcc/arm-none-eabi/8.2.1/../../../../arm-none-eabi/lib/thumb/v6-m/nofp/libcr_c.a(_fflush.o)
                0x00000000000011e4                _fflush
 .text._Cwritebuf
                0x0000000000001240       0x68 /Applications/MCUXpressoIDE_11.0.1_2563/ide/plugins/com.nxp.mcuxpresso.tools.macosx_11.0.1.201907311258/tools/bin/../lib/gcc/arm-none-eabi/8.2.1/../../../../arm-none-eabi/lib/thumb/v6-m/nofp/libcr_c.a(_writebuf.o)
                0x0000000000001240                _Cwritebuf
 .text.fclose   0x00000000000012a8       0x5c /Applications/MCUXpressoIDE_11.0.1_2563/ide/plugins/com.nxp.mcuxpresso.tools.macosx_11.0.1.201907311258/tools/bin/../lib/gcc/arm-none-eabi/8.2.1/../../../../arm-none-eabi/lib/thumb/v6-m/nofp/libcr_c.a(fclose.o)
                0x00000000000012a8                fclose
 .text.fflush   0x0000000000001304       0x44 /Applications/MCUXpressoIDE_11.0.1_2563/ide/plugins/com.nxp.mcuxpresso.tools.macosx_11.0.1.201907311258/tools/bin/../lib/gcc/arm-none-eabi/8.2.1/../../../../arm-none-eabi/lib/thumb/v6-m/nofp/libcr_c.a(fflush.o)
                0x0000000000001304                fflush
 .text.fseek    0x0000000000001348       0xf0 /Applications/MCUXpressoIDE_11.0.1_2563/ide/plugins/com.nxp.mcuxpresso.tools.macosx_11.0.1.201907311258/tools/bin/../lib/gcc/arm-none-eabi/8.2.1/../../../../arm-none-eabi/lib/thumb/v6-m/nofp/libcr_c.a(fseek.o)
                0x0000000000001348                fseek
 .text.ftell    0x0000000000001438       0x48 /Applications/MCUXpressoIDE_11.0.1_2563/ide/plugins/com.nxp.mcuxpresso.tools.macosx_11.0.1.201907311258/tools/bin/../lib/gcc/arm-none-eabi/8.2.1/../../../../arm-none-eabi/lib/thumb/v6-m/nofp/libcr_c.a(ftell.o)
                0x0000000000001438                ftell
 .text._do_fflush
                0x0000000000001480       0x44 /Applications/MCUXpressoIDE_11.0.1_2563/ide/plugins/com.nxp.mcuxpresso.tools.macosx_11.0.1.201907311258/tools/bin/../lib/gcc/arm-none-eabi/8.2.1/../../../../arm-none-eabi/lib/thumb/v6-m/nofp/libcr_c.a(_do_fflush.o)
                0x0000000000001480                _do_fflush
 .text.DMA_HandleIRQ
                0x00000000000014c4       0x22 ./drivers/fsl_dma.o
                0x00000000000014c4                DMA_HandleIRQ
 .text.LPSCI_GetDefaultConfig
                0x00000000000014e6        0xc ./drivers/fsl_lpsci.o
                0x00000000000014e6                LPSCI_GetDefaultConfig
 .text.LPSCI_WriteBlocking
                0x00000000000014f2       0x18 ./drivers/fsl_lpsci.o
                0x00000000000014f2                LPSCI_WriteBlocking
 .text.UART_GetDefaultConfig
                0x000000000000150a        0xc ./drivers/fsl_uart.o
                0x000000000000150a                UART_GetDefaultConfig
 .text.UART_WriteBlocking
                0x0000000000001516       0x18 ./drivers/fsl_uart.o
                0x0000000000001516                UART_WriteBlocking
 .text.BOARD_InitBootClocks
                0x000000000000152e        0x8 ./board/clock_config.o
                0x000000000000152e                BOARD_InitBootClocks
 .text.BOARD_InitBootPeripherals
                0x0000000000001536        0x2 ./board/peripherals.o
                0x0000000000001536                BOARD_InitBootPeripherals
 .text.BOARD_InitBootPins
                0x0000000000001538        0x8 ./board/pin_mux.o
                0x0000000000001538                BOARD_InitBootPins
 .text.__main   0x0000000000001540        0xc /Applications/MCUXpressoIDE_11.0.1_2563/ide/plugins/com.nxp.mcuxpresso.tools.macosx_11.0.1.201907311258/tools/bin/../lib/gcc/arm-none-eabi/8.2.1/../../../../arm-none-eabi/lib/thumb/v6-m/nofp/libcr_semihost_nf.a(_cr__main.o)
                0x0000000000001540                __main
                0x0000000000001540                __CR_SEMIHOST
 .text.memset   0x000000000000154c        0x8 /Applications/MCUXpressoIDE_11.0.1_2563/ide/plugins/com.nxp.mcuxpresso.tools.macosx_11.0.1.201907311258/tools/bin/../lib/gcc/arm-none-eabi/8.2.1/../../../../arm-none-eabi/lib/thumb/v6-m/nofp/libcr_c.a(memset.o)
                0x000000000000154c                memset
 .text.free     0x0000000000001554       0x2c /Applications/MCUXpressoIDE_11.0.1_2563/ide/plugins/com.nxp.mcuxpresso.tools.macosx_11.0.1.201907311258/tools/bin/../lib/gcc/arm-none-eabi/8.2.1/../../../../arm-none-eabi/lib/thumb/v6-m/nofp/libcr_c.a(alloc.o)
                0x0000000000001554                free
 .text.remove   0x0000000000001580       0x12 /Applications/MCUXpressoIDE_11.0.1_2563/ide/plugins/com.nxp.mcuxpresso.tools.macosx_11.0.1.201907311258/tools/bin/../lib/gcc/arm-none-eabi/8.2.1/../../../../arm-none-eabi/lib/thumb/v6-m/nofp/libcr_c.a(remove.o)
                0x0000000000001580                remove
 .text.__aeabi_division_idivmod
                0x0000000000001592       0x78 /Applications/MCUXpressoIDE_11.0.1_2563/ide/plugins/com.nxp.mcuxpresso.tools.macosx_11.0.1.201907311258/tools/bin/../lib/gcc/arm-none-eabi/8.2.1/thumb/v6-m/nofp/libcr_eabihelpers.a(division_32.o)
                0x0000000000001592                __aeabi_idiv
                0x0000000000001592                __aeabi_idivmod
                0x0000000000001598                __aeabi_uidiv
                0x0000000000001598                __aeabi_uidivmod
 .text.__aeabi_division_idiv0
                0x000000000000160a        0x2 /Applications/MCUXpressoIDE_11.0.1_2563/ide/plugins/com.nxp.mcuxpresso.tools.macosx_11.0.1.201907311258/tools/bin/../lib/gcc/arm-none-eabi/8.2.1/thumb/v6-m/nofp/libcr_eabihelpers.a(division_idiv0.o)
                0x000000000000160a                __aeabi_idiv0
 .text.__aeabi_memset_lowlevel
                0x000000000000160c       0x2a /Applications/MCUXpressoIDE_11.0.1_2563/ide/plugins/com.nxp.mcuxpresso.tools.macosx_11.0.1.201907311258/tools/bin/../lib/gcc/arm-none-eabi/8.2.1/thumb/v6-m/nofp/libcr_eabihelpers.a(memcpy.o)
                0x000000000000160c                __aeabi_lowlevel_memset
 .text.__sys_close
                0x0000000000001636        0xc /Applications/MCUXpressoIDE_11.0.1_2563/ide/plugins/com.nxp.mcuxpresso.tools.macosx_11.0.1.201907311258/tools/bin/../lib/gcc/arm-none-eabi/8.2.1/../../../../arm-none-eabi/lib/thumb/v6-m/nofp/libcr_semihost_nf.a(__sys_close.o)
                0x0000000000001636                __sys_close
 .text.__sys_flen
                0x0000000000001642        0xc /Applications/MCUXpressoIDE_11.0.1_2563/ide/plugins/com.nxp.mcuxpresso.tools.macosx_11.0.1.201907311258/tools/bin/../lib/gcc/arm-none-eabi/8.2.1/../../../../arm-none-eabi/lib/thumb/v6-m/nofp/libcr_semihost_nf.a(__sys_flen.o)
                0x0000000000001642                __sys_flen
 .text.__sys_istty
                0x000000000000164e        0xc /Applications/MCUXpressoIDE_11.0.1_2563/ide/plugins/com.nxp.mcuxpresso.tools.macosx_11.0.1.201907311258/tools/bin/../lib/gcc/arm-none-eabi/8.2.1/../../../../arm-none-eabi/lib/thumb/v6-m/nofp/libcr_semihost_nf.a(__sys_istty.o)
                0x000000000000164e                __sys_istty
 .text.__sys_remove
                0x000000000000165a        0xc /Applications/MCUXpressoIDE_11.0.1_2563/ide/plugins/com.nxp.mcuxpresso.tools.macosx_11.0.1.201907311258/tools/bin/../lib/gcc/arm-none-eabi/8.2.1/../../../../arm-none-eabi/lib/thumb/v6-m/nofp/libcr_semihost_nf.a(__sys_remove.o)
                0x000000000000165a                __sys_remove
 .text.__sys_seek
                0x0000000000001666        0xc /Applications/MCUXpressoIDE_11.0.1_2563/ide/plugins/com.nxp.mcuxpresso.tools.macosx_11.0.1.201907311258/tools/bin/../lib/gcc/arm-none-eabi/8.2.1/../../../../arm-none-eabi/lib/thumb/v6-m/nofp/libcr_semihost_nf.a(__sys_seek.o)
                0x0000000000001666                __sys_seek
 .text.__sys_tmpnam
                0x0000000000001672        0xc /Applications/MCUXpressoIDE_11.0.1_2563/ide/plugins/com.nxp.mcuxpresso.tools.macosx_11.0.1.201907311258/tools/bin/../lib/gcc/arm-none-eabi/8.2.1/../../../../arm-none-eabi/lib/thumb/v6-m/nofp/libcr_semihost_nf.a(__sys_tmpnam.o)
                0x0000000000001672                __sys_tmpnam
 .text.__sys_write
                0x000000000000167e        0xc /Applications/MCUXpressoIDE_11.0.1_2563/ide/plugins/com.nxp.mcuxpresso.tools.macosx_11.0.1.201907311258/tools/bin/../lib/gcc/arm-none-eabi/8.2.1/../../../../arm-none-eabi/lib/thumb/v6-m/nofp/libcr_semihost_nf.a(__sys_write.o)
                0x000000000000167e                __sys_write
 *(SORT_BY_ALIGNMENT(.rodata) SORT_BY_ALIGNMENT(.rodata.*) SORT_BY_ALIGNMENT(.constdata) SORT_BY_ALIGNMENT(.constdata.*))
 *fill*         0x000000000000168a        0x2 ff
 .rodata.s_uartClock
                0x000000000000168c        0xc ./drivers/fsl_uart.o
 .rodata.oscConfig_BOARD_BootClockRUN
                0x0000000000001698        0x8 ./board/clock_config.o
                0x0000000000001698                oscConfig_BOARD_BootClockRUN
 .rodata.simConfig_BOARD_BootClockRUN
                0x00000000000016a0        0x8 ./board/clock_config.o
                0x00000000000016a0                simConfig_BOARD_BootClockRUN
 .rodata.__num_Ciob_streams
                0x00000000000016a8        0x4 /Applications/MCUXpressoIDE_11.0.1_2563/ide/plugins/com.nxp.mcuxpresso.tools.macosx_11.0.1.201907311258/tools/bin/../lib/gcc/arm-none-eabi/8.2.1/../../../../arm-none-eabi/lib/thumb/v6-m/nofp/libcr_semihost_nf.a(__ciob.o)
                0x00000000000016a8                __num_Ciob_streams
 .rodata.fllFactorTable.5230
                0x00000000000016ac       0x10 ./drivers/fsl_clock.o
 .rodata.main.str1.1
                0x00000000000016bc        0xd ./source/main.o
 .rodata.mcgConfig_BOARD_BootClockRUN
                0x00000000000016c9        0xa ./board/clock_config.o
                0x00000000000016c9                mcgConfig_BOARD_BootClockRUN
 .rodata._initio.str1.1
                0x00000000000016d3        0x4 /Applications/MCUXpressoIDE_11.0.1_2563/ide/plugins/com.nxp.mcuxpresso.tools.macosx_11.0.1.201907311258/tools/bin/../lib/gcc/arm-none-eabi/8.2.1/../../../../arm-none-eabi/lib/thumb/v6-m/nofp/libcr_c.a(initio.o)
                0x00000000000016d8                . = ALIGN (0x4)
 *fill*         0x00000000000016d7        0x1 ff

.glue_7         0x00000000000016d8        0x0
 .glue_7        0x00000000000016d8        0x0 linker stubs

.glue_7t        0x00000000000016d8        0x0
 .glue_7t       0x00000000000016d8        0x0 linker stubs

.vfp11_veneer   0x00000000000016d8        0x0
 .vfp11_veneer  0x00000000000016d8        0x0 linker stubs

.v4_bx          0x00000000000016d8        0x0
 .v4_bx         0x00000000000016d8        0x0 linker stubs

.iplt           0x00000000000016d8        0x0
 .iplt          0x00000000000016d8        0x0 ./utilities/fsl_debug_console.o

.rel.dyn        0x00000000000016d8        0x0
 .rel.iplt      0x00000000000016d8        0x0 ./utilities/fsl_debug_console.o

.ARM.extab
 *(SORT_BY_ALIGNMENT(.ARM.extab*) SORT_BY_ALIGNMENT(.gnu.linkonce.armextab.*))
                0x00000000000016d8                __exidx_start = .

.ARM.exidx
 *(SORT_BY_ALIGNMENT(.ARM.exidx*) SORT_BY_ALIGNMENT(.gnu.linkonce.armexidx.*))
                0x00000000000016d8                __exidx_end = .
                0x00000000000016d8                _etext = .

.m_usb_data
 *(SORT_BY_ALIGNMENT(m_usb_bdt))

.mtb_buffer_default
                0x000000001ffff000       0x80
 *(SORT_BY_ALIGNMENT(.mtb*))
 .mtb.$RAM1     0x000000001ffff000       0x80 ./source/mtb.o
                0x000000001ffff000                __mtb_buffer__

.uninit_RESERVED
                0x000000001ffff080        0x0
                0x000000001ffff080                . = ALIGN (0x4)
 *(SORT_BY_ALIGNMENT(.bss.$RESERVED*))
                0x000000001ffff080                . = ALIGN (0x4)
                0x000000001ffff080                _end_uninit_RESERVED = .

.data           0x000000001ffff080        0x8 load address 0x00000000000016d8
 FILL mask 0xff
                0x000000001ffff080                _data = .
 *(SORT_BY_ALIGNMENT(vtable))
 *(SORT_BY_ALIGNMENT(.ramfunc*))
 *(SORT_BY_ALIGNMENT(CodeQuickAccess))
 *(SORT_BY_ALIGNMENT(DataQuickAccess))
 *(SORT_BY_ALIGNMENT(RamFunction))
 *(SORT_BY_ALIGNMENT(.data*))
 .data.s_slowIrcFreq
                0x000000001ffff080        0x4 ./drivers/fsl_clock.o
 .data.SystemCoreClock
                0x000000001ffff084        0x4 ./CMSIS/system_MKL25Z4.o
                0x000000001ffff084                SystemCoreClock
                0x000000001ffff088                . = ALIGN (0x4)
                0x000000001ffff088                _edata = .

.igot.plt       0x000000001ffff088        0x0 load address 0x00000000000016e0
 .igot.plt      0x000000001ffff088        0x0 ./utilities/fsl_debug_console.o

.bss            0x000000001ffff088      0x108 load address 0x00000000000016e0
                0x000000001ffff088                . = ALIGN (0x4)
                0x000000001ffff088                _bss = .
 *(SORT_BY_ALIGNMENT(.bss*))
 .bss.s_debugConsole
                0x000000001ffff088       0x10 ./utilities/fsl_debug_console.o
 .bss.i.5357    0x000000001ffff098        0x4 ./source/main.o
 .bss.g_xtal0Freq
                0x000000001ffff09c        0x4 ./drivers/fsl_clock.o
                0x000000001ffff09c                g_xtal0Freq
 .bss.s_DMAHandle
                0x000000001ffff0a0       0x10 ./drivers/fsl_dma.o
 .bss.s_i2cHandle
                0x000000001ffff0b0        0x8 ./drivers/fsl_i2c.o
 .bss.s_i2cMasterIsr
                0x000000001ffff0b8        0x4 ./drivers/fsl_i2c.o
 .bss.s_i2cSlaveIsr
                0x000000001ffff0bc        0x4 ./drivers/fsl_i2c.o
 .bss.s_lpsciHandle
                0x000000001ffff0c0        0x4 ./drivers/fsl_lpsci.o
 .bss.s_lpsciIsr
                0x000000001ffff0c4        0x4 ./drivers/fsl_lpsci.o
 .bss.s_uartHandle
                0x000000001ffff0c8        0xc ./drivers/fsl_uart.o
 .bss.s_uartIsr
                0x000000001ffff0d4        0x4 ./drivers/fsl_uart.o
 .bss.errno     0x000000001ffff0d8        0x4 /Applications/MCUXpressoIDE_11.0.1_2563/ide/plugins/com.nxp.mcuxpresso.tools.macosx_11.0.1.201907311258/tools/bin/../lib/gcc/arm-none-eabi/8.2.1/../../../../arm-none-eabi/lib/thumb/v6-m/nofp/libcr_c.a(errno.o)
                0x000000001ffff0d8                errno
 .bss.__Ciob    0x000000001ffff0dc       0xb4 /Applications/MCUXpressoIDE_11.0.1_2563/ide/plugins/com.nxp.mcuxpresso.tools.macosx_11.0.1.201907311258/tools/bin/../lib/gcc/arm-none-eabi/8.2.1/../../../../arm-none-eabi/lib/thumb/v6-m/nofp/libcr_semihost_nf.a(__ciob.o)
                0x000000001ffff0dc                __Ciob
 *(SORT_BY_ALIGNMENT(COMMON))
                0x000000001ffff190                . = ALIGN (0x4)
                0x000000001ffff190                _ebss = .
                [!provide]                        PROVIDE (end = .)

.noinit         0x000000001ffff190        0x0 load address 0x00000000000016e0
                0x000000001ffff190                . = ALIGN (0x4)
                0x000000001ffff190                _noinit = .
 *(SORT_BY_ALIGNMENT(.noinit*))
                0x000000001ffff190                . = ALIGN (0x4)
                0x000000001ffff190                _end_noinit = .
                0x0000000000000400                _HeapSize = 0x400

.heap           0x000000001ffff190      0x400 load address 0x00000000000016e0
                0x000000001ffff190                _pvHeapStart = .
                0x000000001ffff590                . = (. + _HeapSize)
 *fill*         0x000000001ffff190      0x400 
                0x000000001ffff590                . = ALIGN (0x4)
                0x000000001ffff590                _pvHeapLimit = .
                0x0000000000000400                _StackSize = 0x400

.heap2stackfill
                0x000000001ffff590      0x400 load address 0x00000000000016e0
                0x000000001ffff990                . = (. + _StackSize)
 *fill*         0x000000001ffff590      0x400 

.stack          0x0000000020002c00        0x0
                0x0000000020002c00                _vStackBase = .
                0x0000000020002c00                . = ALIGN (0x4)
                0x0000000020003000                _vStackTop = (. + _StackSize)
                0x0000000000000000                _image_start = LOADADDR (.text)
                0x00000000000016e0                _image_end = (LOADADDR (.data) + SIZEOF (.data))
                0x00000000000016e0                _image_size = (_image_end - _image_start)
OUTPUT(normal.axf elf32-littlearm)

.debug_info     0x0000000000000000     0xd5d9
 .debug_info    0x0000000000000000     0x14a1 ./utilities/fsl_debug_console.o
 .debug_info    0x00000000000014a1      0x69d ./startup/startup_mkl25z4.o
 .debug_info    0x0000000000001b3e      0x73d ./source/handle_led.o
 .debug_info    0x000000000000227b      0x625 ./source/main.o
 .debug_info    0x00000000000028a0       0x4f ./source/mtb.o
 .debug_info    0x00000000000028ef       0x38 ./source/semihost_hardfault.o
 .debug_info    0x0000000000002927     0x20e3 ./drivers/fsl_clock.o
 .debug_info    0x0000000000004a0a      0xff1 ./drivers/fsl_dma.o
 .debug_info    0x00000000000059fb     0x2681 ./drivers/fsl_i2c.o
 .debug_info    0x000000000000807c     0x1be5 ./drivers/fsl_lpsci.o
 .debug_info    0x0000000000009c61     0x1ad4 ./drivers/fsl_uart.o
 .debug_info    0x000000000000b735      0x758 ./board/board.o
 .debug_info    0x000000000000be8d      0xc98 ./board/clock_config.o
 .debug_info    0x000000000000cb25       0x38 ./board/peripherals.o
 .debug_info    0x000000000000cb5d      0x63d ./board/pin_mux.o
 .debug_info    0x000000000000d19a      0x43f ./CMSIS/system_MKL25Z4.o

.debug_abbrev   0x0000000000000000     0x2887
 .debug_abbrev  0x0000000000000000      0x3d9 ./utilities/fsl_debug_console.o
 .debug_abbrev  0x00000000000003d9      0x155 ./startup/startup_mkl25z4.o
 .debug_abbrev  0x000000000000052e      0x1dc ./source/handle_led.o
 .debug_abbrev  0x000000000000070a      0x1b4 ./source/main.o
 .debug_abbrev  0x00000000000008be       0x43 ./source/mtb.o
 .debug_abbrev  0x0000000000000901       0x2e ./source/semihost_hardfault.o
 .debug_abbrev  0x000000000000092f      0x4f4 ./drivers/fsl_clock.o
 .debug_abbrev  0x0000000000000e23      0x3ea ./drivers/fsl_dma.o
 .debug_abbrev  0x000000000000120d      0x4f3 ./drivers/fsl_i2c.o
 .debug_abbrev  0x0000000000001700      0x4bd ./drivers/fsl_lpsci.o
 .debug_abbrev  0x0000000000001bbd      0x4bf ./drivers/fsl_uart.o
 .debug_abbrev  0x000000000000207c      0x1e8 ./board/board.o
 .debug_abbrev  0x0000000000002264      0x2a5 ./board/clock_config.o
 .debug_abbrev  0x0000000000002509       0x2e ./board/peripherals.o
 .debug_abbrev  0x0000000000002537      0x1fa ./board/pin_mux.o
 .debug_abbrev  0x0000000000002731      0x156 ./CMSIS/system_MKL25Z4.o

.debug_loc      0x0000000000000000     0x7ee7
 .debug_loc     0x0000000000000000     0x1734 ./utilities/fsl_debug_console.o
 .debug_loc     0x0000000000001734      0x234 ./startup/startup_mkl25z4.o
 .debug_loc     0x0000000000001968      0x1bc ./source/handle_led.o
 .debug_loc     0x0000000000001b24     0x13ef ./drivers/fsl_clock.o
 .debug_loc     0x0000000000002f13      0x60e ./drivers/fsl_dma.o
 .debug_loc     0x0000000000003521     0x2412 ./drivers/fsl_i2c.o
 .debug_loc     0x0000000000005933     0x126a ./drivers/fsl_lpsci.o
 .debug_loc     0x0000000000006b9d     0x1127 ./drivers/fsl_uart.o
 .debug_loc     0x0000000000007cc4       0x38 ./board/board.o
 .debug_loc     0x0000000000007cfc       0x7b ./board/clock_config.o
 .debug_loc     0x0000000000007d77       0xaa ./board/pin_mux.o
 .debug_loc     0x0000000000007e21       0xc6 ./CMSIS/system_MKL25Z4.o

.debug_aranges  0x0000000000000000      0x7e8
 .debug_aranges
                0x0000000000000000       0x50 ./utilities/fsl_debug_console.o
 .debug_aranges
                0x0000000000000050      0x160 ./startup/startup_mkl25z4.o
 .debug_aranges
                0x00000000000001b0       0x20 ./source/handle_led.o
 .debug_aranges
                0x00000000000001d0       0x20 ./source/main.o
 .debug_aranges
                0x00000000000001f0       0x18 ./source/mtb.o
 .debug_aranges
                0x0000000000000208       0x20 ./source/semihost_hardfault.o
 .debug_aranges
                0x0000000000000228      0x170 ./drivers/fsl_clock.o
 .debug_aranges
                0x0000000000000398       0x98 ./drivers/fsl_dma.o
 .debug_aranges
                0x0000000000000430      0x120 ./drivers/fsl_i2c.o
 .debug_aranges
                0x0000000000000550       0xe0 ./drivers/fsl_lpsci.o
 .debug_aranges
                0x0000000000000630       0xf8 ./drivers/fsl_uart.o
 .debug_aranges
                0x0000000000000728       0x20 ./board/board.o
 .debug_aranges
                0x0000000000000748       0x30 ./board/clock_config.o
 .debug_aranges
                0x0000000000000778       0x20 ./board/peripherals.o
 .debug_aranges
                0x0000000000000798       0x28 ./board/pin_mux.o
 .debug_aranges
                0x00000000000007c0       0x28 ./CMSIS/system_MKL25Z4.o

.debug_ranges   0x0000000000000000      0xdd0
 .debug_ranges  0x0000000000000000      0x180 ./utilities/fsl_debug_console.o
 .debug_ranges  0x0000000000000180      0x150 ./startup/startup_mkl25z4.o
 .debug_ranges  0x00000000000002d0       0x10 ./source/handle_led.o
 .debug_ranges  0x00000000000002e0       0x10 ./source/main.o
 .debug_ranges  0x00000000000002f0       0x10 ./source/semihost_hardfault.o
 .debug_ranges  0x0000000000000300      0x2a0 ./drivers/fsl_clock.o
 .debug_ranges  0x00000000000005a0       0xf0 ./drivers/fsl_dma.o
 .debug_ranges  0x0000000000000690      0x2f0 ./drivers/fsl_i2c.o
 .debug_ranges  0x0000000000000980      0x1b0 ./drivers/fsl_lpsci.o
 .debug_ranges  0x0000000000000b30      0x158 ./drivers/fsl_uart.o
 .debug_ranges  0x0000000000000c88       0x28 ./board/board.o
 .debug_ranges  0x0000000000000cb0       0x90 ./board/clock_config.o
 .debug_ranges  0x0000000000000d40       0x10 ./board/peripherals.o
 .debug_ranges  0x0000000000000d50       0x68 ./board/pin_mux.o
 .debug_ranges  0x0000000000000db8       0x18 ./CMSIS/system_MKL25Z4.o

.debug_line     0x0000000000000000     0x799d
 .debug_line    0x0000000000000000      0xca5 ./utilities/fsl_debug_console.o
 .debug_line    0x0000000000000ca5      0x378 ./startup/startup_mkl25z4.o
 .debug_line    0x000000000000101d      0x308 ./source/handle_led.o
 .debug_line    0x0000000000001325      0x26a ./source/main.o
 .debug_line    0x000000000000158f       0x30 ./source/mtb.o
 .debug_line    0x00000000000015bf       0x5b ./source/semihost_hardfault.o
 .debug_line    0x000000000000161a     0x1814 ./drivers/fsl_clock.o
 .debug_line    0x0000000000002e2e      0x6b2 ./drivers/fsl_dma.o
 .debug_line    0x00000000000034e0     0x1a1d ./drivers/fsl_i2c.o
 .debug_line    0x0000000000004efd      0xffb ./drivers/fsl_lpsci.o
 .debug_line    0x0000000000005ef8      0xf9b ./drivers/fsl_uart.o
 .debug_line    0x0000000000006e93      0x225 ./board/board.o
 .debug_line    0x00000000000070b8      0x31d ./board/clock_config.o
 .debug_line    0x00000000000073d5       0x4b ./board/peripherals.o
 .debug_line    0x0000000000007420      0x26e ./board/pin_mux.o
 .debug_line    0x000000000000768e      0x30f ./CMSIS/system_MKL25Z4.o

.debug_str      0x0000000000000000     0x4e20
 .debug_str     0x0000000000000000      0xd2a ./utilities/fsl_debug_console.o
                                        0xdba (size before relaxing)
 .debug_str     0x0000000000000d2a      0x3a6 ./startup/startup_mkl25z4.o
                                        0x4ec (size before relaxing)
 .debug_str     0x00000000000010d0      0x3fd ./source/handle_led.o
                                        0x639 (size before relaxing)
 .debug_str     0x00000000000014cd      0x102 ./source/main.o
                                        0x6e3 (size before relaxing)
 .debug_str     0x00000000000015cf       0x1f ./source/mtb.o
                                        0x164 (size before relaxing)
 .debug_str     0x00000000000015ee       0x1f ./source/semihost_hardfault.o
                                        0x164 (size before relaxing)
 .debug_str     0x000000000000160d      0xde5 ./drivers/fsl_clock.o
                                       0x1805 (size before relaxing)
 .debug_str     0x00000000000023f2      0x970 ./drivers/fsl_dma.o
                                        0xe2a (size before relaxing)
 .debug_str     0x0000000000002d62      0xbc3 ./drivers/fsl_i2c.o
                                       0x1795 (size before relaxing)
 .debug_str     0x0000000000003925      0x8f2 ./drivers/fsl_lpsci.o
                                       0x15d4 (size before relaxing)
 .debug_str     0x0000000000004217      0x7ed ./drivers/fsl_uart.o
                                       0x15e0 (size before relaxing)
 .debug_str     0x0000000000004a04       0x35 ./board/board.o
                                        0x6d8 (size before relaxing)
 .debug_str     0x0000000000004a39      0x237 ./board/clock_config.o
                                        0xe6a (size before relaxing)
 .debug_str     0x0000000000004c70       0x17 ./board/peripherals.o
                                        0x164 (size before relaxing)
 .debug_str     0x0000000000004c87      0x155 ./board/pin_mux.o
                                        0x5f5 (size before relaxing)
 .debug_str     0x0000000000004ddc       0x44 ./CMSIS/system_MKL25Z4.o
                                        0x346 (size before relaxing)

.comment        0x0000000000000000       0x75
 .comment       0x0000000000000000       0x75 ./utilities/fsl_debug_console.o
                                         0x76 (size before relaxing)
 .comment       0x0000000000000075       0x76 ./startup/startup_mkl25z4.o
 .comment       0x0000000000000075       0x76 ./source/handle_led.o
 .comment       0x0000000000000075       0x76 ./source/main.o
 .comment       0x0000000000000075       0x76 ./source/mtb.o
 .comment       0x0000000000000075       0x76 ./source/semihost_hardfault.o
 .comment       0x0000000000000075       0x76 ./drivers/fsl_clock.o
 .comment       0x0000000000000075       0x76 ./drivers/fsl_dma.o
 .comment       0x0000000000000075       0x76 ./drivers/fsl_i2c.o
 .comment       0x0000000000000075       0x76 ./drivers/fsl_lpsci.o
 .comment       0x0000000000000075       0x76 ./drivers/fsl_uart.o
 .comment       0x0000000000000075       0x76 ./board/board.o
 .comment       0x0000000000000075       0x76 ./board/clock_config.o
 .comment       0x0000000000000075       0x76 ./board/peripherals.o
 .comment       0x0000000000000075       0x76 ./board/pin_mux.o
 .comment       0x0000000000000075       0x76 ./CMSIS/system_MKL25Z4.o
 .comment       0x0000000000000075       0x76 /Applications/MCUXpressoIDE_11.0.1_2563/ide/plugins/com.nxp.mcuxpresso.tools.macosx_11.0.1.201907311258/tools/bin/../lib/gcc/arm-none-eabi/8.2.1/../../../../arm-none-eabi/lib/thumb/v6-m/nofp/libcr_semihost_nf.a(_cr__main.o)
 .comment       0x0000000000000075       0x76 /Applications/MCUXpressoIDE_11.0.1_2563/ide/plugins/com.nxp.mcuxpresso.tools.macosx_11.0.1.201907311258/tools/bin/../lib/gcc/arm-none-eabi/8.2.1/../../../../arm-none-eabi/lib/thumb/v6-m/nofp/libcr_c.a(memset.o)
 .comment       0x0000000000000075       0x76 /Applications/MCUXpressoIDE_11.0.1_2563/ide/plugins/com.nxp.mcuxpresso.tools.macosx_11.0.1.201907311258/tools/bin/../lib/gcc/arm-none-eabi/8.2.1/../../../../arm-none-eabi/lib/thumb/v6-m/nofp/libcr_c.a(initio.o)
 .comment       0x0000000000000075       0x76 /Applications/MCUXpressoIDE_11.0.1_2563/ide/plugins/com.nxp.mcuxpresso.tools.macosx_11.0.1.201907311258/tools/bin/../lib/gcc/arm-none-eabi/8.2.1/../../../../arm-none-eabi/lib/thumb/v6-m/nofp/libcr_c.a(setvbuf.o)
 .comment       0x0000000000000075       0x76 /Applications/MCUXpressoIDE_11.0.1_2563/ide/plugins/com.nxp.mcuxpresso.tools.macosx_11.0.1.201907311258/tools/bin/../lib/gcc/arm-none-eabi/8.2.1/../../../../arm-none-eabi/lib/thumb/v6-m/nofp/libcr_c.a(strlen.o)
 .comment       0x0000000000000075       0x76 /Applications/MCUXpressoIDE_11.0.1_2563/ide/plugins/com.nxp.mcuxpresso.tools.macosx_11.0.1.201907311258/tools/bin/../lib/gcc/arm-none-eabi/8.2.1/../../../../arm-none-eabi/lib/thumb/v6-m/nofp/libcr_c.a(_deferredlazyseek.o)
 .comment       0x0000000000000075       0x76 /Applications/MCUXpressoIDE_11.0.1_2563/ide/plugins/com.nxp.mcuxpresso.tools.macosx_11.0.1.201907311258/tools/bin/../lib/gcc/arm-none-eabi/8.2.1/../../../../arm-none-eabi/lib/thumb/v6-m/nofp/libcr_c.a(_fdopen.o)
 .comment       0x0000000000000075       0x76 /Applications/MCUXpressoIDE_11.0.1_2563/ide/plugins/com.nxp.mcuxpresso.tools.macosx_11.0.1.201907311258/tools/bin/../lib/gcc/arm-none-eabi/8.2.1/../../../../arm-none-eabi/lib/thumb/v6-m/nofp/libcr_c.a(_fflush.o)
 .comment       0x0000000000000075       0x76 /Applications/MCUXpressoIDE_11.0.1_2563/ide/plugins/com.nxp.mcuxpresso.tools.macosx_11.0.1.201907311258/tools/bin/../lib/gcc/arm-none-eabi/8.2.1/../../../../arm-none-eabi/lib/thumb/v6-m/nofp/libcr_c.a(_writebuf.o)
 .comment       0x0000000000000075       0x76 /Applications/MCUXpressoIDE_11.0.1_2563/ide/plugins/com.nxp.mcuxpresso.tools.macosx_11.0.1.201907311258/tools/bin/../lib/gcc/arm-none-eabi/8.2.1/../../../../arm-none-eabi/lib/thumb/v6-m/nofp/libcr_c.a(alloc.o)
 .comment       0x0000000000000075       0x76 /Applications/MCUXpressoIDE_11.0.1_2563/ide/plugins/com.nxp.mcuxpresso.tools.macosx_11.0.1.201907311258/tools/bin/../lib/gcc/arm-none-eabi/8.2.1/../../../../arm-none-eabi/lib/thumb/v6-m/nofp/libcr_c.a(fclose.o)
 .comment       0x0000000000000075       0x76 /Applications/MCUXpressoIDE_11.0.1_2563/ide/plugins/com.nxp.mcuxpresso.tools.macosx_11.0.1.201907311258/tools/bin/../lib/gcc/arm-none-eabi/8.2.1/../../../../arm-none-eabi/lib/thumb/v6-m/nofp/libcr_c.a(fflush.o)
 .comment       0x0000000000000075       0x76 /Applications/MCUXpressoIDE_11.0.1_2563/ide/plugins/com.nxp.mcuxpresso.tools.macosx_11.0.1.201907311258/tools/bin/../lib/gcc/arm-none-eabi/8.2.1/../../../../arm-none-eabi/lib/thumb/v6-m/nofp/libcr_c.a(fseek.o)
 .comment       0x0000000000000075       0x76 /Applications/MCUXpressoIDE_11.0.1_2563/ide/plugins/com.nxp.mcuxpresso.tools.macosx_11.0.1.201907311258/tools/bin/../lib/gcc/arm-none-eabi/8.2.1/../../../../arm-none-eabi/lib/thumb/v6-m/nofp/libcr_c.a(ftell.o)
 .comment       0x0000000000000075       0x76 /Applications/MCUXpressoIDE_11.0.1_2563/ide/plugins/com.nxp.mcuxpresso.tools.macosx_11.0.1.201907311258/tools/bin/../lib/gcc/arm-none-eabi/8.2.1/../../../../arm-none-eabi/lib/thumb/v6-m/nofp/libcr_c.a(remove.o)
 .comment       0x0000000000000075       0x76 /Applications/MCUXpressoIDE_11.0.1_2563/ide/plugins/com.nxp.mcuxpresso.tools.macosx_11.0.1.201907311258/tools/bin/../lib/gcc/arm-none-eabi/8.2.1/../../../../arm-none-eabi/lib/thumb/v6-m/nofp/libcr_c.a(_do_fflush.o)
 .comment       0x0000000000000075       0x76 /Applications/MCUXpressoIDE_11.0.1_2563/ide/plugins/com.nxp.mcuxpresso.tools.macosx_11.0.1.201907311258/tools/bin/../lib/gcc/arm-none-eabi/8.2.1/../../../../arm-none-eabi/lib/thumb/v6-m/nofp/libcr_c.a(errno.o)
 .comment       0x0000000000000075       0x76 /Applications/MCUXpressoIDE_11.0.1_2563/ide/plugins/com.nxp.mcuxpresso.tools.macosx_11.0.1.201907311258/tools/bin/../lib/gcc/arm-none-eabi/8.2.1/../../../../arm-none-eabi/lib/thumb/v6-m/nofp/libcr_semihost_nf.a(__ciob.o)

.ARM.attributes
                0x0000000000000000       0x2a
 .ARM.attributes
                0x0000000000000000       0x2c ./utilities/fsl_debug_console.o
 .ARM.attributes
                0x000000000000002c       0x2c ./startup/startup_mkl25z4.o
 .ARM.attributes
                0x0000000000000058       0x2c ./source/handle_led.o
 .ARM.attributes
                0x0000000000000084       0x2c ./source/main.o
 .ARM.attributes
                0x00000000000000b0       0x32 ./source/mtb.o
 .ARM.attributes
                0x00000000000000e2       0x2c ./source/semihost_hardfault.o
 .ARM.attributes
                0x000000000000010e       0x2c ./drivers/fsl_clock.o
 .ARM.attributes
                0x000000000000013a       0x2c ./drivers/fsl_dma.o
 .ARM.attributes
                0x0000000000000166       0x2c ./drivers/fsl_i2c.o
 .ARM.attributes
                0x0000000000000192       0x2c ./drivers/fsl_lpsci.o
 .ARM.attributes
                0x00000000000001be       0x2c ./drivers/fsl_uart.o
 .ARM.attributes
                0x00000000000001ea       0x2c ./board/board.o
 .ARM.attributes
                0x0000000000000216       0x2c ./board/clock_config.o
 .ARM.attributes
                0x0000000000000242       0x2c ./board/peripherals.o
 .ARM.attributes
                0x000000000000026e       0x2c ./board/pin_mux.o
 .ARM.attributes
                0x000000000000029a       0x2c ./CMSIS/system_MKL25Z4.o
 .ARM.attributes
                0x00000000000002c6       0x2c /Applications/MCUXpressoIDE_11.0.1_2563/ide/plugins/com.nxp.mcuxpresso.tools.macosx_11.0.1.201907311258/tools/bin/../lib/gcc/arm-none-eabi/8.2.1/../../../../arm-none-eabi/lib/thumb/v6-m/nofp/libcr_semihost_nf.a(_cr__main.o)
 .ARM.attributes
                0x00000000000002f2       0x2c /Applications/MCUXpressoIDE_11.0.1_2563/ide/plugins/com.nxp.mcuxpresso.tools.macosx_11.0.1.201907311258/tools/bin/../lib/gcc/arm-none-eabi/8.2.1/../../../../arm-none-eabi/lib/thumb/v6-m/nofp/libcr_c.a(memset.o)
 .ARM.attributes
                0x000000000000031e       0x2c /Applications/MCUXpressoIDE_11.0.1_2563/ide/plugins/com.nxp.mcuxpresso.tools.macosx_11.0.1.201907311258/tools/bin/../lib/gcc/arm-none-eabi/8.2.1/../../../../arm-none-eabi/lib/thumb/v6-m/nofp/libcr_c.a(initio.o)
 .ARM.attributes
                0x000000000000034a       0x2c /Applications/MCUXpressoIDE_11.0.1_2563/ide/plugins/com.nxp.mcuxpresso.tools.macosx_11.0.1.201907311258/tools/bin/../lib/gcc/arm-none-eabi/8.2.1/../../../../arm-none-eabi/lib/thumb/v6-m/nofp/libcr_c.a(setvbuf.o)
 .ARM.attributes
                0x0000000000000376       0x2c /Applications/MCUXpressoIDE_11.0.1_2563/ide/plugins/com.nxp.mcuxpresso.tools.macosx_11.0.1.201907311258/tools/bin/../lib/gcc/arm-none-eabi/8.2.1/../../../../arm-none-eabi/lib/thumb/v6-m/nofp/libcr_c.a(strlen.o)
 .ARM.attributes
                0x00000000000003a2       0x2c /Applications/MCUXpressoIDE_11.0.1_2563/ide/plugins/com.nxp.mcuxpresso.tools.macosx_11.0.1.201907311258/tools/bin/../lib/gcc/arm-none-eabi/8.2.1/../../../../arm-none-eabi/lib/thumb/v6-m/nofp/libcr_c.a(_deferredlazyseek.o)
 .ARM.attributes
                0x00000000000003ce       0x2c /Applications/MCUXpressoIDE_11.0.1_2563/ide/plugins/com.nxp.mcuxpresso.tools.macosx_11.0.1.201907311258/tools/bin/../lib/gcc/arm-none-eabi/8.2.1/../../../../arm-none-eabi/lib/thumb/v6-m/nofp/libcr_c.a(_fdopen.o)
 .ARM.attributes
                0x00000000000003fa       0x2c /Applications/MCUXpressoIDE_11.0.1_2563/ide/plugins/com.nxp.mcuxpresso.tools.macosx_11.0.1.201907311258/tools/bin/../lib/gcc/arm-none-eabi/8.2.1/../../../../arm-none-eabi/lib/thumb/v6-m/nofp/libcr_c.a(_fflush.o)
 .ARM.attributes
                0x0000000000000426       0x2c /Applications/MCUXpressoIDE_11.0.1_2563/ide/plugins/com.nxp.mcuxpresso.tools.macosx_11.0.1.201907311258/tools/bin/../lib/gcc/arm-none-eabi/8.2.1/../../../../arm-none-eabi/lib/thumb/v6-m/nofp/libcr_c.a(_writebuf.o)
 .ARM.attributes
                0x0000000000000452       0x2c /Applications/MCUXpressoIDE_11.0.1_2563/ide/plugins/com.nxp.mcuxpresso.tools.macosx_11.0.1.201907311258/tools/bin/../lib/gcc/arm-none-eabi/8.2.1/../../../../arm-none-eabi/lib/thumb/v6-m/nofp/libcr_c.a(alloc.o)
 .ARM.attributes
                0x000000000000047e       0x2c /Applications/MCUXpressoIDE_11.0.1_2563/ide/plugins/com.nxp.mcuxpresso.tools.macosx_11.0.1.201907311258/tools/bin/../lib/gcc/arm-none-eabi/8.2.1/../../../../arm-none-eabi/lib/thumb/v6-m/nofp/libcr_c.a(fclose.o)
 .ARM.attributes
                0x00000000000004aa       0x2c /Applications/MCUXpressoIDE_11.0.1_2563/ide/plugins/com.nxp.mcuxpresso.tools.macosx_11.0.1.201907311258/tools/bin/../lib/gcc/arm-none-eabi/8.2.1/../../../../arm-none-eabi/lib/thumb/v6-m/nofp/libcr_c.a(fflush.o)
 .ARM.attributes
                0x00000000000004d6       0x2c /Applications/MCUXpressoIDE_11.0.1_2563/ide/plugins/com.nxp.mcuxpresso.tools.macosx_11.0.1.201907311258/tools/bin/../lib/gcc/arm-none-eabi/8.2.1/../../../../arm-none-eabi/lib/thumb/v6-m/nofp/libcr_c.a(fseek.o)
 .ARM.attributes
                0x0000000000000502       0x2c /Applications/MCUXpressoIDE_11.0.1_2563/ide/plugins/com.nxp.mcuxpresso.tools.macosx_11.0.1.201907311258/tools/bin/../lib/gcc/arm-none-eabi/8.2.1/../../../../arm-none-eabi/lib/thumb/v6-m/nofp/libcr_c.a(ftell.o)
 .ARM.attributes
                0x000000000000052e       0x2c /Applications/MCUXpressoIDE_11.0.1_2563/ide/plugins/com.nxp.mcuxpresso.tools.macosx_11.0.1.201907311258/tools/bin/../lib/gcc/arm-none-eabi/8.2.1/../../../../arm-none-eabi/lib/thumb/v6-m/nofp/libcr_c.a(remove.o)
 .ARM.attributes
                0x000000000000055a       0x2c /Applications/MCUXpressoIDE_11.0.1_2563/ide/plugins/com.nxp.mcuxpresso.tools.macosx_11.0.1.201907311258/tools/bin/../lib/gcc/arm-none-eabi/8.2.1/../../../../arm-none-eabi/lib/thumb/v6-m/nofp/libcr_c.a(_do_fflush.o)
 .ARM.attributes
                0x0000000000000586       0x31 /Applications/MCUXpressoIDE_11.0.1_2563/ide/plugins/com.nxp.mcuxpresso.tools.macosx_11.0.1.201907311258/tools/bin/../lib/gcc/arm-none-eabi/8.2.1/../../../../arm-none-eabi/lib/thumb/v6-m/nofp/libcr_c.a(errno.o)
 .ARM.attributes
                0x00000000000005b7       0x1c /Applications/MCUXpressoIDE_11.0.1_2563/ide/plugins/com.nxp.mcuxpresso.tools.macosx_11.0.1.201907311258/tools/bin/../lib/gcc/arm-none-eabi/8.2.1/thumb/v6-m/nofp/libcr_eabihelpers.a(division_32.o)
 .ARM.attributes
                0x00000000000005d3       0x1c /Applications/MCUXpressoIDE_11.0.1_2563/ide/plugins/com.nxp.mcuxpresso.tools.macosx_11.0.1.201907311258/tools/bin/../lib/gcc/arm-none-eabi/8.2.1/thumb/v6-m/nofp/libcr_eabihelpers.a(division_idiv0.o)
 .ARM.attributes
                0x00000000000005ef       0x1c /Applications/MCUXpressoIDE_11.0.1_2563/ide/plugins/com.nxp.mcuxpresso.tools.macosx_11.0.1.201907311258/tools/bin/../lib/gcc/arm-none-eabi/8.2.1/thumb/v6-m/nofp/libcr_eabihelpers.a(memcpy.o)
 .ARM.attributes
                0x000000000000060b       0x31 /Applications/MCUXpressoIDE_11.0.1_2563/ide/plugins/com.nxp.mcuxpresso.tools.macosx_11.0.1.201907311258/tools/bin/../lib/gcc/arm-none-eabi/8.2.1/../../../../arm-none-eabi/lib/thumb/v6-m/nofp/libcr_semihost_nf.a(__ciob.o)
 .ARM.attributes
                0x000000000000063c       0x1c /Applications/MCUXpressoIDE_11.0.1_2563/ide/plugins/com.nxp.mcuxpresso.tools.macosx_11.0.1.201907311258/tools/bin/../lib/gcc/arm-none-eabi/8.2.1/../../../../arm-none-eabi/lib/thumb/v6-m/nofp/libcr_semihost_nf.a(__sys_close.o)
 .ARM.attributes
                0x0000000000000658       0x1c /Applications/MCUXpressoIDE_11.0.1_2563/ide/plugins/com.nxp.mcuxpresso.tools.macosx_11.0.1.201907311258/tools/bin/../lib/gcc/arm-none-eabi/8.2.1/../../../../arm-none-eabi/lib/thumb/v6-m/nofp/libcr_semihost_nf.a(__sys_flen.o)
 .ARM.attributes
                0x0000000000000674       0x1c /Applications/MCUXpressoIDE_11.0.1_2563/ide/plugins/com.nxp.mcuxpresso.tools.macosx_11.0.1.201907311258/tools/bin/../lib/gcc/arm-none-eabi/8.2.1/../../../../arm-none-eabi/lib/thumb/v6-m/nofp/libcr_semihost_nf.a(__sys_istty.o)
 .ARM.attributes
                0x0000000000000690       0x1c /Applications/MCUXpressoIDE_11.0.1_2563/ide/plugins/com.nxp.mcuxpresso.tools.macosx_11.0.1.201907311258/tools/bin/../lib/gcc/arm-none-eabi/8.2.1/../../../../arm-none-eabi/lib/thumb/v6-m/nofp/libcr_semihost_nf.a(__sys_remove.o)
 .ARM.attributes
                0x00000000000006ac       0x1c /Applications/MCUXpressoIDE_11.0.1_2563/ide/plugins/com.nxp.mcuxpresso.tools.macosx_11.0.1.201907311258/tools/bin/../lib/gcc/arm-none-eabi/8.2.1/../../../../arm-none-eabi/lib/thumb/v6-m/nofp/libcr_semihost_nf.a(__sys_seek.o)
 .ARM.attributes
                0x00000000000006c8       0x1c /Applications/MCUXpressoIDE_11.0.1_2563/ide/plugins/com.nxp.mcuxpresso.tools.macosx_11.0.1.201907311258/tools/bin/../lib/gcc/arm-none-eabi/8.2.1/../../../../arm-none-eabi/lib/thumb/v6-m/nofp/libcr_semihost_nf.a(__sys_tmpnam.o)
 .ARM.attributes
                0x00000000000006e4       0x1c /Applications/MCUXpressoIDE_11.0.1_2563/ide/plugins/com.nxp.mcuxpresso.tools.macosx_11.0.1.201907311258/tools/bin/../lib/gcc/arm-none-eabi/8.2.1/../../../../arm-none-eabi/lib/thumb/v6-m/nofp/libcr_semihost_nf.a(__sys_write.o)

.debug_frame    0x0000000000000000     0x1440
 .debug_frame   0x0000000000000000       0xe0 ./utilities/fsl_debug_console.o
 .debug_frame   0x00000000000000e0      0x3bc ./startup/startup_mkl25z4.o
 .debug_frame   0x000000000000049c       0x20 ./source/handle_led.o
 .debug_frame   0x00000000000004bc       0x28 ./source/main.o
 .debug_frame   0x00000000000004e4       0x20 ./source/semihost_hardfault.o
 .debug_frame   0x0000000000000504      0x458 ./drivers/fsl_clock.o
 .debug_frame   0x000000000000095c      0x17c ./drivers/fsl_dma.o
 .debug_frame   0x0000000000000ad8      0x378 ./drivers/fsl_i2c.o
 .debug_frame   0x0000000000000e50      0x240 ./drivers/fsl_lpsci.o
 .debug_frame   0x0000000000001090      0x29c ./drivers/fsl_uart.o
 .debug_frame   0x000000000000132c       0x28 ./board/board.o
 .debug_frame   0x0000000000001354       0x58 ./board/clock_config.o
 .debug_frame   0x00000000000013ac       0x20 ./board/peripherals.o
 .debug_frame   0x00000000000013cc       0x38 ./board/pin_mux.o
 .debug_frame   0x0000000000001404       0x3c ./CMSIS/system_MKL25Z4.o

Cross Reference Table

Symbol                                            File
ADC0_DriverIRQHandler                             ./startup/startup_mkl25z4.o
ADC0_IRQHandler                                   ./startup/startup_mkl25z4.o
BOARD_BootClockRUN                                ./board/clock_config.o
BOARD_BootClockVLPR                               ./board/clock_config.o
BOARD_InitBootClocks                              ./board/clock_config.o
                                                  ./source/setup_teardown.o
                                                  ./source/main.o
BOARD_InitBootPeripherals                         ./board/peripherals.o
                                                  ./source/setup_teardown.o
                                                  ./source/main.o
BOARD_InitBootPins                                ./board/pin_mux.o
                                                  ./source/setup_teardown.o
                                                  ./source/main.o
BOARD_InitDebugConsole                            ./board/board.o
                                                  ./source/main.o
BOARD_InitPins                                    ./board/pin_mux.o
CLOCK_BootToBlpeMode                              ./drivers/fsl_clock.o
CLOCK_BootToBlpiMode                              ./drivers/fsl_clock.o
                                                  ./board/clock_config.o
CLOCK_BootToFeeMode                               ./drivers/fsl_clock.o
CLOCK_BootToFeiMode                               ./drivers/fsl_clock.o
CLOCK_BootToPeeMode                               ./drivers/fsl_clock.o
                                                  ./board/clock_config.o
CLOCK_CalcPllDiv                                  ./drivers/fsl_clock.o
CLOCK_ClearStatusFlags                            ./drivers/fsl_clock.o
CLOCK_DeinitOsc0                                  ./drivers/fsl_clock.o
CLOCK_EnablePll0                                  ./drivers/fsl_clock.o
CLOCK_EnableUsbfs0Clock                           ./drivers/fsl_clock.o
CLOCK_ExternalModeToFbeModeQuick                  ./drivers/fsl_clock.o
CLOCK_FllStableDelay                              ./drivers/fsl_clock.o
CLOCK_GetBusClkFreq                               ./drivers/fsl_clock.o
CLOCK_GetCoreSysClkFreq                           ./drivers/fsl_clock.o
CLOCK_GetEr32kClkFreq                             ./drivers/fsl_clock.o
CLOCK_GetFixedFreqClkFreq                         ./drivers/fsl_clock.o
CLOCK_GetFlashClkFreq                             ./drivers/fsl_clock.o
CLOCK_GetFllFreq                                  ./drivers/fsl_clock.o
CLOCK_GetFreq                                     ./drivers/fsl_clock.o
CLOCK_GetInternalRefClkFreq                       ./drivers/fsl_clock.o
CLOCK_GetMode                                     ./drivers/fsl_clock.o
CLOCK_GetOsc0ErClkFreq                            ./drivers/fsl_clock.o
CLOCK_GetOutClkFreq                               ./drivers/fsl_clock.o
CLOCK_GetPlatClkFreq                              ./drivers/fsl_clock.o
CLOCK_GetPll0Freq                                 ./drivers/fsl_clock.o
CLOCK_GetPllFllSelClkFreq                         ./drivers/fsl_clock.o
                                                  ./board/board.o
CLOCK_GetStatusFlags                              ./drivers/fsl_clock.o
CLOCK_InitOsc0                                    ./drivers/fsl_clock.o
                                                  ./board/clock_config.o
CLOCK_InternalModeToFbiModeQuick                  ./drivers/fsl_clock.o
CLOCK_SetBlpeMode                                 ./drivers/fsl_clock.o
CLOCK_SetBlpiMode                                 ./drivers/fsl_clock.o
CLOCK_SetExternalRefClkConfig                     ./drivers/fsl_clock.o
CLOCK_SetFbeMode                                  ./drivers/fsl_clock.o
CLOCK_SetFbiMode                                  ./drivers/fsl_clock.o
CLOCK_SetFeeMode                                  ./drivers/fsl_clock.o
CLOCK_SetFeiMode                                  ./drivers/fsl_clock.o
CLOCK_SetInternalRefClkConfig                     ./drivers/fsl_clock.o
                                                  ./board/clock_config.o
CLOCK_SetMcgConfig                                ./drivers/fsl_clock.o
CLOCK_SetOsc0MonitorMode                          ./drivers/fsl_clock.o
CLOCK_SetPbeMode                                  ./drivers/fsl_clock.o
CLOCK_SetPeeMode                                  ./drivers/fsl_clock.o
CLOCK_SetPll0MonitorMode                          ./drivers/fsl_clock.o
CLOCK_SetSimConfig                                ./drivers/fsl_clock.o
                                                  ./board/clock_config.o
CLOCK_TrimInternalRefClk                          ./drivers/fsl_clock.o
CMP0_DriverIRQHandler                             ./startup/startup_mkl25z4.o
CMP0_IRQHandler                                   ./startup/startup_mkl25z4.o
DAC0_DriverIRQHandler                             ./startup/startup_mkl25z4.o
DAC0_IRQHandler                                   ./startup/startup_mkl25z4.o
DMA0_DriverIRQHandler                             ./drivers/fsl_dma.o
                                                  ./startup/startup_mkl25z4.o
DMA0_IRQHandler                                   ./startup/startup_mkl25z4.o
DMA1_DriverIRQHandler                             ./drivers/fsl_dma.o
                                                  ./startup/startup_mkl25z4.o
DMA1_IRQHandler                                   ./startup/startup_mkl25z4.o
DMA2_DriverIRQHandler                             ./drivers/fsl_dma.o
                                                  ./startup/startup_mkl25z4.o
DMA2_IRQHandler                                   ./startup/startup_mkl25z4.o
DMA3_DriverIRQHandler                             ./drivers/fsl_dma.o
                                                  ./startup/startup_mkl25z4.o
DMA3_IRQHandler                                   ./startup/startup_mkl25z4.o
DMAMUX_Deinit                                     ./drivers/fsl_dmamux.o
DMAMUX_Init                                       ./drivers/fsl_dmamux.o
DMA_AbortTransfer                                 ./drivers/fsl_dma.o
                                                  ./drivers/fsl_uart_dma.o
                                                  ./drivers/fsl_lpsci_dma.o
                                                  ./drivers/fsl_i2c_dma.o
DMA_CreateHandle                                  ./drivers/fsl_dma.o
DMA_Deinit                                        ./drivers/fsl_dma.o
DMA_HandleIRQ                                     ./drivers/fsl_dma.o
DMA_Init                                          ./drivers/fsl_dma.o
DMA_PrepareTransfer                               ./drivers/fsl_dma.o
                                                  ./drivers/fsl_uart_dma.o
                                                  ./drivers/fsl_lpsci_dma.o
DMA_ResetChannel                                  ./drivers/fsl_dma.o
DMA_SetCallback                                   ./drivers/fsl_dma.o
                                                  ./drivers/fsl_uart_dma.o
                                                  ./drivers/fsl_lpsci_dma.o
                                                  ./drivers/fsl_i2c_dma.o
DMA_SetChannelLinkConfig                          ./drivers/fsl_dma.o
DMA_SetModulo                                     ./drivers/fsl_dma.o
DMA_SetTransferConfig                             ./drivers/fsl_dma.o
DMA_SubmitTransfer                                ./drivers/fsl_dma.o
                                                  ./drivers/fsl_uart_dma.o
                                                  ./drivers/fsl_lpsci_dma.o
                                                  ./drivers/fsl_i2c_dma.o
DbgConsole_Deinit                                 ./utilities/fsl_debug_console.o
DbgConsole_Getchar                                ./utilities/fsl_debug_console.o
DbgConsole_Init                                   ./utilities/fsl_debug_console.o
                                                  ./board/board.o
DbgConsole_Printf                                 ./utilities/fsl_debug_console.o
                                                  ./source/main.o
                                                  ./source/logger.o
DbgConsole_Putchar                                ./utilities/fsl_debug_console.o
DbgConsole_Scanf                                  ./utilities/fsl_debug_console.o
FLASH_Erase                                       ./drivers/fsl_flash.o
FLASH_EraseAll                                    ./drivers/fsl_flash.o
FLASH_EraseAllExecuteOnlySegments                 ./drivers/fsl_flash.o
FLASH_GetProperty                                 ./drivers/fsl_flash.o
FLASH_GetSecurityState                            ./drivers/fsl_flash.o
FLASH_Init                                        ./drivers/fsl_flash.o
FLASH_IsExecuteOnly                               ./drivers/fsl_flash.o
FLASH_IsProtected                                 ./drivers/fsl_flash.o
FLASH_PflashGetPrefetchSpeculation                ./drivers/fsl_flash.o
FLASH_PflashGetProtection                         ./drivers/fsl_flash.o
FLASH_PflashSetPrefetchSpeculation                ./drivers/fsl_flash.o
                                                  ./drivers/fsl_smc.o
FLASH_PflashSetProtection                         ./drivers/fsl_flash.o
FLASH_PrepareExecuteInRamFunctions                ./drivers/fsl_flash.o
FLASH_Program                                     ./drivers/fsl_flash.o
FLASH_ProgramOnce                                 ./drivers/fsl_flash.o
FLASH_ReadOnce                                    ./drivers/fsl_flash.o
FLASH_ReadResource                                ./drivers/fsl_flash.o
FLASH_SecurityBypass                              ./drivers/fsl_flash.o
FLASH_SetCallback                                 ./drivers/fsl_flash.o
FLASH_SetProperty                                 ./drivers/fsl_flash.o
FLASH_VerifyErase                                 ./drivers/fsl_flash.o
FLASH_VerifyEraseAll                              ./drivers/fsl_flash.o
FLASH_VerifyEraseAllExecuteOnlySegments           ./drivers/fsl_flash.o
FLASH_VerifyProgram                               ./drivers/fsl_flash.o
FTFA_DriverIRQHandler                             ./startup/startup_mkl25z4.o
FTFA_IRQHandler                                   ./startup/startup_mkl25z4.o
Flash_Config                                      ./startup/startup_mkl25z4.o
GPIO_ClearPinsInterruptFlags                      ./drivers/fsl_gpio.o
GPIO_GetPinsInterruptFlags                        ./drivers/fsl_gpio.o
GPIO_PinInit                                      ./drivers/fsl_gpio.o
HardFault_Handler                                 ./source/semihost_hardfault.o
                                                  ./startup/startup_mkl25z4.o
I2C0_DriverIRQHandler                             ./drivers/fsl_i2c.o
                                                  ./startup/startup_mkl25z4.o
I2C0_IRQHandler                                   ./startup/startup_mkl25z4.o
I2C1_DriverIRQHandler                             ./drivers/fsl_i2c.o
                                                  ./startup/startup_mkl25z4.o
I2C1_IRQHandler                                   ./startup/startup_mkl25z4.o
I2C_DisableInterrupts                             ./drivers/fsl_i2c.o
I2C_EnableInterrupts                              ./drivers/fsl_i2c.o
I2C_GetInstance                                   ./drivers/fsl_i2c.o
                                                  ./drivers/fsl_i2c_dma.o
I2C_MasterDeinit                                  ./drivers/fsl_i2c.o
I2C_MasterGetDefaultConfig                        ./drivers/fsl_i2c.o
I2C_MasterGetStatusFlags                          ./drivers/fsl_i2c.o
I2C_MasterInit                                    ./drivers/fsl_i2c.o
I2C_MasterReadBlocking                            ./drivers/fsl_i2c.o
I2C_MasterRepeatedStart                           ./drivers/fsl_i2c.o
                                                  ./drivers/fsl_i2c_dma.o
I2C_MasterSetBaudRate                             ./drivers/fsl_i2c.o
I2C_MasterStart                                   ./drivers/fsl_i2c.o
                                                  ./drivers/fsl_i2c_dma.o
I2C_MasterStop                                    ./drivers/fsl_i2c.o
                                                  ./drivers/fsl_i2c_dma.o
I2C_MasterTransferAbort                           ./drivers/fsl_i2c.o
I2C_MasterTransferAbortDMA                        ./drivers/fsl_i2c_dma.o
I2C_MasterTransferBlocking                        ./drivers/fsl_i2c.o
I2C_MasterTransferCreateHandle                    ./drivers/fsl_i2c.o
I2C_MasterTransferCreateHandleDMA                 ./drivers/fsl_i2c_dma.o
I2C_MasterTransferDMA                             ./drivers/fsl_i2c_dma.o
I2C_MasterTransferGetCount                        ./drivers/fsl_i2c.o
I2C_MasterTransferGetCountDMA                     ./drivers/fsl_i2c_dma.o
I2C_MasterTransferHandleIRQ                       ./drivers/fsl_i2c.o
I2C_MasterTransferNonBlocking                     ./drivers/fsl_i2c.o
I2C_MasterWriteBlocking                           ./drivers/fsl_i2c.o
I2C_SlaveDeinit                                   ./drivers/fsl_i2c.o
I2C_SlaveGetDefaultConfig                         ./drivers/fsl_i2c.o
I2C_SlaveInit                                     ./drivers/fsl_i2c.o
I2C_SlaveReadBlocking                             ./drivers/fsl_i2c.o
I2C_SlaveTransferAbort                            ./drivers/fsl_i2c.o
I2C_SlaveTransferCreateHandle                     ./drivers/fsl_i2c.o
I2C_SlaveTransferGetCount                         ./drivers/fsl_i2c.o
I2C_SlaveTransferHandleIRQ                        ./drivers/fsl_i2c.o
I2C_SlaveTransferNonBlocking                      ./drivers/fsl_i2c.o
I2C_SlaveWriteBlocking                            ./drivers/fsl_i2c.o
InstallIRQHandler                                 ./drivers/fsl_common.o
IntDefaultHandler                                 ./startup/startup_mkl25z4.o
LLWU_DriverIRQHandler                             ./startup/startup_mkl25z4.o
LLWU_IRQHandler                                   ./startup/startup_mkl25z4.o
LPSCI_ClearStatusFlags                            ./drivers/fsl_lpsci.o
LPSCI_Deinit                                      ./drivers/fsl_lpsci.o
                                                  ./utilities/fsl_debug_console.o
LPSCI_DisableInterrupts                           ./drivers/fsl_lpsci.o
LPSCI_EnableInterrupts                            ./drivers/fsl_lpsci.o
LPSCI_GetDefaultConfig                            ./drivers/fsl_lpsci.o
                                                  ./utilities/fsl_debug_console.o
LPSCI_GetEnabledInterrupts                        ./drivers/fsl_lpsci.o
LPSCI_GetInstance                                 ./drivers/fsl_lpsci.o
                                                  ./drivers/fsl_lpsci_dma.o
LPSCI_GetStatusFlags                              ./drivers/fsl_lpsci.o
LPSCI_Init                                        ./drivers/fsl_lpsci.o
                                                  ./utilities/fsl_debug_console.o
LPSCI_ReadBlocking                                ./drivers/fsl_lpsci.o
                                                  ./utilities/fsl_debug_console.o
LPSCI_SetBaudRate                                 ./drivers/fsl_lpsci.o
LPSCI_TransferAbortReceive                        ./drivers/fsl_lpsci.o
LPSCI_TransferAbortReceiveDMA                     ./drivers/fsl_lpsci_dma.o
LPSCI_TransferAbortSend                           ./drivers/fsl_lpsci.o
LPSCI_TransferAbortSendDMA                        ./drivers/fsl_lpsci_dma.o
LPSCI_TransferCreateHandle                        ./drivers/fsl_lpsci.o
LPSCI_TransferCreateHandleDMA                     ./drivers/fsl_lpsci_dma.o
LPSCI_TransferGetReceiveCount                     ./drivers/fsl_lpsci.o
LPSCI_TransferGetReceiveCountDMA                  ./drivers/fsl_lpsci_dma.o
LPSCI_TransferGetSendCount                        ./drivers/fsl_lpsci.o
LPSCI_TransferGetSendCountDMA                     ./drivers/fsl_lpsci_dma.o
LPSCI_TransferHandleErrorIRQ                      ./drivers/fsl_lpsci.o
LPSCI_TransferHandleIRQ                           ./drivers/fsl_lpsci.o
LPSCI_TransferReceiveDMA                          ./drivers/fsl_lpsci_dma.o
LPSCI_TransferReceiveNonBlocking                  ./drivers/fsl_lpsci.o
LPSCI_TransferSendDMA                             ./drivers/fsl_lpsci_dma.o
LPSCI_TransferSendNonBlocking                     ./drivers/fsl_lpsci.o
LPSCI_TransferStartRingBuffer                     ./drivers/fsl_lpsci.o
LPSCI_TransferStopRingBuffer                      ./drivers/fsl_lpsci.o
LPSCI_WriteBlocking                               ./drivers/fsl_lpsci.o
                                                  ./utilities/fsl_debug_console.o
LPTMR0_DriverIRQHandler                           ./startup/startup_mkl25z4.o
LPTMR0_IRQHandler                                 ./startup/startup_mkl25z4.o
LVD_LVW_DriverIRQHandler                          ./startup/startup_mkl25z4.o
LVD_LVW_IRQHandler                                ./startup/startup_mkl25z4.o
MCG_DriverIRQHandler                              ./startup/startup_mkl25z4.o
MCG_IRQHandler                                    ./startup/startup_mkl25z4.o
NMI_Handler                                       ./startup/startup_mkl25z4.o
PIT_DriverIRQHandler                              ./startup/startup_mkl25z4.o
PIT_IRQHandler                                    ./startup/startup_mkl25z4.o
PORTA_DriverIRQHandler                            ./startup/startup_mkl25z4.o
PORTA_IRQHandler                                  ./startup/startup_mkl25z4.o
PORTD_DriverIRQHandler                            ./startup/startup_mkl25z4.o
PORTD_IRQHandler                                  ./startup/startup_mkl25z4.o
PendSV_Handler                                    ./startup/startup_mkl25z4.o
RTC_DriverIRQHandler                              ./startup/startup_mkl25z4.o
RTC_IRQHandler                                    ./startup/startup_mkl25z4.o
RTC_Seconds_DriverIRQHandler                      ./startup/startup_mkl25z4.o
RTC_Seconds_IRQHandler                            ./startup/startup_mkl25z4.o
Reserved20_DriverIRQHandler                       ./startup/startup_mkl25z4.o
Reserved20_IRQHandler                             ./startup/startup_mkl25z4.o
Reserved39_DriverIRQHandler                       ./startup/startup_mkl25z4.o
Reserved39_IRQHandler                             ./startup/startup_mkl25z4.o
Reserved45_DriverIRQHandler                       ./startup/startup_mkl25z4.o
Reserved45_IRQHandler                             ./startup/startup_mkl25z4.o
ResetISR                                          ./startup/startup_mkl25z4.o
SMC_PostExitStopModes                             ./drivers/fsl_smc.o
SMC_PreEnterStopModes                             ./drivers/fsl_smc.o
SMC_SetPowerModeLls                               ./drivers/fsl_smc.o
SMC_SetPowerModeRun                               ./drivers/fsl_smc.o
SMC_SetPowerModeStop                              ./drivers/fsl_smc.o
SMC_SetPowerModeVlls                              ./drivers/fsl_smc.o
SMC_SetPowerModeVlpr                              ./drivers/fsl_smc.o
                                                  ./board/clock_config.o
SMC_SetPowerModeVlps                              ./drivers/fsl_smc.o
SMC_SetPowerModeVlpw                              ./drivers/fsl_smc.o
SMC_SetPowerModeWait                              ./drivers/fsl_smc.o
SPI0_DriverIRQHandler                             ./startup/startup_mkl25z4.o
SPI0_IRQHandler                                   ./startup/startup_mkl25z4.o
SPI1_DriverIRQHandler                             ./startup/startup_mkl25z4.o
SPI1_IRQHandler                                   ./startup/startup_mkl25z4.o
SVC_Handler                                       ./startup/startup_mkl25z4.o
SysTick_Handler                                   ./startup/startup_mkl25z4.o
SystemCoreClock                                   ./CMSIS/system_MKL25Z4.o
                                                  ./board/clock_config.o
SystemCoreClockUpdate                             ./CMSIS/system_MKL25Z4.o
SystemInit                                        ./CMSIS/system_MKL25Z4.o
                                                  ./startup/startup_mkl25z4.o
TPM0_DriverIRQHandler                             ./startup/startup_mkl25z4.o
TPM0_IRQHandler                                   ./startup/startup_mkl25z4.o
TPM1_DriverIRQHandler                             ./startup/startup_mkl25z4.o
TPM1_IRQHandler                                   ./startup/startup_mkl25z4.o
TPM2_DriverIRQHandler                             ./startup/startup_mkl25z4.o
TPM2_IRQHandler                                   ./startup/startup_mkl25z4.o
TSI0_DriverIRQHandler                             ./startup/startup_mkl25z4.o
TSI0_IRQHandler                                   ./startup/startup_mkl25z4.o
UART0_DriverIRQHandler                            ./drivers/fsl_lpsci.o
                                                  ./startup/startup_mkl25z4.o
UART0_IRQHandler                                  ./startup/startup_mkl25z4.o
UART1_DriverIRQHandler                            ./drivers/fsl_uart.o
                                                  ./startup/startup_mkl25z4.o
UART1_IRQHandler                                  ./startup/startup_mkl25z4.o
UART1_RX_TX_DriverIRQHandler                      ./drivers/fsl_uart.o
UART2_DriverIRQHandler                            ./drivers/fsl_uart.o
                                                  ./startup/startup_mkl25z4.o
UART2_IRQHandler                                  ./startup/startup_mkl25z4.o
UART2_RX_TX_DriverIRQHandler                      ./drivers/fsl_uart.o
UART_ClearStatusFlags                             ./drivers/fsl_uart.o
UART_Deinit                                       ./drivers/fsl_uart.o
                                                  ./utilities/fsl_debug_console.o
UART_DisableInterrupts                            ./drivers/fsl_uart.o
UART_EnableInterrupts                             ./drivers/fsl_uart.o
UART_GetDefaultConfig                             ./drivers/fsl_uart.o
                                                  ./utilities/fsl_debug_console.o
UART_GetEnabledInterrupts                         ./drivers/fsl_uart.o
UART_GetInstance                                  ./drivers/fsl_uart.o
                                                  ./drivers/fsl_uart_dma.o
UART_GetStatusFlags                               ./drivers/fsl_uart.o
UART_Init                                         ./drivers/fsl_uart.o
                                                  ./utilities/fsl_debug_console.o
UART_ReadBlocking                                 ./drivers/fsl_uart.o
                                                  ./utilities/fsl_debug_console.o
UART_SetBaudRate                                  ./drivers/fsl_uart.o
UART_TransferAbortReceive                         ./drivers/fsl_uart.o
UART_TransferAbortReceiveDMA                      ./drivers/fsl_uart_dma.o
UART_TransferAbortSend                            ./drivers/fsl_uart.o
UART_TransferAbortSendDMA                         ./drivers/fsl_uart_dma.o
UART_TransferCreateHandle                         ./drivers/fsl_uart.o
UART_TransferCreateHandleDMA                      ./drivers/fsl_uart_dma.o
UART_TransferGetReceiveCount                      ./drivers/fsl_uart.o
UART_TransferGetReceiveCountDMA                   ./drivers/fsl_uart_dma.o
UART_TransferGetSendCount                         ./drivers/fsl_uart.o
UART_TransferGetSendCountDMA                      ./drivers/fsl_uart_dma.o
UART_TransferHandleErrorIRQ                       ./drivers/fsl_uart.o
UART_TransferHandleIRQ                            ./drivers/fsl_uart.o
UART_TransferReceiveDMA                           ./drivers/fsl_uart_dma.o
UART_TransferReceiveNonBlocking                   ./drivers/fsl_uart.o
UART_TransferSendDMA                              ./drivers/fsl_uart_dma.o
UART_TransferSendNonBlocking                      ./drivers/fsl_uart.o
UART_TransferStartRingBuffer                      ./drivers/fsl_uart.o
UART_TransferStopRingBuffer                       ./drivers/fsl_uart.o
UART_WriteBlocking                                ./drivers/fsl_uart.o
                                                  ./utilities/fsl_debug_console.o
USB0_DriverIRQHandler                             ./startup/startup_mkl25z4.o
USB0_IRQHandler                                   ./startup/startup_mkl25z4.o
_Csys_alloc                                       /Applications/MCUXpressoIDE_11.0.1_2563/ide/plugins/com.nxp.mcuxpresso.tools.macosx_11.0.1.201907311258/tools/bin/../lib/gcc/arm-none-eabi/8.2.1/../../../../arm-none-eabi/lib/thumb/v6-m/nofp/libcr_c.a(alloc.o)
                                                  /Applications/MCUXpressoIDE_11.0.1_2563/ide/plugins/com.nxp.mcuxpresso.tools.macosx_11.0.1.201907311258/tools/bin/../lib/gcc/arm-none-eabi/8.2.1/../../../../arm-none-eabi/lib/thumb/v6-m/nofp/libcr_c.a(_deferredlazyseek.o)
_Cwritebuf                                        /Applications/MCUXpressoIDE_11.0.1_2563/ide/plugins/com.nxp.mcuxpresso.tools.macosx_11.0.1.201907311258/tools/bin/../lib/gcc/arm-none-eabi/8.2.1/../../../../arm-none-eabi/lib/thumb/v6-m/nofp/libcr_c.a(_writebuf.o)
                                                  /Applications/MCUXpressoIDE_11.0.1_2563/ide/plugins/com.nxp.mcuxpresso.tools.macosx_11.0.1.201907311258/tools/bin/../lib/gcc/arm-none-eabi/8.2.1/../../../../arm-none-eabi/lib/thumb/v6-m/nofp/libcr_c.a(_fflush.o)
                                                  /Applications/MCUXpressoIDE_11.0.1_2563/ide/plugins/com.nxp.mcuxpresso.tools.macosx_11.0.1.201907311258/tools/bin/../lib/gcc/arm-none-eabi/8.2.1/../../../../arm-none-eabi/lib/thumb/v6-m/nofp/libcr_c.a(_deferredlazyseek.o)
__CR_SEMIHOST                                     /Applications/MCUXpressoIDE_11.0.1_2563/ide/plugins/com.nxp.mcuxpresso.tools.macosx_11.0.1.201907311258/tools/bin/../lib/gcc/arm-none-eabi/8.2.1/../../../../arm-none-eabi/lib/thumb/v6-m/nofp/libcr_semihost_nf.a(_cr__main.o)
__Ciob                                            /Applications/MCUXpressoIDE_11.0.1_2563/ide/plugins/com.nxp.mcuxpresso.tools.macosx_11.0.1.201907311258/tools/bin/../lib/gcc/arm-none-eabi/8.2.1/../../../../arm-none-eabi/lib/thumb/v6-m/nofp/libcr_semihost_nf.a(__ciob.o)
                                                  /Applications/MCUXpressoIDE_11.0.1_2563/ide/plugins/com.nxp.mcuxpresso.tools.macosx_11.0.1.201907311258/tools/bin/../lib/gcc/arm-none-eabi/8.2.1/../../../../arm-none-eabi/lib/thumb/v6-m/nofp/libcr_c.a(fflush.o)
                                                  /Applications/MCUXpressoIDE_11.0.1_2563/ide/plugins/com.nxp.mcuxpresso.tools.macosx_11.0.1.201907311258/tools/bin/../lib/gcc/arm-none-eabi/8.2.1/../../../../arm-none-eabi/lib/thumb/v6-m/nofp/libcr_c.a(printf.o)
                                                  /Applications/MCUXpressoIDE_11.0.1_2563/ide/plugins/com.nxp.mcuxpresso.tools.macosx_11.0.1.201907311258/tools/bin/../lib/gcc/arm-none-eabi/8.2.1/../../../../arm-none-eabi/lib/thumb/v6-m/nofp/libcr_c.a(initio.o)
__RAM_VECTOR_TABLE_SIZE_BYTES                     ./drivers/fsl_common.o
__VECTOR_RAM                                      ./drivers/fsl_common.o
__VECTOR_TABLE                                    ./drivers/fsl_common.o
__Vectors                                         ./startup/startup_mkl25z4.o
__aeabi_idiv                                      /Applications/MCUXpressoIDE_11.0.1_2563/ide/plugins/com.nxp.mcuxpresso.tools.macosx_11.0.1.201907311258/tools/bin/../lib/gcc/arm-none-eabi/8.2.1/thumb/v6-m/nofp/libcr_eabihelpers.a(division_32.o)
                                                  ./CMSIS/system_MKL25Z4.o
                                                  ./drivers/fsl_clock.o
                                                  ./utilities/fsl_debug_console.o
__aeabi_idiv0                                     /Applications/MCUXpressoIDE_11.0.1_2563/ide/plugins/com.nxp.mcuxpresso.tools.macosx_11.0.1.201907311258/tools/bin/../lib/gcc/arm-none-eabi/8.2.1/thumb/v6-m/nofp/libcr_eabihelpers.a(division_idiv0.o)
                                                  /Applications/MCUXpressoIDE_11.0.1_2563/ide/plugins/com.nxp.mcuxpresso.tools.macosx_11.0.1.201907311258/tools/bin/../lib/gcc/arm-none-eabi/8.2.1/thumb/v6-m/nofp/libcr_eabihelpers.a(division_32.o)
__aeabi_idivmod                                   /Applications/MCUXpressoIDE_11.0.1_2563/ide/plugins/com.nxp.mcuxpresso.tools.macosx_11.0.1.201907311258/tools/bin/../lib/gcc/arm-none-eabi/8.2.1/thumb/v6-m/nofp/libcr_eabihelpers.a(division_32.o)
                                                  ./utilities/fsl_debug_console.o
__aeabi_lasr                                      /Applications/MCUXpressoIDE_11.0.1_2563/ide/plugins/com.nxp.mcuxpresso.tools.macosx_11.0.1.201907311258/tools/bin/../lib/gcc/arm-none-eabi/8.2.1/thumb/v6-m/nofp/libcr_eabihelpers.a(llong.o)
__aeabi_lcmp                                      /Applications/MCUXpressoIDE_11.0.1_2563/ide/plugins/com.nxp.mcuxpresso.tools.macosx_11.0.1.201907311258/tools/bin/../lib/gcc/arm-none-eabi/8.2.1/thumb/v6-m/nofp/libcr_eabihelpers.a(llong.o)
__aeabi_llsl                                      /Applications/MCUXpressoIDE_11.0.1_2563/ide/plugins/com.nxp.mcuxpresso.tools.macosx_11.0.1.201907311258/tools/bin/../lib/gcc/arm-none-eabi/8.2.1/thumb/v6-m/nofp/libcr_eabihelpers.a(llong.o)
__aeabi_llsr                                      /Applications/MCUXpressoIDE_11.0.1_2563/ide/plugins/com.nxp.mcuxpresso.tools.macosx_11.0.1.201907311258/tools/bin/../lib/gcc/arm-none-eabi/8.2.1/thumb/v6-m/nofp/libcr_eabihelpers.a(llong.o)
__aeabi_lmul                                      /Applications/MCUXpressoIDE_11.0.1_2563/ide/plugins/com.nxp.mcuxpresso.tools.macosx_11.0.1.201907311258/tools/bin/../lib/gcc/arm-none-eabi/8.2.1/thumb/v6-m/nofp/libcr_eabihelpers.a(llong.o)
                                                  /Applications/MCUXpressoIDE_11.0.1_2563/ide/plugins/com.nxp.mcuxpresso.tools.macosx_11.0.1.201907311258/tools/bin/../lib/gcc/arm-none-eabi/8.2.1/../../../../arm-none-eabi/lib/thumb/v6-m/nofp/libcr_c.a(printf.o)
__aeabi_lowlevel_memset                           /Applications/MCUXpressoIDE_11.0.1_2563/ide/plugins/com.nxp.mcuxpresso.tools.macosx_11.0.1.201907311258/tools/bin/../lib/gcc/arm-none-eabi/8.2.1/thumb/v6-m/nofp/libcr_eabihelpers.a(memcpy.o)
                                                  /Applications/MCUXpressoIDE_11.0.1_2563/ide/plugins/com.nxp.mcuxpresso.tools.macosx_11.0.1.201907311258/tools/bin/../lib/gcc/arm-none-eabi/8.2.1/../../../../arm-none-eabi/lib/thumb/v6-m/nofp/libcr_c.a(memset.o)
__aeabi_memclr                                    /Applications/MCUXpressoIDE_11.0.1_2563/ide/plugins/com.nxp.mcuxpresso.tools.macosx_11.0.1.201907311258/tools/bin/../lib/gcc/arm-none-eabi/8.2.1/thumb/v6-m/nofp/libcr_eabihelpers.a(memcpy.o)
__aeabi_memclr4                                   /Applications/MCUXpressoIDE_11.0.1_2563/ide/plugins/com.nxp.mcuxpresso.tools.macosx_11.0.1.201907311258/tools/bin/../lib/gcc/arm-none-eabi/8.2.1/thumb/v6-m/nofp/libcr_eabihelpers.a(memcpy.o)
__aeabi_memclr8                                   /Applications/MCUXpressoIDE_11.0.1_2563/ide/plugins/com.nxp.mcuxpresso.tools.macosx_11.0.1.201907311258/tools/bin/../lib/gcc/arm-none-eabi/8.2.1/thumb/v6-m/nofp/libcr_eabihelpers.a(memcpy.o)
__aeabi_memcpy                                    /Applications/MCUXpressoIDE_11.0.1_2563/ide/plugins/com.nxp.mcuxpresso.tools.macosx_11.0.1.201907311258/tools/bin/../lib/gcc/arm-none-eabi/8.2.1/thumb/v6-m/nofp/libcr_eabihelpers.a(memcpy.o)
                                                  /Applications/MCUXpressoIDE_11.0.1_2563/ide/plugins/com.nxp.mcuxpresso.tools.macosx_11.0.1.201907311258/tools/bin/../lib/gcc/arm-none-eabi/8.2.1/../../../../arm-none-eabi/lib/thumb/v6-m/nofp/libcr_c.a(memcpy.o)
__aeabi_memcpy4                                   /Applications/MCUXpressoIDE_11.0.1_2563/ide/plugins/com.nxp.mcuxpresso.tools.macosx_11.0.1.201907311258/tools/bin/../lib/gcc/arm-none-eabi/8.2.1/thumb/v6-m/nofp/libcr_eabihelpers.a(memcpy.o)
__aeabi_memcpy8                                   /Applications/MCUXpressoIDE_11.0.1_2563/ide/plugins/com.nxp.mcuxpresso.tools.macosx_11.0.1.201907311258/tools/bin/../lib/gcc/arm-none-eabi/8.2.1/thumb/v6-m/nofp/libcr_eabihelpers.a(memcpy.o)
__aeabi_memmove                                   /Applications/MCUXpressoIDE_11.0.1_2563/ide/plugins/com.nxp.mcuxpresso.tools.macosx_11.0.1.201907311258/tools/bin/../lib/gcc/arm-none-eabi/8.2.1/thumb/v6-m/nofp/libcr_eabihelpers.a(memcpy.o)
__aeabi_memmove4                                  /Applications/MCUXpressoIDE_11.0.1_2563/ide/plugins/com.nxp.mcuxpresso.tools.macosx_11.0.1.201907311258/tools/bin/../lib/gcc/arm-none-eabi/8.2.1/thumb/v6-m/nofp/libcr_eabihelpers.a(memcpy.o)
__aeabi_memmove8                                  /Applications/MCUXpressoIDE_11.0.1_2563/ide/plugins/com.nxp.mcuxpresso.tools.macosx_11.0.1.201907311258/tools/bin/../lib/gcc/arm-none-eabi/8.2.1/thumb/v6-m/nofp/libcr_eabihelpers.a(memcpy.o)
__aeabi_memset                                    /Applications/MCUXpressoIDE_11.0.1_2563/ide/plugins/com.nxp.mcuxpresso.tools.macosx_11.0.1.201907311258/tools/bin/../lib/gcc/arm-none-eabi/8.2.1/thumb/v6-m/nofp/libcr_eabihelpers.a(memcpy.o)
__aeabi_memset4                                   /Applications/MCUXpressoIDE_11.0.1_2563/ide/plugins/com.nxp.mcuxpresso.tools.macosx_11.0.1.201907311258/tools/bin/../lib/gcc/arm-none-eabi/8.2.1/thumb/v6-m/nofp/libcr_eabihelpers.a(memcpy.o)
__aeabi_memset8                                   /Applications/MCUXpressoIDE_11.0.1_2563/ide/plugins/com.nxp.mcuxpresso.tools.macosx_11.0.1.201907311258/tools/bin/../lib/gcc/arm-none-eabi/8.2.1/thumb/v6-m/nofp/libcr_eabihelpers.a(memcpy.o)
__aeabi_uidiv                                     /Applications/MCUXpressoIDE_11.0.1_2563/ide/plugins/com.nxp.mcuxpresso.tools.macosx_11.0.1.201907311258/tools/bin/../lib/gcc/arm-none-eabi/8.2.1/thumb/v6-m/nofp/libcr_eabihelpers.a(division_32.o)
                                                  ./CMSIS/system_MKL25Z4.o
                                                  ./drivers/fsl_uart.o
                                                  ./drivers/fsl_lpsci.o
                                                  ./drivers/fsl_i2c.o
                                                  ./drivers/fsl_flash.o
                                                  ./drivers/fsl_clock.o
__aeabi_uidivmod                                  /Applications/MCUXpressoIDE_11.0.1_2563/ide/plugins/com.nxp.mcuxpresso.tools.macosx_11.0.1.201907311258/tools/bin/../lib/gcc/arm-none-eabi/8.2.1/thumb/v6-m/nofp/libcr_eabihelpers.a(division_32.o)
                                                  ./drivers/fsl_flash.o
                                                  ./utilities/fsl_debug_console.o
__aeabi_ulcmp                                     /Applications/MCUXpressoIDE_11.0.1_2563/ide/plugins/com.nxp.mcuxpresso.tools.macosx_11.0.1.201907311258/tools/bin/../lib/gcc/arm-none-eabi/8.2.1/thumb/v6-m/nofp/libcr_eabihelpers.a(llong.o)
__bss_section_table_end                           ./startup/startup_mkl25z4.o
__check_heap_overflow                             /Applications/MCUXpressoIDE_11.0.1_2563/ide/plugins/com.nxp.mcuxpresso.tools.macosx_11.0.1.201907311258/tools/bin/../lib/gcc/arm-none-eabi/8.2.1/../../../../arm-none-eabi/lib/thumb/v6-m/nofp/libcr_c.a(_cr_check_heap.o)
                                                  /Applications/MCUXpressoIDE_11.0.1_2563/ide/plugins/com.nxp.mcuxpresso.tools.macosx_11.0.1.201907311258/tools/bin/../lib/gcc/arm-none-eabi/8.2.1/../../../../arm-none-eabi/lib/thumb/v6-m/nofp/libcr_c.a(_cr_sbrk.o)
__data_section_table                              ./startup/startup_mkl25z4.o
__data_section_table_end                          ./startup/startup_mkl25z4.o
__end_of_heap                                     /Applications/MCUXpressoIDE_11.0.1_2563/ide/plugins/com.nxp.mcuxpresso.tools.macosx_11.0.1.201907311258/tools/bin/../lib/gcc/arm-none-eabi/8.2.1/../../../../arm-none-eabi/lib/thumb/v6-m/nofp/libcr_c.a(__init_alloc.o)