core_cm0plus.h:745:22:NVIC_EnableIRQ	16	static
core_cm0plus.h:756:22:NVIC_DisableIRQ	16	static
core_cm0plus.h:791:22:NVIC_ClearPendingIRQ	16	static
core_cm0plus.h:804:22:NVIC_SetPriority	24	static
uart.c:31:6:uart_init	32	static
uart.c:108:6:uart_putchar_space_available	8	static
uart.c:114:6:uart_getchar_present	8	static
uart.c:120:6:uart_putchar	16	static
uart.c:130:6:uart_getchar	16	static
uart.c:144:6:uart_put_string	16	static
uart.c:151:6:uart_echo	16	static
uart.c:176:6:UART0_IRQHandler	16	static
